Archive member included because of file (symbol)

C:\Users\postt\AppData\Local\Temp\VMBuilds\AgvStation_oop\stm32duino_genericSTM32F103C\Debug\core.a(exc.S.o)
                              (__exc_nmi)
C:\Users\postt\AppData\Local\Temp\VMBuilds\AgvStation_oop\stm32duino_genericSTM32F103C\Debug\core.a(isrs.S.o)
                              (__stm32reservedexception7)
C:\Users\postt\AppData\Local\Temp\VMBuilds\AgvStation_oop\stm32duino_genericSTM32F103C\Debug\core.a(vector_table.S.o)
                              (__stm32_vector_table)
C:\Users\postt\AppData\Local\Temp\VMBuilds\AgvStation_oop\stm32duino_genericSTM32F103C\Debug\core.a(adc.c.o)
                              C:\Users\postt\AppData\Local\Temp\VMBCore\arduino16x\47a7ac06b9f899a5dc61b3ffb9ff72f0\variant\boards.cpp.o (adc_set_sample_rate)
C:\Users\postt\AppData\Local\Temp\VMBuilds\AgvStation_oop\stm32duino_genericSTM32F103C\Debug\core.a(adc_f1.c.o)
                              (__irq_adc)
C:\Users\postt\AppData\Local\Temp\VMBuilds\AgvStation_oop\stm32duino_genericSTM32F103C\Debug\core.a(dma.c.o)
                              SPI\SPI.cpp.o (dma_init)
C:\Users\postt\AppData\Local\Temp\VMBuilds\AgvStation_oop\stm32duino_genericSTM32F103C\Debug\core.a(dma_f1.c.o)
                              SPI\SPI.cpp.o (dma_set_priority)
C:\Users\postt\AppData\Local\Temp\VMBuilds\AgvStation_oop\stm32duino_genericSTM32F103C\Debug\core.a(exti.c.o)
                              (__irq_exti0)
C:\Users\postt\AppData\Local\Temp\VMBuilds\AgvStation_oop\stm32duino_genericSTM32F103C\Debug\core.a(exti_f1.c.o)
                              C:\Users\postt\AppData\Local\Temp\VMBuilds\AgvStation_oop\stm32duino_genericSTM32F103C\Debug\core.a(exti.c.o) (exti_select)
C:\Users\postt\AppData\Local\Temp\VMBuilds\AgvStation_oop\stm32duino_genericSTM32F103C\Debug\core.a(flash.c.o)
                              C:\Users\postt\AppData\Local\Temp\VMBCore\arduino16x\47a7ac06b9f899a5dc61b3ffb9ff72f0\variant\boards.cpp.o (flash_set_latency)
C:\Users\postt\AppData\Local\Temp\VMBuilds\AgvStation_oop\stm32duino_genericSTM32F103C\Debug\core.a(gpio_f1.c.o)
                              C:\Users\postt\AppData\Local\Temp\VMBCore\arduino16x\47a7ac06b9f899a5dc61b3ffb9ff72f0\variant\boards_setup.cpp.o (gpio_init_all)
C:\Users\postt\AppData\Local\Temp\VMBuilds\AgvStation_oop\stm32duino_genericSTM32F103C\Debug\core.a(i2c.c.o)
                              Wire\Wire.cpp.o (i2c_master_xfer)
C:\Users\postt\AppData\Local\Temp\VMBuilds\AgvStation_oop\stm32duino_genericSTM32F103C\Debug\core.a(i2c_f1.c.o)
                              C:\Users\postt\AppData\Local\Temp\VMBuilds\AgvStation_oop\stm32duino_genericSTM32F103C\Debug\core.a(i2c.c.o) (i2c_config_gpios)
C:\Users\postt\AppData\Local\Temp\VMBuilds\AgvStation_oop\stm32duino_genericSTM32F103C\Debug\core.a(iwdg.c.o)
                              AgvStation_oop.cpp.o (iwdg_init)
C:\Users\postt\AppData\Local\Temp\VMBuilds\AgvStation_oop\stm32duino_genericSTM32F103C\Debug\core.a(nvic.c.o)
                              C:\Users\postt\AppData\Local\Temp\VMBuilds\AgvStation_oop\stm32duino_genericSTM32F103C\Debug\core.a(i2c_f1.c.o) (nvic_irq_set_priority)
C:\Users\postt\AppData\Local\Temp\VMBuilds\AgvStation_oop\stm32duino_genericSTM32F103C\Debug\core.a(rcc.c.o)
                              SPI\SPI.cpp.o (rcc_dev_clk)
C:\Users\postt\AppData\Local\Temp\VMBuilds\AgvStation_oop\stm32duino_genericSTM32F103C\Debug\core.a(rcc_f1.c.o)
                              C:\Users\postt\AppData\Local\Temp\VMBCore\arduino16x\47a7ac06b9f899a5dc61b3ffb9ff72f0\variant\boards.cpp.o (rcc_configure_pll)
C:\Users\postt\AppData\Local\Temp\VMBuilds\AgvStation_oop\stm32duino_genericSTM32F103C\Debug\core.a(spi.c.o)
                              SPI\SPI.cpp.o (spi_init)
C:\Users\postt\AppData\Local\Temp\VMBuilds\AgvStation_oop\stm32duino_genericSTM32F103C\Debug\core.a(spi_f1.c.o)
                              SPI\SPI.cpp.o (spi_config_gpios)
C:\Users\postt\AppData\Local\Temp\VMBuilds\AgvStation_oop\stm32duino_genericSTM32F103C\Debug\core.a(systick.c.o)
                              C:\Users\postt\AppData\Local\Temp\VMBCore\arduino16x\47a7ac06b9f899a5dc61b3ffb9ff72f0\variant\boards.cpp.o (systick_init)
C:\Users\postt\AppData\Local\Temp\VMBuilds\AgvStation_oop\stm32duino_genericSTM32F103C\Debug\core.a(timer.c.o)
                              C:\Users\postt\AppData\Local\Temp\VMBCore\arduino16x\47a7ac06b9f899a5dc61b3ffb9ff72f0\variant\boards.cpp.o (timer_foreach)
C:\Users\postt\AppData\Local\Temp\VMBuilds\AgvStation_oop\stm32duino_genericSTM32F103C\Debug\core.a(usart_f1.c.o)
                              (__irq_usart1)
C:\Users\postt\AppData\Local\Temp\VMBuilds\AgvStation_oop\stm32duino_genericSTM32F103C\Debug\core.a(usart_private.c.o)
                              C:\Users\postt\AppData\Local\Temp\VMBuilds\AgvStation_oop\stm32duino_genericSTM32F103C\Debug\core.a(usart_f1.c.o) (_usart_clock_freq)
[...]
Memory Configuration

Name             Origin             Length             Attributes
ram              0x20000000         0x00005000         xrw
rom              0x08002000         0x0001e000         xr
*default*        0x00000000         0xffffffff

Linker script and memory map

LOAD c:/users/postt/appdata/local/arduino15/packages/arduino/tools/arm-none-eabi-gcc/4.8.3-2014q1/bin/../lib/gcc/arm-none-eabi/4.8.3/armv7-m/crti.o
LOAD c:/users/postt/appdata/local/arduino15/packages/arduino/tools/arm-none-eabi-gcc/4.8.3-2014q1/bin/../lib/gcc/arm-none-eabi/4.8.3/armv7-m/crtbegin.o
LOAD c:/users/postt/appdata/local/arduino15/packages/arduino/tools/arm-none-eabi-gcc/4.8.3-2014q1/bin/../lib/gcc/arm-none-eabi/4.8.3/../../../../arm-none-eabi/lib/armv7-m/crt0.o
LOAD c:/users/postt/appdata/local/arduino15/packages/arduino/tools/arm-none-eabi-gcc/4.8.3-2014q1/bin/../lib/gcc/arm-none-eabi/4.8.3/armv7-m\libgcc.a
START GROUP
LOAD AgvStation_oop.cpp.o
LOAD testClass.cpp.o
LOAD LiquidCrystal\LiquidCrystal.cpp.o
LOAD SPI\SPI.cpp.o
LOAD Wire\SoftWire.cpp.o
LOAD Wire\Wire.cpp.o
LOAD Wire\utility\WireBase.cpp.o
LOAD Adafruit_GFX_Library\glcdfont.c.o
LOAD Adafruit_GFX_Library\Adafruit_GFX.cpp.o
LOAD Adafruit_GFX_Library\Adafruit_SPITFT.cpp.o
LOAD Adafruit_SSD1306\Adafruit_SSD1306_STM32.cpp.o
LOAD VM_DBG\VM_DBG.cpp.o
LOAD VM_DBG\VM_mem_check_sam.cpp.o
LOAD C:\Users\postt\AppData\Local\Temp\VMBCore\arduino16x\47a7ac06b9f899a5dc61b3ffb9ff72f0\variant\board.cpp.o
LOAD C:\Users\postt\AppData\Local\Temp\VMBCore\arduino16x\47a7ac06b9f899a5dc61b3ffb9ff72f0\variant\boards.cpp.o
LOAD C:\Users\postt\AppData\Local\Temp\VMBCore\arduino16x\47a7ac06b9f899a5dc61b3ffb9ff72f0\variant\boards_setup.cpp.o
LOAD C:\Users\postt\AppData\Local\Temp\VMBCore\arduino16x\47a7ac06b9f899a5dc61b3ffb9ff72f0\variant\start.S.o
LOAD C:\Users\postt\AppData\Local\Temp\VMBCore\arduino16x\47a7ac06b9f899a5dc61b3ffb9ff72f0\variant\start_c.c.o
LOAD C:\Users\postt\AppData\Local\Temp\VMBCore\arduino16x\47a7ac06b9f899a5dc61b3ffb9ff72f0\variant\syscalls.c.o
LOAD C:\Users\postt\AppData\Local\Temp\VMBuilds\AgvStation_oop\stm32duino_genericSTM32F103C\Debug\core.a
END GROUP
LOAD c:/users/postt/appdata/local/arduino15/packages/arduino/tools/arm-none-eabi-gcc/4.8.3-2014q1/bin/../lib/gcc/arm-none-eabi/4.8.3/../../../../arm-none-eabi/lib/armv7-m\libstdc++.a
LOAD c:/users/postt/appdata/local/arduino15/packages/arduino/tools/arm-none-eabi-gcc/4.8.3-2014q1/bin/../lib/gcc/arm-none-eabi/4.8.3/../../../../arm-none-eabi/lib/armv7-m\libm.a
START GROUP
LOAD c:/users/postt/appdata/local/arduino15/packages/arduino/tools/arm-none-eabi-gcc/4.8.3-2014q1/bin/../lib/gcc/arm-none-eabi/4.8.3/armv7-m\libgcc.a
LOAD c:/users/postt/appdata/local/arduino15/packages/arduino/tools/arm-none-eabi-gcc/4.8.3-2014q1/bin/../lib/gcc/arm-none-eabi/4.8.3/../../../../arm-none-eabi/lib/armv7-m\libc.a
END GROUP
LOAD c:/users/postt/appdata/local/arduino15/packages/arduino/tools/arm-none-eabi-gcc/4.8.3-2014q1/bin/../lib/gcc/arm-none-eabi/4.8.3/armv7-m/crtend.o
LOAD c:/users/postt/appdata/local/arduino15/packages/arduino/tools/arm-none-eabi-gcc/4.8.3-2014q1/bin/../lib/gcc/arm-none-eabi/4.8.3/armv7-m/crtn.o
START GROUP
LOAD c:/users/postt/appdata/local/arduino15/packages/arduino/tools/arm-none-eabi-gcc/4.8.3-2014q1/bin/../lib/gcc/arm-none-eabi/4.8.3/armv7-m\libgcc.a
LOAD c:/users/postt/appdata/local/arduino15/packages/arduino/tools/arm-none-eabi-gcc/4.8.3-2014q1/bin/../lib/gcc/arm-none-eabi/4.8.3/../../../../arm-none-eabi/lib/armv7-m\libc.a
LOAD c:/users/postt/appdata/local/arduino15/packages/arduino/tools/arm-none-eabi-gcc/4.8.3-2014q1/bin/../lib/gcc/arm-none-eabi/4.8.3/../../../../arm-none-eabi/lib/armv7-m\libm.a
END GROUP
START GROUP
LOAD c:/users/postt/appdata/local/arduino15/packages/arduino/tools/arm-none-eabi-gcc/4.8.3-2014q1/bin/../lib/gcc/arm-none-eabi/4.8.3/../../../../arm-none-eabi/lib/armv7-m\libnosys.a
END GROUP
                0x20005000                PROVIDE (__msp_init, (ORIGIN (ram) + 0x5000))
                0x08004f38                PROVIDE (__exc_reset, __start__)

.text           0x08002000     0x7b58
                0x08002000                __text_start__ = .
 *(.stm32.interrupt_vector)
 .stm32.interrupt_vector
                0x08002000       0xec C:\Users\postt\AppData\Local\Temp\VMBuilds\AgvStation_oop\stm32duino_genericSTM32F103C\Debug\core.a(vector_table.S.o)
                0x08002000                __stm32_vector_table
 *(.text .text.* .gnu.linkonce.t.*)
 .text          0x080020ec       0x54 c:/users/postt/appdata/local/arduino15/packages/arduino/tools/arm-none-eabi-gcc/4.8.3-2014q1/bin/../lib/gcc/arm-none-eabi/4.8.3/armv7-m/crtbegin.o
 .text._Z8buzzInitv
                0x08002140       0x16 AgvStation_oop.cpp.o
                0x08002140                buzzInit()
 *fill*         0x08002156        0x2 
 .text._Z13dpShowWelcomev
                0x08002158       0x64 AgvStation_oop.cpp.o
                0x08002158                dpShowWelcome()
 .text._Z11dpShowTitlev
                0x080021bc       0x64 AgvStation_oop.cpp.o
                0x080021bc                dpShowTitle()
 .text._Z11dpShowReadyv
                0x08002220       0x60 AgvStation_oop.cpp.o
                0x08002220                dpShowReady()
 .text._Z11dpShowQueuev
                0x08002280       0xc4 AgvStation_oop.cpp.o
                0x08002280                dpShowQueue()
 .text._Z9dpRefreshii
                0x08002344       0x4c AgvStation_oop.cpp.o
                0x08002344                dpRefresh(int, int)
 .text._Z6swInitv
                0x08002390       0x3e AgvStation_oop.cpp.o
                0x08002390                swInit()
 *fill*         0x080023ce        0x2 
 .text._Z12resetProcessv
                0x080023d0       0x7c AgvStation_oop.cpp.o
                0x080023d0                resetProcess()
 .text._Z13rxDataProcessv
                0x0800244c      0x33c AgvStation_oop.cpp.o
                0x0800244c                rxDataProcess()
 .text._Z8swActionv
                0x08002788      0x524 AgvStation_oop.cpp.o
                0x08002788                swAction()
 .text._Z4loopv
                0x08002cac      0x130 AgvStation_oop.cpp.o
                0x08002cac                loop()
 .text.startup._GLOBAL__sub_I___VisualMicro_DEBUG_1_HITCOUNTER__
                0x08002ddc       0x98 AgvStation_oop.cpp.o
 .text.exit._GLOBAL__sub_D___VisualMicro_DEBUG_1_HITCOUNTER__
                0x08002e74       0xa8 AgvStation_oop.cpp.o
 .text._Z6dpInitv
                0x08002f1c       0x2c AgvStation_oop.cpp.o
                0x08002f1c                dpInit()
 .text._Z5setupv
                0x08002f48       0xa0 AgvStation_oop.cpp.o
                0x08002f48                setup()
 .text._ZN4hc1211genCheckSumE6String
                0x08002fe8       0x26 testClass.cpp.o
                0x08002fe8                hc12::genCheckSum(String)
 *fill*         0x0800300e        0x2 
 .text._ZN4hc1210genPackageE6StringS0_S0_S0_
                0x08003010       0xe0 testClass.cpp.o
                0x08003010                hc12::genPackage(String, String, String, String)
 .text._ZN4hc128checkSumE6String
                0x080030f0      0x128 testClass.cpp.o
                0x080030f0                hc12::checkSum(String)
 .text._ZN4hc1211extractDataE6String
                0x08003218       0x90 testClass.cpp.o
                0x08003218                hc12::extractData(String)
 .text._ZN4hc122toEv
                0x080032a8        0xe testClass.cpp.o
                0x080032a8                hc12::to()
 .text._ZN4hc124fromEv
                0x080032b6        0xe testClass.cpp.o
                0x080032b6                hc12::from()
 .text._ZN4hc127commandEv
                0x080032c4        0xe testClass.cpp.o
                0x080032c4                hc12::command()
 .text._ZN4hc124dataEv
                0x080032d2        0xe testClass.cpp.o
                0x080032d2                hc12::data()
 .text._ZN4hc1213printMessListEv
                0x080032e0       0xa4 testClass.cpp.o
                0x080032e0                hc12::printMessList()
 .text._ZN4hc1210addProcessE6String
                0x08003384       0x64 testClass.cpp.o
                0x08003384                hc12::addProcess(String)
 .text._ZN4hc1210addMessageE6String
                0x080033e8       0x4e testClass.cpp.o
                0x080033e8                hc12::addMessage(String)
 *fill*         0x08003436        0x2 
 .text._ZN4hc1213removeMessageE6String
                0x08003438       0xb8 testClass.cpp.o
                0x08003438                hc12::removeMessage(String)
 .text._ZN4hc124recvEv
                0x080034f0       0xe8 testClass.cpp.o
                0x080034f0                hc12::recv()
 .text._ZN4hc1210recvReturnEv
                0x080035d8       0x40 testClass.cpp.o
                0x080035d8                hc12::recvReturn()
 .text._ZN4hc12C2Eiii
                0x08003618      0x208 testClass.cpp.o
                0x08003618                hc12::hc12(int, int, int)
                0x08003618                hc12::hc12(int, int, int)
 .text._ZL12waitSpiTxEndP7spi_dev
                0x08003820       0x10 SPI\SPI.cpp.o
 .text._ZL11disable_pwmPK14stm32_pin_info
                0x08003830       0x10 SPI\SPI.cpp.o
 .text._ZL15dev_to_spi_pinsP7spi_dev.isra.8
                0x08003840       0x1c SPI\SPI.cpp.o
 .text._ZL15configure_gpiosP7spi_devb
                0x0800385c       0x84 SPI\SPI.cpp.o
 .text._ZL19determine_baud_rateP7spi_devm.isra.9
                0x080038e0       0x3c SPI\SPI.cpp.o
 .text._ZN8SPIClassC2Em
                0x0800391c       0xa8 SPI\SPI.cpp.o
                0x0800391c                SPIClass::SPIClass(unsigned long)
                0x0800391c                SPIClass::SPIClass(unsigned long)
 .text._ZN8SPIClass14updateSettingsEv
                0x080039c4       0x24 SPI\SPI.cpp.o
                0x080039c4                SPIClass::updateSettings()
 .text._ZN8SPIClass5beginEv
                0x080039e8       0x24 SPI\SPI.cpp.o
                0x080039e8                SPIClass::begin()
 .text._ZN8SPIClass15setClockDividerEm
                0x08003a0c       0x18 SPI\SPI.cpp.o
                0x08003a0c                SPIClass::setClockDivider(unsigned long)
 .text._ZNK8SPIClass8transferEh
                0x08003a24       0x1a SPI\SPI.cpp.o
                0x08003a24                SPIClass::transfer(unsigned char) const
 *fill*         0x08003a3e        0x2 
 .text.startup._GLOBAL__sub_I__ZN8SPIClassC2Em
                0x08003a40        0xc SPI\SPI.cpp.o
 .text._ZN7TwoWire7processEv
                0x08003a4c        0xc Wire\Wire.cpp.o
                0x08003a4c                TwoWire::process()
 .text._ZN7TwoWire5beginEh
                0x08003a58        0xe Wire\Wire.cpp.o
                0x08003a58                TwoWire::begin(unsigned char)
 .text.i2c_disable
                0x08003a66       0x1a Wire\Wire.cpp.o
 .text._ZN7TwoWire3endEv
                0x08003a80       0x10 Wire\Wire.cpp.o
                0x08003a80                TwoWire::end()
 .text._ZN7TwoWire7processEh
                0x08003a90       0x4a Wire\Wire.cpp.o
                0x08003a90                TwoWire::process(unsigned char)
 *fill*         0x08003ada        0x2 
 .text._ZN7TwoWireD2Ev
                0x08003adc       0x24 Wire\Wire.cpp.o
                0x08003adc                TwoWire::~TwoWire()
                0x08003adc                TwoWire::~TwoWire()
 .text.startup._GLOBAL__sub_I__ZN7TwoWire7processEh
                0x08003b00       0x28 Wire\Wire.cpp.o
 .text.exit._GLOBAL__sub_D__ZN7TwoWire7processEh
                0x08003b28        0xc Wire\Wire.cpp.o
 .text._ZN8WireBase5beginEh
                0x08003b34       0x14 Wire\utility\WireBase.cpp.o
                0x08003b34                WireBase::begin(unsigned char)
 .text._ZN8WireBase17beginTransmissionEi
                0x08003b48       0x16 Wire\utility\WireBase.cpp.o
                0x08003b48                WireBase::beginTransmission(int)
 .text._ZN8WireBase15endTransmissionEb
                0x08003b5e       0x1e Wire\utility\WireBase.cpp.o
                0x08003b5e                WireBase::endTransmission(bool)
 .text._ZN8WireBase15endTransmissionEv
                0x08003b7c        0x6 Wire\utility\WireBase.cpp.o
                0x08003b7c                WireBase::endTransmission()
 .text._ZN8WireBase5writeEh
                0x08003b82       0x28 Wire\utility\WireBase.cpp.o
                0x08003b82                WireBase::write(unsigned char)
 .text._ZN8WireBase5writeEi
                0x08003baa        0x6 Wire\utility\WireBase.cpp.o
                0x08003baa                WireBase::write(int)
 .text._ZN12Adafruit_GFX9writeLineEsssst
                0x08003bb0       0xc8 Adafruit_GFX_Library\Adafruit_GFX.cpp.o
                0x08003bb0                Adafruit_GFX::writeLine(short, short, short, short, unsigned short)
 .text._ZN12Adafruit_GFX10startWriteEv
                0x08003c78        0x2 Adafruit_GFX_Library\Adafruit_GFX.cpp.o
                0x08003c78                Adafruit_GFX::startWrite()
 .text._ZN12Adafruit_GFX10writePixelEsst
                0x08003c7a        0xa Adafruit_GFX_Library\Adafruit_GFX.cpp.o
                0x08003c7a                Adafruit_GFX::writePixel(short, short, unsigned short)
 .text._ZN12Adafruit_GFX14writeFastVLineEssst
                0x08003c84       0x12 Adafruit_GFX_Library\Adafruit_GFX.cpp.o
                0x08003c84                Adafruit_GFX::writeFastVLine(short, short, short, unsigned short)
 .text._ZN12Adafruit_GFX14writeFastHLineEssst
                0x08003c96       0x12 Adafruit_GFX_Library\Adafruit_GFX.cpp.o
                0x08003c96                Adafruit_GFX::writeFastHLine(short, short, short, unsigned short)
 .text._ZN12Adafruit_GFX13writeFillRectEsssst
                0x08003ca8       0x18 Adafruit_GFX_Library\Adafruit_GFX.cpp.o
                0x08003ca8                Adafruit_GFX::writeFillRect(short, short, short, short, unsigned short)
 .text._ZN12Adafruit_GFX8endWriteEv
                0x08003cc0        0x2 Adafruit_GFX_Library\Adafruit_GFX.cpp.o
                0x08003cc0                Adafruit_GFX::endWrite()
 .text._ZN12Adafruit_GFX13drawFastVLineEssst
                0x08003cc2       0x38 Adafruit_GFX_Library\Adafruit_GFX.cpp.o
                0x08003cc2                Adafruit_GFX::drawFastVLine(short, short, short, unsigned short)
 .text._ZN12Adafruit_GFX13drawFastHLineEssst
                0x08003cfa       0x36 Adafruit_GFX_Library\Adafruit_GFX.cpp.o
                0x08003cfa                Adafruit_GFX::drawFastHLine(short, short, short, unsigned short)
 .text._ZN12Adafruit_GFX8fillRectEsssst
                0x08003d30       0x48 Adafruit_GFX_Library\Adafruit_GFX.cpp.o
                0x08003d30                Adafruit_GFX::fillRect(short, short, short, short, unsigned short)
 .text._ZN12Adafruit_GFX10fillScreenEt
                0x08003d78       0x1c Adafruit_GFX_Library\Adafruit_GFX.cpp.o
                0x08003d78                Adafruit_GFX::fillScreen(unsigned short)
 .text._ZN12Adafruit_GFX8drawLineEsssst
                0x08003d94       0x7c Adafruit_GFX_Library\Adafruit_GFX.cpp.o
                0x08003d94                Adafruit_GFX::drawLine(short, short, short, short, unsigned short)
 .text._ZN12Adafruit_GFX8drawRectEsssst
                0x08003e10       0x7c Adafruit_GFX_Library\Adafruit_GFX.cpp.o
                0x08003e10                Adafruit_GFX::drawRect(short, short, short, short, unsigned short)
 .text._ZN12Adafruit_GFX13invertDisplayEb
                0x08003e8c        0x2 Adafruit_GFX_Library\Adafruit_GFX.cpp.o
                0x08003e8c                Adafruit_GFX::invertDisplay(bool)
 .text._ZN12Adafruit_GFX11setRotationEh
                0x08003e8e       0x1e Adafruit_GFX_Library\Adafruit_GFX.cpp.o
                0x08003e8e                Adafruit_GFX::setRotation(unsigned char)
 .text._ZN12Adafruit_GFXC2Ess
                0x08003eac       0x34 Adafruit_GFX_Library\Adafruit_GFX.cpp.o
                0x08003eac                Adafruit_GFX::Adafruit_GFX(short, short)
                0x08003eac                Adafruit_GFX::Adafruit_GFX(short, short)
 .text._ZN12Adafruit_GFX8drawCharEsshtthh
                0x08003ee0      0x2c0 Adafruit_GFX_Library\Adafruit_GFX.cpp.o
                0x08003ee0                Adafruit_GFX::drawChar(short, short, unsigned char, unsigned short, unsigned short, unsigned char, unsigned char)
 .text._ZN12Adafruit_GFX5writeEh
                0x080041a0      0x102 Adafruit_GFX_Library\Adafruit_GFX.cpp.o
                0x080041a0                Adafruit_GFX::write(unsigned char)
 .text._ZN12Adafruit_GFX11setTextSizeEhh
                0x080042a2       0x12 Adafruit_GFX_Library\Adafruit_GFX.cpp.o
                0x080042a2                Adafruit_GFX::setTextSize(unsigned char, unsigned char)
 .text._ZN12Adafruit_GFX11setTextSizeEh
                0x080042b4        0x6 Adafruit_GFX_Library\Adafruit_GFX.cpp.o
                0x080042b4                Adafruit_GFX::setTextSize(unsigned char)
 *fill*         0x080042ba        0x2 
 .text._ZN16Adafruit_SSD130613drawFastHLineEssst
                0x080042bc      0x1e0 Adafruit_SSD1306\Adafruit_SSD1306_STM32.cpp.o
                0x080042bc                Adafruit_SSD1306::drawFastHLine(short, short, short, unsigned short)
 .text._ZN16Adafruit_SSD130613drawFastVLineEssst
                0x0800449c      0x1dc Adafruit_SSD1306\Adafruit_SSD1306_STM32.cpp.o
                0x0800449c                Adafruit_SSD1306::drawFastVLine(short, short, short, unsigned short)
 .text._ZN16Adafruit_SSD13069drawPixelEsst
                0x08004678       0xc0 Adafruit_SSD1306\Adafruit_SSD1306_STM32.cpp.o
                0x08004678                Adafruit_SSD1306::drawPixel(short, short, unsigned short)
 .text._ZN16Adafruit_SSD1306C2Ea
                0x08004738       0x30 Adafruit_SSD1306\Adafruit_SSD1306_STM32.cpp.o
                0x08004738                Adafruit_SSD1306::Adafruit_SSD1306(signed char)
                0x08004738                Adafruit_SSD1306::Adafruit_SSD1306(signed char)
 .text._ZN16Adafruit_SSD130612clearDisplayEv
                0x08004768       0x10 Adafruit_SSD1306\Adafruit_SSD1306_STM32.cpp.o
                0x08004768                Adafruit_SSD1306::clearDisplay()
 .text._ZN16Adafruit_SSD130612fastSPIwriteEh
                0x08004778       0x50 Adafruit_SSD1306\Adafruit_SSD1306_STM32.cpp.o
                0x08004778                Adafruit_SSD1306::fastSPIwrite(unsigned char)
 .text._ZN16Adafruit_SSD130615ssd1306_commandEh
                0x080047c8       0x68 Adafruit_SSD1306\Adafruit_SSD1306_STM32.cpp.o
                0x080047c8                Adafruit_SSD1306::ssd1306_command(unsigned char)
 .text._ZN16Adafruit_SSD13067displayEv
                0x08004830       0xbc Adafruit_SSD1306\Adafruit_SSD1306_STM32.cpp.o
                0x08004830                Adafruit_SSD1306::display()
 .text._ZN16Adafruit_SSD13065beginEhhb
                0x080048ec      0x1f0 Adafruit_SSD1306\Adafruit_SSD1306_STM32.cpp.o
                0x080048ec                Adafruit_SSD1306::begin(unsigned char, unsigned char, bool)
 .text._ZN16VisualMicroDebug16DBG_YieldAndWaitEmb
                0x08004adc       0x18 VM_DBG\VM_DBG.cpp.o
                0x08004adc                VisualMicroDebug::DBG_YieldAndWait(unsigned long, bool)
 .text._ZN16VisualMicroDebug16DBG_YieldAndWaitEm
                0x08004af4        0x6 VM_DBG\VM_DBG.cpp.o
                0x08004af4                VisualMicroDebug::DBG_YieldAndWait(unsigned long)
 *fill*         0x08004afa        0x2 
 .text._ZN16VisualMicroDebug10DBG_MillisEv
                0x08004afc        0xc VM_DBG\VM_DBG.cpp.o
                0x08004afc                VisualMicroDebug::DBG_Millis()
 .text._ZN16VisualMicroDebug17OnBreakPointBeginEm
                0x08004b08       0x18 VM_DBG\VM_DBG.cpp.o
                0x08004b08                VisualMicroDebug::OnBreakPointBegin(unsigned long)
 .text._ZN16VisualMicroDebug22OnBreakPointPrintBeginEh
                0x08004b20       0x74 VM_DBG\VM_DBG.cpp.o
                0x08004b20                VisualMicroDebug::OnBreakPointPrintBegin(unsigned char)
 .text._ZN16VisualMicroDebug20OnBreakPointPrintEndEv
                0x08004b94       0x10 VM_DBG\VM_DBG.cpp.o
                0x08004b94                VisualMicroDebug::OnBreakPointPrintEnd()
 .text._ZN16VisualMicroDebug15OnBreakPointEndEv
                0x08004ba4        0xc VM_DBG\VM_DBG.cpp.o
                0x08004ba4                VisualMicroDebug::OnBreakPointEnd()
 .text._ZN16VisualMicroDebug14outPacketStartEb
                0x08004bb0       0x28 VM_DBG\VM_DBG.cpp.o
                0x08004bb0                VisualMicroDebug::outPacketStart(bool)
 .text._ZN16VisualMicroDebug12outPacketEndEv
                0x08004bd8        0x2 VM_DBG\VM_DBG.cpp.o
                0x08004bd8                VisualMicroDebug::outPacketEnd()
 *fill*         0x08004bda        0x2 
 .text._ZN16VisualMicroDebug5beginEm
                0x08004bdc       0x1c VM_DBG\VM_DBG.cpp.o
                0x08004bdc                VisualMicroDebug::begin(unsigned long)
 .text._ZN16VisualMicroDebug4initEm
                0x08004bf8        0xe VM_DBG\VM_DBG.cpp.o
                0x08004bf8                VisualMicroDebug::init(unsigned long)
 *fill*         0x08004c06        0x2 
 .text._ZN16VisualMicroDebug16sendContinuedACKEh
                0x08004c08       0x44 VM_DBG\VM_DBG.cpp.o
                0x08004c08                VisualMicroDebug::sendContinuedACK(unsigned char)
 .text.startup._GLOBAL__sub_I__ZN16VisualMicroDebug16DBG_YieldAndWaitEm
                0x08004c4c       0x14 VM_DBG\VM_DBG.cpp.o
 .text._ZN16VisualMicroDebug9breakWaitEh
                0x08004c60       0x60 VM_DBG\VM_DBG.cpp.o
                0x08004c60                VisualMicroDebug::breakWait(unsigned char)
 .text._ZN16VisualMicroDebug5startEbb
                0x08004cc0       0x26 VM_DBG\VM_DBG.cpp.o
                0x08004cc0                VisualMicroDebug::start(bool, bool)
 .text._Z9boardInitv
                0x08004ce6        0x4 C:\Users\postt\AppData\Local\Temp\VMBCore\arduino16x\47a7ac06b9f899a5dc61b3ffb9ff72f0\variant\board.cpp.o
                0x08004ce6                boardInit()
 *fill*         0x08004cea        0x2 
 .text.startup._GLOBAL__sub_I__Z9boardInitv
                0x08004cec       0x48 C:\Users\postt\AppData\Local\Temp\VMBCore\arduino16x\47a7ac06b9f899a5dc61b3ffb9ff72f0\variant\board.cpp.o
 .text._ZL18adc_default_configP7adc_dev
                0x08004d34       0x1c C:\Users\postt\AppData\Local\Temp\VMBCore\arduino16x\47a7ac06b9f899a5dc61b3ffb9ff72f0\variant\boards.cpp.o
 .text._ZL20timer_default_configP9timer_dev
                0x08004d50       0x9e C:\Users\postt\AppData\Local\Temp\VMBCore\arduino16x\47a7ac06b9f899a5dc61b3ffb9ff72f0\variant\boards.cpp.o
 *fill*         0x08004dee        0x2 
 .text._Z4initv
                0x08004df0       0xbc C:\Users\postt\AppData\Local\Temp\VMBCore\arduino16x\47a7ac06b9f899a5dc61b3ffb9ff72f0\variant\boards.cpp.o
                0x08004df0                init()
 .text._ZN6wirish4priv15board_reset_pllEv
                0x08004eac        0x2 C:\Users\postt\AppData\Local\Temp\VMBCore\arduino16x\47a7ac06b9f899a5dc61b3ffb9ff72f0\variant\boards_setup.cpp.o
                0x08004eac                wirish::priv::board_reset_pll()
 .text._ZN6wirish4priv28board_setup_clock_prescalersEv
                0x08004eae       0x2e C:\Users\postt\AppData\Local\Temp\VMBCore\arduino16x\47a7ac06b9f899a5dc61b3ffb9ff72f0\variant\boards_setup.cpp.o
                0x08004eae                wirish::priv::board_setup_clock_prescalers()
 .text._ZN6wirish4priv16board_setup_gpioEv
                0x08004edc        0x4 C:\Users\postt\AppData\Local\Temp\VMBCore\arduino16x\47a7ac06b9f899a5dc61b3ffb9ff72f0\variant\boards_setup.cpp.o
                0x08004edc                wirish::priv::board_setup_gpio()
 .text._ZN6wirish4priv15board_setup_usbEv
                0x08004ee0       0x54 C:\Users\postt\AppData\Local\Temp\VMBCore\arduino16x\47a7ac06b9f899a5dc61b3ffb9ff72f0\variant\boards_setup.cpp.o
                0x08004ee0                wirish::priv::board_setup_usb()
 .text._ZN6wirish4priv11series_initEv
                0x08004f34        0x4 C:\Users\postt\AppData\Local\Temp\VMBCore\arduino16x\47a7ac06b9f899a5dc61b3ffb9ff72f0\variant\boards_setup.cpp.o
                0x08004f34                wirish::priv::series_init()
 .text          0x08004f38       0x10 C:\Users\postt\AppData\Local\Temp\VMBCore\arduino16x\47a7ac06b9f899a5dc61b3ffb9ff72f0\variant\start.S.o
                0x08004f38                __start__
 .text.start_c  0x08004f48       0x58 C:\Users\postt\AppData\Local\Temp\VMBCore\arduino16x\47a7ac06b9f899a5dc61b3ffb9ff72f0\variant\start_c.c.o
                0x08004f48                start_c
 .text._sbrk    0x08004fa0       0x44 C:\Users\postt\AppData\Local\Temp\VMBCore\arduino16x\47a7ac06b9f899a5dc61b3ffb9ff72f0\variant\syscalls.c.o
                0x08004fa0                _sbrk
 *fill*         0x08004fe4        0xc 
 .text          0x08004ff0       0x60 C:\Users\postt\AppData\Local\Temp\VMBuilds\AgvStation_oop\stm32duino_genericSTM32F103C\Debug\core.a(exc.S.o)
                0x08004ff0                __exc_nmi
                0x08004ff4                __exc_hardfault
                0x08004ff8                __exc_memmanage
                0x08004ffc                __exc_busfault
                0x08005000                __exc_usagefault
 .text          0x08005050        0x2 C:\Users\postt\AppData\Local\Temp\VMBuilds\AgvStation_oop\stm32duino_genericSTM32F103C\Debug\core.a(isrs.S.o)
                0x08005050                __stm32reservedexception9
                0x08005050                __exc_debug_monitor
                0x08005050                __exc_svc
                0x08005050                __irq_can_rx1
                0x08005050                __irq_spi2
                0x08005050                __irq_can_sce
                0x08005050                __irq_pvd
                0x08005050                __irq_tamper
                0x08005050                __default_handler
                0x08005050                __irq_wwdg
                0x08005050                __stm32reservedexception10
                0x08005050                __irq_flash
                0x08005050                __stm32reservedexception13
                0x08005050                __irq_rtc
                0x08005050                __irq_spi1
                0x08005050                __stm32reservedexception7
                0x08005050                __irq_usb_hp_can_tx
                0x08005050                __irq_rtcalarm
                0x08005050                __stm32reservedexception8
                0x08005050                __exc_pendsv
                0x08005050                __irq_usbwakeup
                0x08005050                __irq_rcc
 .text.adc_init
                0x08005052       0x14 C:\Users\postt\AppData\Local\Temp\VMBuilds\AgvStation_oop\stm32duino_genericSTM32F103C\Debug\core.a(adc.c.o)
                0x08005052                adc_init
 .text.adc_set_extsel
                0x08005066       0x12 C:\Users\postt\AppData\Local\Temp\VMBuilds\AgvStation_oop\stm32duino_genericSTM32F103C\Debug\core.a(adc.c.o)
                0x08005066                adc_set_extsel
 .text.adc_set_sample_rate
                0x08005078       0x30 C:\Users\postt\AppData\Local\Temp\VMBuilds\AgvStation_oop\stm32duino_genericSTM32F103C\Debug\core.a(adc.c.o)
                0x08005078                adc_set_sample_rate
 .text.__irq_adc
                0x080050a8       0x50 C:\Users\postt\AppData\Local\Temp\VMBuilds\AgvStation_oop\stm32duino_genericSTM32F103C\Debug\core.a(adc_f1.c.o)
                0x080050a8                __irq_adc
 .text.adc_calibrate
                0x080050f8       0x24 C:\Users\postt\AppData\Local\Temp\VMBuilds\AgvStation_oop\stm32duino_genericSTM32F103C\Debug\core.a(adc_f1.c.o)
                0x080050f8                adc_calibrate
 .text.adc_set_prescaler
                0x0800511c        0x8 C:\Users\postt\AppData\Local\Temp\VMBuilds\AgvStation_oop\stm32duino_genericSTM32F103C\Debug\core.a(adc_f1.c.o)
                0x0800511c                adc_set_prescaler
 .text.adc_foreach
                0x08005124       0x1c C:\Users\postt\AppData\Local\Temp\VMBuilds\AgvStation_oop\stm32duino_genericSTM32F103C\Debug\core.a(adc_f1.c.o)
                0x08005124                adc_foreach
 .text.adc_enable_single_swstart
                0x08005140       0x36 C:\Users\postt\AppData\Local\Temp\VMBuilds\AgvStation_oop\stm32duino_genericSTM32F103C\Debug\core.a(adc_f1.c.o)
                0x08005140                adc_enable_single_swstart
 .text.dma_irq_handler
                0x08005176       0x1c C:\Users\postt\AppData\Local\Temp\VMBuilds\AgvStation_oop\stm32duino_genericSTM32F103C\Debug\core.a(dma_f1.c.o)
 *fill*         0x08005192        0x2 
 .text.__irq_dma1_channel1
                0x08005194       0x10 C:\Users\postt\AppData\Local\Temp\VMBuilds\AgvStation_oop\stm32duino_genericSTM32F103C\Debug\core.a(dma_f1.c.o)
                0x08005194                __irq_dma1_channel1
 .text.__irq_dma1_channel2
                0x080051a4       0x10 C:\Users\postt\AppData\Local\Temp\VMBuilds\AgvStation_oop\stm32duino_genericSTM32F103C\Debug\core.a(dma_f1.c.o)
                0x080051a4                __irq_dma1_channel2
 .text.__irq_dma1_channel3
                0x080051b4       0x10 C:\Users\postt\AppData\Local\Temp\VMBuilds\AgvStation_oop\stm32duino_genericSTM32F103C\Debug\core.a(dma_f1.c.o)
                0x080051b4                __irq_dma1_channel3
 .text.__irq_dma1_channel4
                0x080051c4       0x10 C:\Users\postt\AppData\Local\Temp\VMBuilds\AgvStation_oop\stm32duino_genericSTM32F103C\Debug\core.a(dma_f1.c.o)
                0x080051c4                __irq_dma1_channel4
 .text.__irq_dma1_channel5
                0x080051d4       0x10 C:\Users\postt\AppData\Local\Temp\VMBuilds\AgvStation_oop\stm32duino_genericSTM32F103C\Debug\core.a(dma_f1.c.o)
                0x080051d4                __irq_dma1_channel5
 .text.__irq_dma1_channel6
                0x080051e4       0x10 C:\Users\postt\AppData\Local\Temp\VMBuilds\AgvStation_oop\stm32duino_genericSTM32F103C\Debug\core.a(dma_f1.c.o)
                0x080051e4                __irq_dma1_channel6
 .text.__irq_dma1_channel7
                0x080051f4       0x10 C:\Users\postt\AppData\Local\Temp\VMBuilds\AgvStation_oop\stm32duino_genericSTM32F103C\Debug\core.a(dma_f1.c.o)
                0x080051f4                __irq_dma1_channel7
 .text.dispatch_single_exti
                0x08005204       0x2c C:\Users\postt\AppData\Local\Temp\VMBuilds\AgvStation_oop\stm32duino_genericSTM32F103C\Debug\core.a(exti.c.o)
                0x08005204                dispatch_single_exti
 .text.dispatch_extis
                0x08005230       0x4c C:\Users\postt\AppData\Local\Temp\VMBuilds\AgvStation_oop\stm32duino_genericSTM32F103C\Debug\core.a(exti.c.o)
                0x08005230                dispatch_extis
 .text.__irq_exti0
                0x0800527c        0x6 C:\Users\postt\AppData\Local\Temp\VMBuilds\AgvStation_oop\stm32duino_genericSTM32F103C\Debug\core.a(exti.c.o)
                0x0800527c                __irq_exti0
 .text.__irq_exti1
                0x08005282        0x6 C:\Users\postt\AppData\Local\Temp\VMBuilds\AgvStation_oop\stm32duino_genericSTM32F103C\Debug\core.a(exti.c.o)
                0x08005282                __irq_exti1
 .text.__irq_exti2
                0x08005288        0x6 C:\Users\postt\AppData\Local\Temp\VMBuilds\AgvStation_oop\stm32duino_genericSTM32F103C\Debug\core.a(exti.c.o)
                0x08005288                __irq_exti2
 .text.__irq_exti3
                0x0800528e        0x6 C:\Users\postt\AppData\Local\Temp\VMBuilds\AgvStation_oop\stm32duino_genericSTM32F103C\Debug\core.a(exti.c.o)
                0x0800528e                __irq_exti3
 .text.__irq_exti4
                0x08005294        0x6 C:\Users\postt\AppData\Local\Temp\VMBuilds\AgvStation_oop\stm32duino_genericSTM32F103C\Debug\core.a(exti.c.o)
                0x08005294                __irq_exti4
 .text.__irq_exti9_5
                0x0800529a        0x8 C:\Users\postt\AppData\Local\Temp\VMBuilds\AgvStation_oop\stm32duino_genericSTM32F103C\Debug\core.a(exti.c.o)
                0x0800529a                __irq_exti9_5
 .text.__irq_exti15_10
                0x080052a2        0x8 C:\Users\postt\AppData\Local\Temp\VMBuilds\AgvStation_oop\stm32duino_genericSTM32F103C\Debug\core.a(exti.c.o)
                0x080052a2                __irq_exti15_10
 *fill*         0x080052aa        0x2 
 .text.flash_set_latency
                0x080052ac       0x14 C:\Users\postt\AppData\Local\Temp\VMBuilds\AgvStation_oop\stm32duino_genericSTM32F103C\Debug\core.a(flash.c.o)
                0x080052ac                flash_set_latency
 .text.gpio_init_all
                0x080052c0       0x30 C:\Users\postt\AppData\Local\Temp\VMBuilds\AgvStation_oop\stm32duino_genericSTM32F103C\Debug\core.a(gpio_f1.c.o)
                0x080052c0                gpio_init_all
 .text.gpio_set_mode
                0x080052f0       0x50 C:\Users\postt\AppData\Local\Temp\VMBuilds\AgvStation_oop\stm32duino_genericSTM32F103C\Debug\core.a(gpio_f1.c.o)
                0x080052f0                gpio_set_mode
 .text.afio_init
                0x08005340       0x12 C:\Users\postt\AppData\Local\Temp\VMBuilds\AgvStation_oop\stm32duino_genericSTM32F103C\Debug\core.a(gpio_f1.c.o)
                0x08005340                afio_init
 *fill*         0x08005352        0x2 
 .text.afio_remap
                0x08005354       0x20 C:\Users\postt\AppData\Local\Temp\VMBuilds\AgvStation_oop\stm32duino_genericSTM32F103C\Debug\core.a(gpio_f1.c.o)
                0x08005354                afio_remap
 .text.nvic_irq_enable
                0x08005374       0x1c C:\Users\postt\AppData\Local\Temp\VMBuilds\AgvStation_oop\stm32duino_genericSTM32F103C\Debug\core.a(i2c.c.o)
 .text.i2c_disable_irq
                0x08005390        0xc C:\Users\postt\AppData\Local\Temp\VMBuilds\AgvStation_oop\stm32duino_genericSTM32F103C\Debug\core.a(i2c.c.o)
 .text.delay_us.part.0.constprop.6
                0x0800539c        0xa C:\Users\postt\AppData\Local\Temp\VMBuilds\AgvStation_oop\stm32duino_genericSTM32F103C\Debug\core.a(i2c.c.o)
 .text.i2c_bus_reset
                0x080053a6       0xc2 C:\Users\postt\AppData\Local\Temp\VMBuilds\AgvStation_oop\stm32duino_genericSTM32F103C\Debug\core.a(i2c.c.o)
                0x080053a6                i2c_bus_reset
 .text.i2c_init
                0x08005468       0x1e C:\Users\postt\AppData\Local\Temp\VMBuilds\AgvStation_oop\stm32duino_genericSTM32F103C\Debug\core.a(i2c.c.o)
                0x08005468                i2c_init
 *fill*         0x08005486        0x2 
 .text.wait_for_state_change
                0x08005488       0x98 C:\Users\postt\AppData\Local\Temp\VMBuilds\AgvStation_oop\stm32duino_genericSTM32F103C\Debug\core.a(i2c.c.o)
                0x08005488                wait_for_state_change
 .text.i2c_master_xfer
                0x08005520       0xa4 C:\Users\postt\AppData\Local\Temp\VMBuilds\AgvStation_oop\stm32duino_genericSTM32F103C\Debug\core.a(i2c.c.o)
                0x08005520                i2c_master_xfer
 .text._i2c_irq_handler
                0x080055c4      0x3d8 C:\Users\postt\AppData\Local\Temp\VMBuilds\AgvStation_oop\stm32duino_genericSTM32F103C\Debug\core.a(i2c.c.o)
                0x080055c4                _i2c_irq_handler
 .text._i2c_irq_error_handler
                0x0800599c       0x84 C:\Users\postt\AppData\Local\Temp\VMBuilds\AgvStation_oop\stm32duino_genericSTM32F103C\Debug\core.a(i2c.c.o)
                0x0800599c                _i2c_irq_error_handler
 .text.i2c_set_ccr_trise
                0x08005a20       0x54 C:\Users\postt\AppData\Local\Temp\VMBuilds\AgvStation_oop\stm32duino_genericSTM32F103C\Debug\core.a(i2c.c.o)
                0x08005a20                i2c_set_ccr_trise
 .text.i2c_master_enable
                0x08005a74      0x1b4 C:\Users\postt\AppData\Local\Temp\VMBuilds\AgvStation_oop\stm32duino_genericSTM32F103C\Debug\core.a(i2c.c.o)
                0x08005a74                i2c_master_enable
 .text.i2c_config_gpios
                0x08005c28       0x58 C:\Users\postt\AppData\Local\Temp\VMBuilds\AgvStation_oop\stm32duino_genericSTM32F103C\Debug\core.a(i2c_f1.c.o)
                0x08005c28                i2c_config_gpios
 .text.i2c_master_release_bus
                0x08005c80       0x4c C:\Users\postt\AppData\Local\Temp\VMBuilds\AgvStation_oop\stm32duino_genericSTM32F103C\Debug\core.a(i2c_f1.c.o)
                0x08005c80                i2c_master_release_bus
 .text.__irq_i2c1_ev
                0x08005ccc        0xc C:\Users\postt\AppData\Local\Temp\VMBuilds\AgvStation_oop\stm32duino_genericSTM32F103C\Debug\core.a(i2c_f1.c.o)
                0x08005ccc                __irq_i2c1_ev
 .text.__irq_i2c2_ev
                0x08005cd8        0xc C:\Users\postt\AppData\Local\Temp\VMBuilds\AgvStation_oop\stm32duino_genericSTM32F103C\Debug\core.a(i2c_f1.c.o)
                0x08005cd8                __irq_i2c2_ev
 .text.__irq_i2c1_er
                0x08005ce4        0xc C:\Users\postt\AppData\Local\Temp\VMBuilds\AgvStation_oop\stm32duino_genericSTM32F103C\Debug\core.a(i2c_f1.c.o)
                0x08005ce4                __irq_i2c1_er
 .text.__irq_i2c2_er
                0x08005cf0        0xc C:\Users\postt\AppData\Local\Temp\VMBuilds\AgvStation_oop\stm32duino_genericSTM32F103C\Debug\core.a(i2c_f1.c.o)
                0x08005cf0                __irq_i2c2_er
 .text._i2c_irq_priority_fixup
                0x08005cfc        0xa C:\Users\postt\AppData\Local\Temp\VMBuilds\AgvStation_oop\stm32duino_genericSTM32F103C\Debug\core.a(i2c_f1.c.o)
                0x08005cfc                _i2c_irq_priority_fixup
 *fill*         0x08005d06        0x2 
 .text.iwdg_init
                0x08005d08       0x20 C:\Users\postt\AppData\Local\Temp\VMBuilds\AgvStation_oop\stm32duino_genericSTM32F103C\Debug\core.a(iwdg.c.o)
                0x08005d08                iwdg_init
 .text.iwdg_feed
                0x08005d28       0x10 C:\Users\postt\AppData\Local\Temp\VMBuilds\AgvStation_oop\stm32duino_genericSTM32F103C\Debug\core.a(iwdg.c.o)
                0x08005d28                iwdg_feed
 .text.nvic_irq_set_priority
                0x08005d38       0x28 C:\Users\postt\AppData\Local\Temp\VMBuilds\AgvStation_oop\stm32duino_genericSTM32F103C\Debug\core.a(nvic.c.o)
                0x08005d38                nvic_irq_set_priority
 .text.nvic_init
                0x08005d60       0x30 C:\Users\postt\AppData\Local\Temp\VMBuilds\AgvStation_oop\stm32duino_genericSTM32F103C\Debug\core.a(nvic.c.o)
                0x08005d60                nvic_init
 .text.nvic_sys_reset
                0x08005d90       0x1c C:\Users\postt\AppData\Local\Temp\VMBuilds\AgvStation_oop\stm32duino_genericSTM32F103C\Debug\core.a(nvic.c.o)
                0x08005d90                nvic_sys_reset
 .text.rcc_dev_clk
                0x08005dac        0xc C:\Users\postt\AppData\Local\Temp\VMBuilds\AgvStation_oop\stm32duino_genericSTM32F103C\Debug\core.a(rcc.c.o)
                0x08005dac                rcc_dev_clk
 .text.rcc_switch_sysclk
                0x08005db8       0x20 C:\Users\postt\AppData\Local\Temp\VMBuilds\AgvStation_oop\stm32duino_genericSTM32F103C\Debug\core.a(rcc.c.o)
                0x08005db8                rcc_switch_sysclk
 .text.rcc_turn_on_clk
                0x08005dd8       0x1a C:\Users\postt\AppData\Local\Temp\VMBuilds\AgvStation_oop\stm32duino_genericSTM32F103C\Debug\core.a(rcc.c.o)
                0x08005dd8                rcc_turn_on_clk
 .text.rcc_turn_off_clk
                0x08005df2       0x1c C:\Users\postt\AppData\Local\Temp\VMBuilds\AgvStation_oop\stm32duino_genericSTM32F103C\Debug\core.a(rcc.c.o)
                0x08005df2                rcc_turn_off_clk
 .text.rcc_is_clk_ready
                0x08005e0e       0x18 C:\Users\postt\AppData\Local\Temp\VMBuilds\AgvStation_oop\stm32duino_genericSTM32F103C\Debug\core.a(rcc.c.o)
                0x08005e0e                rcc_is_clk_ready
 *fill*         0x08005e26        0x2 
 .text.rcc_configure_pll
                0x08005e28       0x18 C:\Users\postt\AppData\Local\Temp\VMBuilds\AgvStation_oop\stm32duino_genericSTM32F103C\Debug\core.a(rcc_f1.c.o)
                0x08005e28                rcc_configure_pll
 .text.rcc_clk_enable
                0x08005e40       0x30 C:\Users\postt\AppData\Local\Temp\VMBuilds\AgvStation_oop\stm32duino_genericSTM32F103C\Debug\core.a(rcc_f1.c.o)
                0x08005e40                rcc_clk_enable
 .text.rcc_reset_dev
                0x08005e70       0x34 C:\Users\postt\AppData\Local\Temp\VMBuilds\AgvStation_oop\stm32duino_genericSTM32F103C\Debug\core.a(rcc_f1.c.o)
                0x08005e70                rcc_reset_dev
 .text.rcc_set_prescaler
                0x08005ea4       0x20 C:\Users\postt\AppData\Local\Temp\VMBuilds\AgvStation_oop\stm32duino_genericSTM32F103C\Debug\core.a(rcc_f1.c.o)
                0x08005ea4                rcc_set_prescaler
 .text.rcc_clk_disable
                0x08005ec4       0x30 C:\Users\postt\AppData\Local\Temp\VMBuilds\AgvStation_oop\stm32duino_genericSTM32F103C\Debug\core.a(rcc_f1.c.o)
                0x08005ec4                rcc_clk_disable
 .text.bb_peri_set_bit
                0x08005ef4        0xe C:\Users\postt\AppData\Local\Temp\VMBuilds\AgvStation_oop\stm32duino_genericSTM32F103C\Debug\core.a(spi.c.o)
 .text.spi_init
                0x08005f02       0x14 C:\Users\postt\AppData\Local\Temp\VMBuilds\AgvStation_oop\stm32duino_genericSTM32F103C\Debug\core.a(spi.c.o)
                0x08005f02                spi_init
 .text.spi_peripheral_enable
                0x08005f16        0xa C:\Users\postt\AppData\Local\Temp\VMBuilds\AgvStation_oop\stm32duino_genericSTM32F103C\Debug\core.a(spi.c.o)
                0x08005f16                spi_peripheral_enable
 .text.spi_peripheral_disable
                0x08005f20        0xa C:\Users\postt\AppData\Local\Temp\VMBuilds\AgvStation_oop\stm32duino_genericSTM32F103C\Debug\core.a(spi.c.o)
                0x08005f20                spi_peripheral_disable
 .text.spi_reconfigure
                0x08005f2a       0x2c C:\Users\postt\AppData\Local\Temp\VMBuilds\AgvStation_oop\stm32duino_genericSTM32F103C\Debug\core.a(spi.c.o)
 .text.spi_master_enable
                0x08005f56        0xc C:\Users\postt\AppData\Local\Temp\VMBuilds\AgvStation_oop\stm32duino_genericSTM32F103C\Debug\core.a(spi.c.o)
                0x08005f56                spi_master_enable
 .text.spi_config_gpios
                0x08005f62       0x5a C:\Users\postt\AppData\Local\Temp\VMBuilds\AgvStation_oop\stm32duino_genericSTM32F103C\Debug\core.a(spi_f1.c.o)
                0x08005f62                spi_config_gpios
 .text.systick_init
                0x08005fbc       0x10 C:\Users\postt\AppData\Local\Temp\VMBuilds\AgvStation_oop\stm32duino_genericSTM32F103C\Debug\core.a(systick.c.o)
                0x08005fbc                systick_init
 .text.__exc_systick
                0x08005fcc       0x1c C:\Users\postt\AppData\Local\Temp\VMBuilds\AgvStation_oop\stm32duino_genericSTM32F103C\Debug\core.a(systick.c.o)
                0x08005fcc                __exc_systick
 .text.timer_oc_set_mode
                0x08005fe8       0x3a C:\Users\postt\AppData\Local\Temp\VMBuilds\AgvStation_oop\stm32duino_genericSTM32F103C\Debug\core.a(timer.c.o)
 .text.dispatch_general
                0x08006022       0x66 C:\Users\postt\AppData\Local\Temp\VMBuilds\AgvStation_oop\stm32duino_genericSTM32F103C\Debug\core.a(timer.c.o)
 .text.timer_cc_enable
                0x08006088       0x1c C:\Users\postt\AppData\Local\Temp\VMBuilds\AgvStation_oop\stm32duino_genericSTM32F103C\Debug\core.a(timer.c.o)
 .text.timer_foreach
                0x080060a4       0x28 C:\Users\postt\AppData\Local\Temp\VMBuilds\AgvStation_oop\stm32duino_genericSTM32F103C\Debug\core.a(timer.c.o)
                0x080060a4                timer_foreach
 .text.timer_init
                0x080060cc       0x14 C:\Users\postt\AppData\Local\Temp\VMBuilds\AgvStation_oop\stm32duino_genericSTM32F103C\Debug\core.a(timer.c.o)
                0x080060cc                timer_init
 .text.timer_has_cc_channel
                0x080060e0       0x30 C:\Users\postt\AppData\Local\Temp\VMBuilds\AgvStation_oop\stm32duino_genericSTM32F103C\Debug\core.a(timer.c.o)
                0x080060e0                timer_has_cc_channel
 .text.timer_detach_interrupt
                0x08006110       0x1e C:\Users\postt\AppData\Local\Temp\VMBuilds\AgvStation_oop\stm32duino_genericSTM32F103C\Debug\core.a(timer.c.o)
                0x08006110                timer_detach_interrupt
 .text.input_capture_mode
                0x0800612e       0x1a C:\Users\postt\AppData\Local\Temp\VMBuilds\AgvStation_oop\stm32duino_genericSTM32F103C\Debug\core.a(timer.c.o)
                0x0800612e                input_capture_mode
 .text.timer_set_mode
                0x08006148       0x8c C:\Users\postt\AppData\Local\Temp\VMBuilds\AgvStation_oop\stm32duino_genericSTM32F103C\Debug\core.a(timer.c.o)
                0x08006148                timer_set_mode
 .text.__irq_tim1_brk
                0x080061d4       0x24 C:\Users\postt\AppData\Local\Temp\VMBuilds\AgvStation_oop\stm32duino_genericSTM32F103C\Debug\core.a(timer.c.o)
                0x080061d4                __irq_tim1_brk
 .text.__irq_tim1_up
                0x080061f8       0x24 C:\Users\postt\AppData\Local\Temp\VMBuilds\AgvStation_oop\stm32duino_genericSTM32F103C\Debug\core.a(timer.c.o)
                0x080061f8                __irq_tim1_up
 .text.__irq_tim1_trg_com
                0x0800621c       0x34 C:\Users\postt\AppData\Local\Temp\VMBuilds\AgvStation_oop\stm32duino_genericSTM32F103C\Debug\core.a(timer.c.o)
                0x0800621c                __irq_tim1_trg_com
 .text.__irq_tim1_cc
                0x08006250       0x50 C:\Users\postt\AppData\Local\Temp\VMBuilds\AgvStation_oop\stm32duino_genericSTM32F103C\Debug\core.a(timer.c.o)
                0x08006250                __irq_tim1_cc
 .text.__irq_tim2
                0x080062a0        0xc C:\Users\postt\AppData\Local\Temp\VMBuilds\AgvStation_oop\stm32duino_genericSTM32F103C\Debug\core.a(timer.c.o)
                0x080062a0                __irq_tim2
 .text.__irq_tim3
                0x080062ac        0xc C:\Users\postt\AppData\Local\Temp\VMBuilds\AgvStation_oop\stm32duino_genericSTM32F103C\Debug\core.a(timer.c.o)
                0x080062ac                __irq_tim3
 .text.__irq_tim4
                0x080062b8        0xc C:\Users\postt\AppData\Local\Temp\VMBuilds\AgvStation_oop\stm32duino_genericSTM32F103C\Debug\core.a(timer.c.o)
                0x080062b8                __irq_tim4
 .text.usart_irq
                0x080062c4       0xc8 C:\Users\postt\AppData\Local\Temp\VMBuilds\AgvStation_oop\stm32duino_genericSTM32F103C\Debug\core.a(usart_f1.c.o)
 .text.usart_config_gpios_async
                0x0800638c       0x4a C:\Users\postt\AppData\Local\Temp\VMBuilds\AgvStation_oop\stm32duino_genericSTM32F103C\Debug\core.a(usart_f1.c.o)
                0x0800638c                usart_config_gpios_async
 .text.usart_set_baud_rate
                0x080063d6       0x3c C:\Users\postt\AppData\Local\Temp\VMBuilds\AgvStation_oop\stm32duino_genericSTM32F103C\Debug\core.a(usart_f1.c.o)
                0x080063d6                usart_set_baud_rate
 *fill*         0x08006412        0x2 
 .text.__irq_usart1
                0x08006414       0x18 C:\Users\postt\AppData\Local\Temp\VMBuilds\AgvStation_oop\stm32duino_genericSTM32F103C\Debug\core.a(usart_f1.c.o)
                0x08006414                __irq_usart1
 .text.__irq_usart2
                0x0800642c       0x18 C:\Users\postt\AppData\Local\Temp\VMBuilds\AgvStation_oop\stm32duino_genericSTM32F103C\Debug\core.a(usart_f1.c.o)
                0x0800642c                __irq_usart2
 .text.__irq_usart3
                0x08006444       0x18 C:\Users\postt\AppData\Local\Temp\VMBuilds\AgvStation_oop\stm32duino_genericSTM32F103C\Debug\core.a(usart_f1.c.o)
                0x08006444                __irq_usart3
 .text._usart_clock_freq
                0x0800645c       0x24 C:\Users\postt\AppData\Local\Temp\VMBuilds\AgvStation_oop\stm32duino_genericSTM32F103C\Debug\core.a(usart_private.c.o)
                0x0800645c                _usart_clock_freq
 .text.throb    0x08006480       0x4c C:\Users\postt\AppData\Local\Temp\VMBuilds\AgvStation_oop\stm32duino_genericSTM32F103C\Debug\core.a(util.c.o)
                0x08006480                throb
 .text.__error  0x080064cc       0x14 C:\Users\postt\AppData\Local\Temp\VMBuilds\AgvStation_oop\stm32duino_genericSTM32F103C\Debug\core.a(util.c.o)
                0x080064cc                __error
 .text.usb_resume
                0x080064e0       0xb4 C:\Users\postt\AppData\Local\Temp\VMBuilds\AgvStation_oop\stm32duino_genericSTM32F103C\Debug\core.a(usb.c.o)
 .text.usb_init_usblib
                0x08006594       0x48 C:\Users\postt\AppData\Local\Temp\VMBuilds\AgvStation_oop\stm32duino_genericSTM32F103C\Debug\core.a(usb.c.o)
                0x08006594                usb_init_usblib
 .text.__irq_usb_lp_can_rx0
                0x080065dc      0x1c8 C:\Users\postt\AppData\Local\Temp\VMBuilds\AgvStation_oop\stm32duino_genericSTM32F103C\Debug\core.a(usb.c.o)
                0x080065dc                __irq_usb_lp_can_rx0
 .text.usb_set_ep_rx_stat
                0x080067a4       0x22 C:\Users\postt\AppData\Local\Temp\VMBuilds\AgvStation_oop\stm32duino_genericSTM32F103C\Debug\core.a(usb_cdcacm.c.o)
 *fill*         0x080067c6        0x2 
 .text.vcomGetSetLineCoding
                0x080067c8       0x18 C:\Users\postt\AppData\Local\Temp\VMBuilds\AgvStation_oop\stm32duino_genericSTM32F103C\Debug\core.a(usb_cdcacm.c.o)
 .text.usbDataSetup
                0x080067e0       0x54 C:\Users\postt\AppData\Local\Temp\VMBuilds\AgvStation_oop\stm32duino_genericSTM32F103C\Debug\core.a(usb_cdcacm.c.o)
 .text.usbNoDataSetup
                0x08006834       0x50 C:\Users\postt\AppData\Local\Temp\VMBuilds\AgvStation_oop\stm32duino_genericSTM32F103C\Debug\core.a(usb_cdcacm.c.o)
 .text.usbGetInterfaceSetting
                0x08006884       0x10 C:\Users\postt\AppData\Local\Temp\VMBuilds\AgvStation_oop\stm32duino_genericSTM32F103C\Debug\core.a(usb_cdcacm.c.o)
 .text.usbSetConfiguration
                0x08006894       0x1c C:\Users\postt\AppData\Local\Temp\VMBuilds\AgvStation_oop\stm32duino_genericSTM32F103C\Debug\core.a(usb_cdcacm.c.o)
 .text.usbSetDeviceAddress
                0x080068b0       0x10 C:\Users\postt\AppData\Local\Temp\VMBuilds\AgvStation_oop\stm32duino_genericSTM32F103C\Debug\core.a(usb_cdcacm.c.o)
 .text.usbGetStringDescriptor
                0x080068c0       0x20 C:\Users\postt\AppData\Local\Temp\VMBuilds\AgvStation_oop\stm32duino_genericSTM32F103C\Debug\core.a(usb_cdcacm.c.o)
 .text.usbGetConfigDescriptor
                0x080068e0        0xc C:\Users\postt\AppData\Local\Temp\VMBuilds\AgvStation_oop\stm32duino_genericSTM32F103C\Debug\core.a(usb_cdcacm.c.o)
 .text.usbGetDeviceDescriptor
                0x080068ec        0xc C:\Users\postt\AppData\Local\Temp\VMBuilds\AgvStation_oop\stm32duino_genericSTM32F103C\Debug\core.a(usb_cdcacm.c.o)
 .text.usbInit  0x080068f8       0x44 C:\Users\postt\AppData\Local\Temp\VMBuilds\AgvStation_oop\stm32duino_genericSTM32F103C\Debug\core.a(usb_cdcacm.c.o)
 .text.vcomDataTxCb
                0x0800693c       0xa0 C:\Users\postt\AppData\Local\Temp\VMBuilds\AgvStation_oop\stm32duino_genericSTM32F103C\Debug\core.a(usb_cdcacm.c.o)
 .text.usbReset
                0x080069dc      0x160 C:\Users\postt\AppData\Local\Temp\VMBuilds\AgvStation_oop\stm32duino_genericSTM32F103C\Debug\core.a(usb_cdcacm.c.o)
 .text.vcomDataRxCb
                0x08006b3c       0x7c C:\Users\postt\AppData\Local\Temp\VMBuilds\AgvStation_oop\stm32duino_genericSTM32F103C\Debug\core.a(usb_cdcacm.c.o)
 .text.usb_cdcacm_set_hooks
                0x08006bb8       0x1c C:\Users\postt\AppData\Local\Temp\VMBuilds\AgvStation_oop\stm32duino_genericSTM32F103C\Debug\core.a(usb_cdcacm.c.o)
                0x08006bb8                usb_cdcacm_set_hooks
 .text.usb_cdcacm_enable
                0x08006bd4       0x38 C:\Users\postt\AppData\Local\Temp\VMBuilds\AgvStation_oop\stm32duino_genericSTM32F103C\Debug\core.a(usb_cdcacm.c.o)
                0x08006bd4                usb_cdcacm_enable
 .text.usb_cdcacm_tx
                0x08006c0c       0x60 C:\Users\postt\AppData\Local\Temp\VMBuilds\AgvStation_oop\stm32duino_genericSTM32F103C\Debug\core.a(usb_cdcacm.c.o)
                0x08006c0c                usb_cdcacm_tx
 .text.usb_cdcacm_data_available
                0x08006c6c       0x18 C:\Users\postt\AppData\Local\Temp\VMBuilds\AgvStation_oop\stm32duino_genericSTM32F103C\Debug\core.a(usb_cdcacm.c.o)
                0x08006c6c                usb_cdcacm_data_available
 .text.usb_cdcacm_peek
                0x08006c84       0x38 C:\Users\postt\AppData\Local\Temp\VMBuilds\AgvStation_oop\stm32duino_genericSTM32F103C\Debug\core.a(usb_cdcacm.c.o)
                0x08006c84                usb_cdcacm_peek
 .text.usb_cdcacm_rx
                0x08006cbc       0x34 C:\Users\postt\AppData\Local\Temp\VMBuilds\AgvStation_oop\stm32duino_genericSTM32F103C\Debug\core.a(usb_cdcacm.c.o)
                0x08006cbc                usb_cdcacm_rx
 .text.usb_cdcacm_peek_ex
                0x08006cf0       0x40 C:\Users\postt\AppData\Local\Temp\VMBuilds\AgvStation_oop\stm32duino_genericSTM32F103C\Debug\core.a(usb_cdcacm.c.o)
                0x08006cf0                usb_cdcacm_peek_ex
 .text.usb_cdcacm_get_dtr
                0x08006d30       0x10 C:\Users\postt\AppData\Local\Temp\VMBuilds\AgvStation_oop\stm32duino_genericSTM32F103C\Debug\core.a(usb_cdcacm.c.o)
                0x08006d30                usb_cdcacm_get_dtr
 .text.usb_set_ep_rx_count
                0x08006d40       0x4c C:\Users\postt\AppData\Local\Temp\VMBuilds\AgvStation_oop\stm32duino_genericSTM32F103C\Debug\core.a(usb_reg_map.c.o)
                0x08006d40                usb_set_ep_rx_count
 .text.Standard_GetConfiguration
                0x08006d8c       0x24 C:\Users\postt\AppData\Local\Temp\VMBuilds\AgvStation_oop\stm32duino_genericSTM32F103C\Debug\core.a(usb_core.c.o)
                0x08006d8c                Standard_GetConfiguration
 .text.Standard_GetInterface
                0x08006db0       0x24 C:\Users\postt\AppData\Local\Temp\VMBuilds\AgvStation_oop\stm32duino_genericSTM32F103C\Debug\core.a(usb_core.c.o)
                0x08006db0                Standard_GetInterface
 .text.Standard_GetStatus
                0x08006dd4       0x90 C:\Users\postt\AppData\Local\Temp\VMBuilds\AgvStation_oop\stm32duino_genericSTM32F103C\Debug\core.a(usb_core.c.o)
                0x08006dd4                Standard_GetStatus
 .text.DataStageIn
                0x08006e64       0xa8 C:\Users\postt\AppData\Local\Temp\VMBuilds\AgvStation_oop\stm32duino_genericSTM32F103C\Debug\core.a(usb_core.c.o)
 .text.Standard_SetConfiguration
                0x08006f0c       0x38 C:\Users\postt\AppData\Local\Temp\VMBuilds\AgvStation_oop\stm32duino_genericSTM32F103C\Debug\core.a(usb_core.c.o)
                0x08006f0c                Standard_SetConfiguration
 .text.Standard_SetInterface
                0x08006f44       0x48 C:\Users\postt\AppData\Local\Temp\VMBuilds\AgvStation_oop\stm32duino_genericSTM32F103C\Debug\core.a(usb_core.c.o)
                0x08006f44                Standard_SetInterface
 .text.Standard_ClearFeature
                0x08006f8c       0xd0 C:\Users\postt\AppData\Local\Temp\VMBuilds\AgvStation_oop\stm32duino_genericSTM32F103C\Debug\core.a(usb_core.c.o)
                0x08006f8c                Standard_ClearFeature
 .text.Standard_SetEndPointFeature
                0x0800705c       0x84 C:\Users\postt\AppData\Local\Temp\VMBuilds\AgvStation_oop\stm32duino_genericSTM32F103C\Debug\core.a(usb_core.c.o)
                0x0800705c                Standard_SetEndPointFeature
 .text.Standard_SetDeviceFeature
                0x080070e0       0x24 C:\Users\postt\AppData\Local\Temp\VMBuilds\AgvStation_oop\stm32duino_genericSTM32F103C\Debug\core.a(usb_core.c.o)
                0x080070e0                Standard_SetDeviceFeature
 .text.Standard_GetDescriptorData
                0x08007104       0x1c C:\Users\postt\AppData\Local\Temp\VMBuilds\AgvStation_oop\stm32duino_genericSTM32F103C\Debug\core.a(usb_core.c.o)
                0x08007104                Standard_GetDescriptorData
 .text.Post0_Process
                0x08007120       0x40 C:\Users\postt\AppData\Local\Temp\VMBuilds\AgvStation_oop\stm32duino_genericSTM32F103C\Debug\core.a(usb_core.c.o)
                0x08007120                Post0_Process
 .text.Setup0_Process
                0x08007160      0x2d0 C:\Users\postt\AppData\Local\Temp\VMBuilds\AgvStation_oop\stm32duino_genericSTM32F103C\Debug\core.a(usb_core.c.o)
                0x08007160                Setup0_Process
 .text.Out0_Process
                0x08007430       0xc8 C:\Users\postt\AppData\Local\Temp\VMBuilds\AgvStation_oop\stm32duino_genericSTM32F103C\Debug\core.a(usb_core.c.o)
                0x08007430                Out0_Process
 .text.SetDeviceAddress
                0x080074f8       0x38 C:\Users\postt\AppData\Local\Temp\VMBuilds\AgvStation_oop\stm32duino_genericSTM32F103C\Debug\core.a(usb_core.c.o)
                0x080074f8                SetDeviceAddress
 .text.In0_Process
                0x08007530       0x5c C:\Users\postt\AppData\Local\Temp\VMBuilds\AgvStation_oop\stm32duino_genericSTM32F103C\Debug\core.a(usb_core.c.o)
                0x08007530                In0_Process
 .text.NOP_Process
                0x0800758c        0x2 C:\Users\postt\AppData\Local\Temp\VMBuilds\AgvStation_oop\stm32duino_genericSTM32F103C\Debug\core.a(usb_core.c.o)
                0x0800758c                NOP_Process
 .text.UserToPMABufferCopy
                0x0800758e       0x30 C:\Users\postt\AppData\Local\Temp\VMBuilds\AgvStation_oop\stm32duino_genericSTM32F103C\Debug\core.a(usb_mem.c.o)
                0x0800758e                UserToPMABufferCopy
 .text.PMAToUserBufferCopy
                0x080075be       0x32 C:\Users\postt\AppData\Local\Temp\VMBuilds\AgvStation_oop\stm32duino_genericSTM32F103C\Debug\core.a(usb_mem.c.o)
                0x080075be                PMAToUserBufferCopy
 .text.SetEPTxStatus
                0x080075f0       0x2a C:\Users\postt\AppData\Local\Temp\VMBuilds\AgvStation_oop\stm32duino_genericSTM32F103C\Debug\core.a(usb_regs.c.o)
                0x080075f0                SetEPTxStatus
 .text.ClearDTOG_RX
                0x0800761a       0x20 C:\Users\postt\AppData\Local\Temp\VMBuilds\AgvStation_oop\stm32duino_genericSTM32F103C\Debug\core.a(usb_regs.c.o)
                0x0800761a                ClearDTOG_RX
 .text.ClearDTOG_TX
                0x0800763a       0x20 C:\Users\postt\AppData\Local\Temp\VMBuilds\AgvStation_oop\stm32duino_genericSTM32F103C\Debug\core.a(usb_regs.c.o)
                0x0800763a                ClearDTOG_TX
 *fill*         0x0800765a        0x2 
 .text.GetEPTxAddr
                0x0800765c       0x1c C:\Users\postt\AppData\Local\Temp\VMBuilds\AgvStation_oop\stm32duino_genericSTM32F103C\Debug\core.a(usb_regs.c.o)
                0x0800765c                GetEPTxAddr
 .text.GetEPRxAddr
                0x08007678       0x1c C:\Users\postt\AppData\Local\Temp\VMBuilds\AgvStation_oop\stm32duino_genericSTM32F103C\Debug\core.a(usb_regs.c.o)
                0x08007678                GetEPRxAddr
 .text.SetEPTxCount
                0x08007694       0x1c C:\Users\postt\AppData\Local\Temp\VMBuilds\AgvStation_oop\stm32duino_genericSTM32F103C\Debug\core.a(usb_regs.c.o)
                0x08007694                SetEPTxCount
 .text.SetEPRxCount
                0x080076b0       0x40 C:\Users\postt\AppData\Local\Temp\VMBuilds\AgvStation_oop\stm32duino_genericSTM32F103C\Debug\core.a(usb_regs.c.o)
                0x080076b0                SetEPRxCount
 .text.__cxa_pure_virtual
                0x080076f0        0x2 C:\Users\postt\AppData\Local\Temp\VMBuilds\AgvStation_oop\stm32duino_genericSTM32F103C\Debug\core.a(cxxabi-compat.cpp.o)
                0x080076f0                __cxa_pure_virtual
 .text.rb_full_count
                0x080076f2       0x22 C:\Users\postt\AppData\Local\Temp\VMBuilds\AgvStation_oop\stm32duino_genericSTM32F103C\Debug\core.a(HardwareSerial.cpp.o)
 .text._ZN14HardwareSerial4readEv
                0x08007714       0x3a C:\Users\postt\AppData\Local\Temp\VMBuilds\AgvStation_oop\stm32duino_genericSTM32F103C\Debug\core.a(HardwareSerial.cpp.o)
                0x08007714                HardwareSerial::read()
 .text._ZN14HardwareSerial9availableEv
                0x0800774e        0xc C:\Users\postt\AppData\Local\Temp\VMBuilds\AgvStation_oop\stm32duino_genericSTM32F103C\Debug\core.a(HardwareSerial.cpp.o)
                0x0800774e                HardwareSerial::available()
 .text._ZN14HardwareSerial4peekEv
                0x0800775a       0x22 C:\Users\postt\AppData\Local\Temp\VMBuilds\AgvStation_oop\stm32duino_genericSTM32F103C\Debug\core.a(HardwareSerial.cpp.o)
                0x0800775a                HardwareSerial::peek()
 .text._ZN14HardwareSerial5flushEv
                0x0800777c       0x1a C:\Users\postt\AppData\Local\Temp\VMBuilds\AgvStation_oop\stm32duino_genericSTM32F103C\Debug\core.a(HardwareSerial.cpp.o)
                0x0800777c                HardwareSerial::flush()
 .text._ZN14HardwareSerial5writeEh
                0x08007796       0x1e C:\Users\postt\AppData\Local\Temp\VMBuilds\AgvStation_oop\stm32duino_genericSTM32F103C\Debug\core.a(HardwareSerial.cpp.o)
                0x08007796                HardwareSerial::write(unsigned char)
 .text._ZN14HardwareSerialC2EP9usart_devhh
                0x080077b4       0x1c C:\Users\postt\AppData\Local\Temp\VMBuilds\AgvStation_oop\stm32duino_genericSTM32F103C\Debug\core.a(HardwareSerial.cpp.o)
                0x080077b4                HardwareSerial::HardwareSerial(usart_dev*, unsigned char, unsigned char)
                0x080077b4                HardwareSerial::HardwareSerial(usart_dev*, unsigned char, unsigned char)
 .text._ZN14HardwareSerial5beginEmh
                0x080077d0       0x78 C:\Users\postt\AppData\Local\Temp\VMBuilds\AgvStation_oop\stm32duino_genericSTM32F103C\Debug\core.a(HardwareSerial.cpp.o)
                0x080077d0                HardwareSerial::begin(unsigned long, unsigned char)
 .text._ZN14HardwareSerial5beginEm
                0x08007848        0x6 C:\Users\postt\AppData\Local\Temp\VMBuilds\AgvStation_oop\stm32duino_genericSTM32F103C\Debug\core.a(HardwareSerial.cpp.o)
                0x08007848                HardwareSerial::begin(unsigned long)
 .text.startup._Z7premainv
                0x0800784e        0x4 C:\Users\postt\AppData\Local\Temp\VMBuilds\AgvStation_oop\stm32duino_genericSTM32F103C\Debug\core.a(main.cpp.o)
                0x0800784e                premain()
 .text.startup.main
                0x08007852        0xc C:\Users\postt\AppData\Local\Temp\VMBuilds\AgvStation_oop\stm32duino_genericSTM32F103C\Debug\core.a(main.cpp.o)
                0x08007852                main
 .text._ZN5Print5writeEPKvm
                0x0800785e       0x20 C:\Users\postt\AppData\Local\Temp\VMBuilds\AgvStation_oop\stm32duino_genericSTM32F103C\Debug\core.a(Print.cpp.o)
                0x0800785e                Print::write(void const*, unsigned long)
 .text._ZN5Print5writeEPKc
                0x0800787e       0x1e C:\Users\postt\AppData\Local\Temp\VMBuilds\AgvStation_oop\stm32duino_genericSTM32F103C\Debug\core.a(Print.cpp.o)
                0x0800787e                Print::write(char const*)
 .text._ZN5Print5printERK6String
                0x0800789c       0x10 C:\Users\postt\AppData\Local\Temp\VMBuilds\AgvStation_oop\stm32duino_genericSTM32F103C\Debug\core.a(Print.cpp.o)
                0x0800789c                Print::print(String const&)
 .text._ZN5Print5printEc
                0x080078ac        0xa C:\Users\postt\AppData\Local\Temp\VMBuilds\AgvStation_oop\stm32duino_genericSTM32F103C\Debug\core.a(Print.cpp.o)
                0x080078ac                Print::print(char)
 .text._ZN5Print5printEPKc
                0x080078b6        0xa C:\Users\postt\AppData\Local\Temp\VMBuilds\AgvStation_oop\stm32duino_genericSTM32F103C\Debug\core.a(Print.cpp.o)
                0x080078b6                Print::print(char const*)
 .text._ZN5Print7printlnEv
                0x080078c0       0x18 C:\Users\postt\AppData\Local\Temp\VMBuilds\AgvStation_oop\stm32duino_genericSTM32F103C\Debug\core.a(Print.cpp.o)
                0x080078c0                Print::println()
 .text._ZN5Print7printlnERK6String
                0x080078d8       0x14 C:\Users\postt\AppData\Local\Temp\VMBuilds\AgvStation_oop\stm32duino_genericSTM32F103C\Debug\core.a(Print.cpp.o)
                0x080078d8                Print::println(String const&)
 .text._ZN5Print7printlnEPKc
                0x080078ec       0x14 C:\Users\postt\AppData\Local\Temp\VMBuilds\AgvStation_oop\stm32duino_genericSTM32F103C\Debug\core.a(Print.cpp.o)
                0x080078ec                Print::println(char const*)
 .text._ZN5Print11printNumberEyh
                0x08007900       0x84 C:\Users\postt\AppData\Local\Temp\VMBuilds\AgvStation_oop\stm32duino_genericSTM32F103C\Debug\core.a(Print.cpp.o)
                0x08007900                Print::printNumber(unsigned long long, unsigned char)
 .text._ZN5Print5printExi
                0x08007984       0x32 C:\Users\postt\AppData\Local\Temp\VMBuilds\AgvStation_oop\stm32duino_genericSTM32F103C\Debug\core.a(Print.cpp.o)
                0x08007984                Print::print(long long, int)
 .text._ZN5Print5printEii
                0x080079b6       0x12 C:\Users\postt\AppData\Local\Temp\VMBuilds\AgvStation_oop\stm32duino_genericSTM32F103C\Debug\core.a(Print.cpp.o)
                0x080079b6                Print::print(int, int)
 .text._ZN5Print5printEhi
                0x080079c8       0x14 C:\Users\postt\AppData\Local\Temp\VMBuilds\AgvStation_oop\stm32duino_genericSTM32F103C\Debug\core.a(Print.cpp.o)
                0x080079c8                Print::print(unsigned char, int)
 .text._ZN5Print5printEmi
                0x080079dc       0x14 C:\Users\postt\AppData\Local\Temp\VMBuilds\AgvStation_oop\stm32duino_genericSTM32F103C\Debug\core.a(Print.cpp.o)
                0x080079dc                Print::print(unsigned long, int)
 .text._ZN9USBSerial9availableEv
                0x080079f0        0x4 C:\Users\postt\AppData\Local\Temp\VMBuilds\AgvStation_oop\stm32duino_genericSTM32F103C\Debug\core.a(usb_serial.cpp.o)
                0x080079f0                USBSerial::available()
 .text._ZN9USBSerial4peekEv
                0x080079f4       0x1e C:\Users\postt\AppData\Local\Temp\VMBuilds\AgvStation_oop\stm32duino_genericSTM32F103C\Debug\core.a(usb_serial.cpp.o)
                0x080079f4                USBSerial::peek()
 .text._ZN9USBSerial4readEv
                0x08007a12       0x1e C:\Users\postt\AppData\Local\Temp\VMBuilds\AgvStation_oop\stm32duino_genericSTM32F103C\Debug\core.a(usb_serial.cpp.o)
                0x08007a12                USBSerial::read()
 .text._ZL14ifaceSetupHookjPv
                0x08007a30       0x38 C:\Users\postt\AppData\Local\Temp\VMBuilds\AgvStation_oop\stm32duino_genericSTM32F103C\Debug\core.a(usb_serial.cpp.o)
 .text._ZL6rxHookjPv
                0x08007a68       0x6c C:\Users\postt\AppData\Local\Temp\VMBuilds\AgvStation_oop\stm32duino_genericSTM32F103C\Debug\core.a(usb_serial.cpp.o)
 .text._ZN9USBSerialC2Ev
                0x08007ad4       0x14 C:\Users\postt\AppData\Local\Temp\VMBuilds\AgvStation_oop\stm32duino_genericSTM32F103C\Debug\core.a(usb_serial.cpp.o)
                0x08007ad4                USBSerial::USBSerial()
                0x08007ad4                USBSerial::USBSerial()
 .text._ZN9USBSerial5beginEv
                0x08007ae8       0x34 C:\Users\postt\AppData\Local\Temp\VMBuilds\AgvStation_oop\stm32duino_genericSTM32F103C\Debug\core.a(usb_serial.cpp.o)
                0x08007ae8                USBSerial::begin()
 .text._ZN9USBSerial5beginEm
                0x08007b1c       0x10 C:\Users\postt\AppData\Local\Temp\VMBuilds\AgvStation_oop\stm32duino_genericSTM32F103C\Debug\core.a(usb_serial.cpp.o)
                0x08007b1c                USBSerial::begin(unsigned long)
 .text._ZN9USBSerial5writeEPKhm
                0x08007b2c       0x4c C:\Users\postt\AppData\Local\Temp\VMBuilds\AgvStation_oop\stm32duino_genericSTM32F103C\Debug\core.a(usb_serial.cpp.o)
                0x08007b2c                USBSerial::write(unsigned char const*, unsigned long)
 .text._ZN9USBSerial5writeEh
                0x08007b78       0x16 C:\Users\postt\AppData\Local\Temp\VMBuilds\AgvStation_oop\stm32duino_genericSTM32F103C\Debug\core.a(usb_serial.cpp.o)
                0x08007b78                USBSerial::write(unsigned char)
 .text._ZN9USBSerial5writeEPKc
                0x08007b8e       0x1a C:\Users\postt\AppData\Local\Temp\VMBuilds\AgvStation_oop\stm32duino_genericSTM32F103C\Debug\core.a(usb_serial.cpp.o)
                0x08007b8e                USBSerial::write(char const*)
 .text._ZN9USBSerial4readEPhm
                0x08007ba8       0x1c C:\Users\postt\AppData\Local\Temp\VMBuilds\AgvStation_oop\stm32duino_genericSTM32F103C\Debug\core.a(usb_serial.cpp.o)
                0x08007ba8                USBSerial::read(unsigned char*, unsigned long)
 .text._ZN9USBSerial5flushEv
                0x08007bc4       0x1c C:\Users\postt\AppData\Local\Temp\VMBuilds\AgvStation_oop\stm32duino_genericSTM32F103C\Debug\core.a(usb_serial.cpp.o)
                0x08007bc4                USBSerial::flush()
 .text.startup._GLOBAL__sub_I__ZN9USBSerial9_hasBegunE
                0x08007be0        0xc C:\Users\postt\AppData\Local\Temp\VMBuilds\AgvStation_oop\stm32duino_genericSTM32F103C\Debug\core.a(usb_serial.cpp.o)
 .text._Z11digitalReadh
                0x08007bec       0x2c C:\Users\postt\AppData\Local\Temp\VMBuilds\AgvStation_oop\stm32duino_genericSTM32F103C\Debug\core.a(wirish_digital.cpp.o)
                0x08007bec                digitalRead(unsigned char)
 .text._Z12digitalWritehh
                0x08007c18       0x2c C:\Users\postt\AppData\Local\Temp\VMBuilds\AgvStation_oop\stm32duino_genericSTM32F103C\Debug\core.a(wirish_digital.cpp.o)
                0x08007c18                digitalWrite(unsigned char, unsigned char)
 .text._ZL6microsv
                0x08007c44       0x34 C:\Users\postt\AppData\Local\Temp\VMBuilds\AgvStation_oop\stm32duino_genericSTM32F103C\Debug\core.a(wirish_time.cpp.o)
 .text._Z5delaym
                0x08007c78       0x2a C:\Users\postt\AppData\Local\Temp\VMBuilds\AgvStation_oop\stm32duino_genericSTM32F103C\Debug\core.a(wirish_time.cpp.o)
                0x08007c78                delay(unsigned long)
 .text._ZNK6String14StringIfHelperEv
                0x08007ca2        0x2 C:\Users\postt\AppData\Local\Temp\VMBuilds\AgvStation_oop\stm32duino_genericSTM32F103C\Debug\core.a(WString.cpp.o)
                0x08007ca2                String::StringIfHelper() const
 .text._ZN6StringD2Ev
                0x08007ca4        0xe C:\Users\postt\AppData\Local\Temp\VMBuilds\AgvStation_oop\stm32duino_genericSTM32F103C\Debug\core.a(WString.cpp.o)
                0x08007ca4                String::~String()
                0x08007ca4                String::~String()
 .text._ZN6String10invalidateEv
                0x08007cb2       0x16 C:\Users\postt\AppData\Local\Temp\VMBuilds\AgvStation_oop\stm32duino_genericSTM32F103C\Debug\core.a(WString.cpp.o)
                0x08007cb2                String::invalidate()
 .text._ZN6String12changeBufferEj
                0x08007cc8       0x18 C:\Users\postt\AppData\Local\Temp\VMBuilds\AgvStation_oop\stm32duino_genericSTM32F103C\Debug\core.a(WString.cpp.o)
                0x08007cc8                String::changeBuffer(unsigned int)
 .text._ZN6String7reserveEj
                0x08007ce0       0x22 C:\Users\postt\AppData\Local\Temp\VMBuilds\AgvStation_oop\stm32duino_genericSTM32F103C\Debug\core.a(WString.cpp.o)
                0x08007ce0                String::reserve(unsigned int)
 .text._ZN6String4copyEPKcj
                0x08007d02       0x26 C:\Users\postt\AppData\Local\Temp\VMBuilds\AgvStation_oop\stm32duino_genericSTM32F103C\Debug\core.a(WString.cpp.o)
                0x08007d02                String::copy(char const*, unsigned int)
 .text._ZN6StringC2EPKc
                0x08007d28       0x24 C:\Users\postt\AppData\Local\Temp\VMBuilds\AgvStation_oop\stm32duino_genericSTM32F103C\Debug\core.a(WString.cpp.o)
                0x08007d28                String::String(char const*)
                0x08007d28                String::String(char const*)
 .text._ZN6String4moveERS_
                0x08007d4c       0x44 C:\Users\postt\AppData\Local\Temp\VMBuilds\AgvStation_oop\stm32duino_genericSTM32F103C\Debug\core.a(WString.cpp.o)
                0x08007d4c                String::move(String&)
 .text._ZN6StringaSERKS_
                0x08007d90       0x1e C:\Users\postt\AppData\Local\Temp\VMBuilds\AgvStation_oop\stm32duino_genericSTM32F103C\Debug\core.a(WString.cpp.o)
                0x08007d90                String::operator=(String const&)
 .text._ZN6StringC2ERKS_
                0x08007dae       0x14 C:\Users\postt\AppData\Local\Temp\VMBuilds\AgvStation_oop\stm32duino_genericSTM32F103C\Debug\core.a(WString.cpp.o)
                0x08007dae                String::String(String const&)
                0x08007dae                String::String(String const&)
 .text._ZN6StringaSEOS_
                0x08007dc2       0x10 C:\Users\postt\AppData\Local\Temp\VMBuilds\AgvStation_oop\stm32duino_genericSTM32F103C\Debug\core.a(WString.cpp.o)
                0x08007dc2                String::operator=(String&&)
 .text._ZN6StringaSEPKc
                0x08007dd2       0x22 C:\Users\postt\AppData\Local\Temp\VMBuilds\AgvStation_oop\stm32duino_genericSTM32F103C\Debug\core.a(WString.cpp.o)
                0x08007dd2                String::operator=(char const*)
 .text._ZN6StringC2Ehh
                0x08007df4       0x22 C:\Users\postt\AppData\Local\Temp\VMBuilds\AgvStation_oop\stm32duino_genericSTM32F103C\Debug\core.a(WString.cpp.o)
                0x08007df4                String::String(unsigned char, unsigned char)
                0x08007df4                String::String(unsigned char, unsigned char)
 .text._ZN6StringC2Eih
                0x08007e16       0x24 C:\Users\postt\AppData\Local\Temp\VMBuilds\AgvStation_oop\stm32duino_genericSTM32F103C\Debug\core.a(WString.cpp.o)
                0x08007e16                String::String(int, unsigned char)
                0x08007e16                String::String(int, unsigned char)
 .text._ZN6String6concatEPKcj
                0x08007e3a       0x2e C:\Users\postt\AppData\Local\Temp\VMBuilds\AgvStation_oop\stm32duino_genericSTM32F103C\Debug\core.a(WString.cpp.o)
                0x08007e3a                String::concat(char const*, unsigned int)
 .text._ZN6String6concatEc
                0x08007e68       0x1a C:\Users\postt\AppData\Local\Temp\VMBuilds\AgvStation_oop\stm32duino_genericSTM32F103C\Debug\core.a(WString.cpp.o)
                0x08007e68                String::concat(char)
 .text._ZplRK15StringSumHelperRK6String
                0x08007e82       0x1a C:\Users\postt\AppData\Local\Temp\VMBuilds\AgvStation_oop\stm32duino_genericSTM32F103C\Debug\core.a(WString.cpp.o)
                0x08007e82                operator+(StringSumHelper const&, String const&)
 .text._ZplRK15StringSumHelperPKc
                0x08007e9c       0x24 C:\Users\postt\AppData\Local\Temp\VMBuilds\AgvStation_oop\stm32duino_genericSTM32F103C\Debug\core.a(WString.cpp.o)
                0x08007e9c                operator+(StringSumHelper const&, char const*)
 .text._ZplRK15StringSumHelperc
                0x08007ec0       0x14 C:\Users\postt\AppData\Local\Temp\VMBuilds\AgvStation_oop\stm32duino_genericSTM32F103C\Debug\core.a(WString.cpp.o)
                0x08007ec0                operator+(StringSumHelper const&, char)
 .text._ZNK6String9compareToERKS_
                0x08007ed4       0x2c C:\Users\postt\AppData\Local\Temp\VMBuilds\AgvStation_oop\stm32duino_genericSTM32F103C\Debug\core.a(WString.cpp.o)
                0x08007ed4                String::compareTo(String const&) const
 .text._ZNK6String6equalsERKS_
                0x08007f00       0x1c C:\Users\postt\AppData\Local\Temp\VMBuilds\AgvStation_oop\stm32duino_genericSTM32F103C\Debug\core.a(WString.cpp.o)
                0x08007f00                String::equals(String const&) const
 .text._ZNK6String6equalsEPKc
                0x08007f1c       0x26 C:\Users\postt\AppData\Local\Temp\VMBuilds\AgvStation_oop\stm32duino_genericSTM32F103C\Debug\core.a(WString.cpp.o)
                0x08007f1c                String::equals(char const*) const
 *fill*         0x08007f42        0x2 
 .text._ZN6StringixEj
                0x08007f44       0x1c C:\Users\postt\AppData\Local\Temp\VMBuilds\AgvStation_oop\stm32duino_genericSTM32F103C\Debug\core.a(WString.cpp.o)
                0x08007f44                String::operator[](unsigned int)
 .text._ZNK6String9substringEjj
                0x08007f60       0x4c C:\Users\postt\AppData\Local\Temp\VMBuilds\AgvStation_oop\stm32duino_genericSTM32F103C\Debug\core.a(WString.cpp.o)
                0x08007f60                String::substring(unsigned int, unsigned int) const
 .text._ZN6String4trimEv
                0x08007fac       0x54 C:\Users\postt\AppData\Local\Temp\VMBuilds\AgvStation_oop\stm32duino_genericSTM32F103C\Debug\core.a(WString.cpp.o)
                0x08007fac                String::trim()
 .text._Z17disableDebugPortsv
                0x08008000       0x14 C:\Users\postt\AppData\Local\Temp\VMBuilds\AgvStation_oop\stm32duino_genericSTM32F103C\Debug\core.a(wirish_debug.cpp.o)
                0x08008000                disableDebugPorts()
 .text._Z7pinModeh13WiringPinMode
                0x08008014       0x84 C:\Users\postt\AppData\Local\Temp\VMBuilds\AgvStation_oop\stm32duino_genericSTM32F103C\Debug\core.a(wirish_digital_f1.cpp.o)
                0x08008014                pinMode(unsigned char, WiringPinMode)
 .text.__empty  0x08008098        0x2 C:\Users\postt\AppData\Local\Temp\VMBuilds\AgvStation_oop\stm32duino_genericSTM32F103C\Debug\core.a(hooks.c.o)
                0x08008098                yield
 .text.ltoa     0x0800809a       0x6e C:\Users\postt\AppData\Local\Temp\VMBuilds\AgvStation_oop\stm32duino_genericSTM32F103C\Debug\core.a(itoa.c.o)
                0x0800809a                ltoa
 .text.itoa     0x08008108        0x4 C:\Users\postt\AppData\Local\Temp\VMBuilds\AgvStation_oop\stm32duino_genericSTM32F103C\Debug\core.a(itoa.c.o)
                0x08008108                itoa
 .text.ultoa    0x0800810c       0x52 C:\Users\postt\AppData\Local\Temp\VMBuilds\AgvStation_oop\stm32duino_genericSTM32F103C\Debug\core.a(itoa.c.o)
                0x0800810c                ultoa
 .text.utoa     0x0800815e        0x4 C:\Users\postt\AppData\Local\Temp\VMBuilds\AgvStation_oop\stm32duino_genericSTM32F103C\Debug\core.a(itoa.c.o)
                0x0800815e                utoa
 .text.bkp_init
                0x08008162       0x18 C:\Users\postt\AppData\Local\Temp\VMBuilds\AgvStation_oop\stm32duino_genericSTM32F103C\Debug\core.a(bkp_f1.c.o)
                0x08008162                bkp_init
 *fill*         0x0800817a        0x2 
 .text.bkp_enable_writes
                0x0800817c        0xc C:\Users\postt\AppData\Local\Temp\VMBuilds\AgvStation_oop\stm32duino_genericSTM32F103C\Debug\core.a(bkp_f1.c.o)
                0x0800817c                bkp_enable_writes
 .text.bkp_disable_writes
                0x08008188        0xc C:\Users\postt\AppData\Local\Temp\VMBuilds\AgvStation_oop\stm32duino_genericSTM32F103C\Debug\core.a(bkp_f1.c.o)
                0x08008188                bkp_disable_writes
 .text.bkp_write
                0x08008194       0x16 C:\Users\postt\AppData\Local\Temp\VMBuilds\AgvStation_oop\stm32duino_genericSTM32F103C\Debug\core.a(bkp_f1.c.o)
                0x08008194                bkp_write
 .text.gpio_init
                0x080081aa       0x14 C:\Users\postt\AppData\Local\Temp\VMBuilds\AgvStation_oop\stm32duino_genericSTM32F103C\Debug\core.a(gpio.c.o)
                0x080081aa                gpio_init
 *fill*         0x080081be        0x2 
 .text.usart_init
                0x080081c0       0x4c C:\Users\postt\AppData\Local\Temp\VMBuilds\AgvStation_oop\stm32duino_genericSTM32F103C\Debug\core.a(usart.c.o)
                0x080081c0                usart_init
 .text.usart_enable
                0x0800820c       0x14 C:\Users\postt\AppData\Local\Temp\VMBuilds\AgvStation_oop\stm32duino_genericSTM32F103C\Debug\core.a(usart.c.o)
                0x0800820c                usart_enable
 .text.usart_tx
                0x08008220       0x9c C:\Users\postt\AppData\Local\Temp\VMBuilds\AgvStation_oop\stm32duino_genericSTM32F103C\Debug\core.a(usart.c.o)
                0x08008220                usart_tx
 .text          0x080082bc       0x2c c:/users/postt/appdata/local/arduino15/packages/arduino/tools/arm-none-eabi-gcc/4.8.3-2014q1/bin/../lib/gcc/arm-none-eabi/4.8.3/armv7-m\libgcc.a(_aeabi_uldivmod.o)
                0x080082bc                __aeabi_uldivmod
 .text          0x080082e8       0x60 c:/users/postt/appdata/local/arduino15/packages/arduino/tools/arm-none-eabi-gcc/4.8.3-2014q1/bin/../lib/gcc/arm-none-eabi/4.8.3/armv7-m\libgcc.a(bpabi.o)
                0x080082e8                __gnu_ldivmod_helper
                0x08008318                __gnu_uldivmod_helper
 .text          0x08008348        0x4 c:/users/postt/appdata/local/arduino15/packages/arduino/tools/arm-none-eabi-gcc/4.8.3-2014q1/bin/../lib/gcc/arm-none-eabi/4.8.3/armv7-m\libgcc.a(_dvmd_tls.o)
                0x08008348                __aeabi_idiv0
                0x08008348                __aeabi_ldiv0
 .text          0x0800834c      0x2a0 c:/users/postt/appdata/local/arduino15/packages/arduino/tools/arm-none-eabi-gcc/4.8.3-2014q1/bin/../lib/gcc/arm-none-eabi/4.8.3/armv7-m\libgcc.a(_divdi3.o)
                0x0800834c                __divdi3
 .text          0x080085ec      0x290 c:/users/postt/appdata/local/arduino15/packages/arduino/tools/arm-none-eabi-gcc/4.8.3-2014q1/bin/../lib/gcc/arm-none-eabi/4.8.3/armv7-m\libgcc.a(_udivdi3.o)
                0x080085ec                __udivdi3
 .text.__errno  0x0800887c        0xc c:/users/postt/appdata/local/arduino15/packages/arduino/tools/arm-none-eabi-gcc/4.8.3-2014q1/bin/../lib/gcc/arm-none-eabi/4.8.3/../../../../arm-none-eabi/lib/armv7-m\libc.a(lib_a-errno.o)
                0x0800887c                __errno
 .text.__libc_init_array
                0x08008888       0x50 c:/users/postt/appdata/local/arduino15/packages/arduino/tools/arm-none-eabi-gcc/4.8.3-2014q1/bin/../lib/gcc/arm-none-eabi/4.8.3/../../../../arm-none-eabi/lib/armv7-m\libc.a(lib_a-init.o)
                0x08008888                __libc_init_array
 .text.isspace  0x080088d8       0x14 c:/users/postt/appdata/local/arduino15/packages/arduino/tools/arm-none-eabi-gcc/4.8.3-2014q1/bin/../lib/gcc/arm-none-eabi/4.8.3/../../../../arm-none-eabi/lib/armv7-m\libc.a(lib_a-isspace.o)
                0x080088d8                isspace
 .text.malloc   0x080088ec       0x10 c:/users/postt/appdata/local/arduino15/packages/arduino/tools/arm-none-eabi-gcc/4.8.3-2014q1/bin/../lib/gcc/arm-none-eabi/4.8.3/../../../../arm-none-eabi/lib/armv7-m\libc.a(lib_a-malloc.o)
                0x080088ec                malloc
 .text.free     0x080088fc       0x10 c:/users/postt/appdata/local/arduino15/packages/arduino/tools/arm-none-eabi-gcc/4.8.3-2014q1/bin/../lib/gcc/arm-none-eabi/4.8.3/../../../../arm-none-eabi/lib/armv7-m\libc.a(lib_a-malloc.o)
                0x080088fc                free
 .text._malloc_r
                0x0800890c      0x538 c:/users/postt/appdata/local/arduino15/packages/arduino/tools/arm-none-eabi-gcc/4.8.3-2014q1/bin/../lib/gcc/arm-none-eabi/4.8.3/../../../../arm-none-eabi/lib/armv7-m\libc.a(lib_a-mallocr.o)
                0x0800890c                _malloc_r
 .text          0x08008e44       0xec c:/users/postt/appdata/local/arduino15/packages/arduino/tools/arm-none-eabi-gcc/4.8.3-2014q1/bin/../lib/gcc/arm-none-eabi/4.8.3/../../../../arm-none-eabi/lib/armv7-m\libc.a(lib_a-memcpy.o)
                0x08008e44                memcpy
 .text.memmove  0x08008f30       0xcc c:/users/postt/appdata/local/arduino15/packages/arduino/tools/arm-none-eabi-gcc/4.8.3-2014q1/bin/../lib/gcc/arm-none-eabi/4.8.3/../../../../arm-none-eabi/lib/armv7-m\libc.a(lib_a-memmove.o)
                0x08008f30                memmove
 .text.memset   0x08008ffc       0x94 c:/users/postt/appdata/local/arduino15/packages/arduino/tools/arm-none-eabi-gcc/4.8.3-2014q1/bin/../lib/gcc/arm-none-eabi/4.8.3/../../../../arm-none-eabi/lib/armv7-m\libc.a(lib_a-memset.o)
                0x08008ffc                memset
 .text.__malloc_lock
                0x08009090        0x4 c:/users/postt/appdata/local/arduino15/packages/arduino/tools/arm-none-eabi-gcc/4.8.3-2014q1/bin/../lib/gcc/arm-none-eabi/4.8.3/../../../../arm-none-eabi/lib/armv7-m\libc.a(lib_a-mlock.o)
                0x08009090                __malloc_lock
 .text.__malloc_unlock
                0x08009094        0x4 c:/users/postt/appdata/local/arduino15/packages/arduino/tools/arm-none-eabi-gcc/4.8.3-2014q1/bin/../lib/gcc/arm-none-eabi/4.8.3/../../../../arm-none-eabi/lib/armv7-m\libc.a(lib_a-mlock.o)
                0x08009094                __malloc_unlock
 .text.realloc  0x08009098       0x10 c:/users/postt/appdata/local/arduino15/packages/arduino/tools/arm-none-eabi-gcc/4.8.3-2014q1/bin/../lib/gcc/arm-none-eabi/4.8.3/../../../../arm-none-eabi/lib/armv7-m\libc.a(lib_a-realloc.o)
                0x08009098                realloc
 .text._realloc_r
                0x080090a8      0x3c0 c:/users/postt/appdata/local/arduino15/packages/arduino/tools/arm-none-eabi-gcc/4.8.3-2014q1/bin/../lib/gcc/arm-none-eabi/4.8.3/../../../../arm-none-eabi/lib/armv7-m\libc.a(lib_a-reallocr.o)
                0x080090a8                _realloc_r
 .text._sbrk_r  0x08009468       0x24 c:/users/postt/appdata/local/arduino15/packages/arduino/tools/arm-none-eabi-gcc/4.8.3-2014q1/bin/../lib/gcc/arm-none-eabi/4.8.3/../../../../arm-none-eabi/lib/armv7-m\libc.a(lib_a-sbrkr.o)
                0x08009468                _sbrk_r
 .text          0x0800948c      0x23c c:/users/postt/appdata/local/arduino15/packages/arduino/tools/arm-none-eabi-gcc/4.8.3-2014q1/bin/../lib/gcc/arm-none-eabi/4.8.3/../../../../arm-none-eabi/lib/armv7-m\libc.a(lib_a-strcmp.o)
                0x0800948c                strcmp
 .text.strcpy   0x080096c8       0xbc c:/users/postt/appdata/local/arduino15/packages/arduino/tools/arm-none-eabi-gcc/4.8.3-2014q1/bin/../lib/gcc/arm-none-eabi/4.8.3/../../../../arm-none-eabi/lib/armv7-m\libc.a(lib_a-strcpy.o)
                0x080096c8                strcpy
 .text.strlen   0x08009784       0x60 c:/users/postt/appdata/local/arduino15/packages/arduino/tools/arm-none-eabi-gcc/4.8.3-2014q1/bin/../lib/gcc/arm-none-eabi/4.8.3/../../../../arm-none-eabi/lib/armv7-m\libc.a(lib_a-strlen.o)
                0x08009784                strlen
 .text.startup.register_fini
                0x080097e4       0x14 c:/users/postt/appdata/local/arduino15/packages/arduino/tools/arm-none-eabi-gcc/4.8.3-2014q1/bin/../lib/gcc/arm-none-eabi/4.8.3/../../../../arm-none-eabi/lib/armv7-m\libc.a(lib_a-__call_atexit.o)
 .text.atexit   0x080097f8        0xc c:/users/postt/appdata/local/arduino15/packages/arduino/tools/arm-none-eabi-gcc/4.8.3-2014q1/bin/../lib/gcc/arm-none-eabi/4.8.3/../../../../arm-none-eabi/lib/armv7-m\libc.a(lib_a-atexit.o)
                0x080097f8                atexit
 .text.__libc_fini_array
                0x08009804       0x30 c:/users/postt/appdata/local/arduino15/packages/arduino/tools/arm-none-eabi-gcc/4.8.3-2014q1/bin/../lib/gcc/arm-none-eabi/4.8.3/../../../../arm-none-eabi/lib/armv7-m\libc.a(lib_a-fini.o)
                0x08009804                __libc_fini_array
 .text._malloc_trim_r
                0x08009834       0x9c c:/users/postt/appdata/local/arduino15/packages/arduino/tools/arm-none-eabi-gcc/4.8.3-2014q1/bin/../lib/gcc/arm-none-eabi/4.8.3/../../../../arm-none-eabi/lib/armv7-m\libc.a(lib_a-freer.o)
                0x08009834                _malloc_trim_r
 .text._free_r  0x080098d0      0x198 c:/users/postt/appdata/local/arduino15/packages/arduino/tools/arm-none-eabi-gcc/4.8.3-2014q1/bin/../lib/gcc/arm-none-eabi/4.8.3/../../../../arm-none-eabi/lib/armv7-m\libc.a(lib_a-freer.o)
                0x080098d0                _free_r
 .text.__register_exitproc
                0x08009a68       0xa8 c:/users/postt/appdata/local/arduino15/packages/arduino/tools/arm-none-eabi-gcc/4.8.3-2014q1/bin/../lib/gcc/arm-none-eabi/4.8.3/../../../../arm-none-eabi/lib/armv7-m\libc.a(lib_a-__atexit.o)
                0x08009a68                __register_exitproc
 *(.plt)
 *(.gnu.warning)
 *(.glue_7t)
 .glue_7t       0x00000000        0x0 linker stubs
 *(.glue_7)
 .glue_7        0x00000000        0x0 linker stubs
 *(.vfp11_veneer)
 .vfp11_veneer  0x00000000        0x0 linker stubs
 *(.ARM.extab* .gnu.linkonce.armextab.*)
 *(.gcc_except_table)
 *(.eh_frame_hdr)
 *(.eh_frame)
 .eh_frame      0x08009b10        0x0 c:/users/postt/appdata/local/arduino15/packages/arduino/tools/arm-none-eabi-gcc/4.8.3-2014q1/bin/../lib/gcc/arm-none-eabi/4.8.3/armv7-m/crtbegin.o
                0x08009b10                . = ALIGN (0x4)
 *(.init)
 .init          0x08009b10        0x4 c:/users/postt/appdata/local/arduino15/packages/arduino/tools/arm-none-eabi-gcc/4.8.3-2014q1/bin/../lib/gcc/arm-none-eabi/4.8.3/armv7-m/crti.o
                0x08009b10                _init
 .init          0x08009b14        0x8 c:/users/postt/appdata/local/arduino15/packages/arduino/tools/arm-none-eabi-gcc/4.8.3-2014q1/bin/../lib/gcc/arm-none-eabi/4.8.3/armv7-m/crtn.o
                0x08009b1c                . = ALIGN (0x4)
                0x08009b1c                __preinit_array_start = .
 *(.preinit_array)
                0x08009b1c                __preinit_array_end = .
                0x08009b1c                . = ALIGN (0x4)
                0x08009b1c                __init_array_start = .
 *(SORT(.init_array.*))
 .init_array.00000
                0x08009b1c        0x4 c:/users/postt/appdata/local/arduino15/packages/arduino/tools/arm-none-eabi-gcc/4.8.3-2014q1/bin/../lib/gcc/arm-none-eabi/4.8.3/../../../../arm-none-eabi/lib/armv7-m\libc.a(lib_a-__call_atexit.o)
 .init_array.00101
                0x08009b20        0x4 C:\Users\postt\AppData\Local\Temp\VMBuilds\AgvStation_oop\stm32duino_genericSTM32F103C\Debug\core.a(main.cpp.o)
 *(.init_array)
 .init_array    0x08009b24        0x4 c:/users/postt/appdata/local/arduino15/packages/arduino/tools/arm-none-eabi-gcc/4.8.3-2014q1/bin/../lib/gcc/arm-none-eabi/4.8.3/armv7-m/crtbegin.o
 .init_array    0x08009b28        0x4 AgvStation_oop.cpp.o
 .init_array    0x08009b2c        0x4 SPI\SPI.cpp.o
 .init_array    0x08009b30        0x4 Wire\Wire.cpp.o
 .init_array    0x08009b34        0x4 VM_DBG\VM_DBG.cpp.o
 .init_array    0x08009b38        0x4 C:\Users\postt\AppData\Local\Temp\VMBCore\arduino16x\47a7ac06b9f899a5dc61b3ffb9ff72f0\variant\board.cpp.o
 .init_array    0x08009b3c        0x4 C:\Users\postt\AppData\Local\Temp\VMBuilds\AgvStation_oop\stm32duino_genericSTM32F103C\Debug\core.a(usb_serial.cpp.o)
                0x08009b40                __init_array_end = .
                0x08009b40                . = ALIGN (0x4)
 *crtbegin.o(.ctors)
 *(EXCLUDE_FILE(*crtend.o) .ctors)
 *(SORT(.ctors.*))
 *crtend.o(.ctors)
                0x08009b40                . = ALIGN (0x4)
 *(.fini)
 .fini          0x08009b40        0x4 c:/users/postt/appdata/local/arduino15/packages/arduino/tools/arm-none-eabi-gcc/4.8.3-2014q1/bin/../lib/gcc/arm-none-eabi/4.8.3/armv7-m/crti.o
                0x08009b40                _fini
 .fini          0x08009b44        0x8 c:/users/postt/appdata/local/arduino15/packages/arduino/tools/arm-none-eabi-gcc/4.8.3-2014q1/bin/../lib/gcc/arm-none-eabi/4.8.3/armv7-m/crtn.o
                0x08009b4c                . = ALIGN (0x4)
                0x08009b4c                __fini_array_start = .
 *(.fini_array)
 .fini_array    0x08009b4c        0x4 c:/users/postt/appdata/local/arduino15/packages/arduino/tools/arm-none-eabi-gcc/4.8.3-2014q1/bin/../lib/gcc/arm-none-eabi/4.8.3/armv7-m/crtbegin.o
 .fini_array    0x08009b50        0x4 AgvStation_oop.cpp.o
 .fini_array    0x08009b54        0x4 Wire\Wire.cpp.o
 *(SORT(.fini_array.*))
                0x08009b58                __fini_array_end = .
 *crtbegin.o(.dtors)
 *(EXCLUDE_FILE(*crtend.o) .dtors)
 *(SORT(.dtors.*))
 *crtend.o(.dtors)

.v4_bx          0x08009b58        0x0
 .v4_bx         0x00000000        0x0 linker stubs

.iplt           0x08009b58        0x0
 .iplt          0x00000000        0x0 c:/users/postt/appdata/local/arduino15/packages/arduino/tools/arm-none-eabi-gcc/4.8.3-2014q1/bin/../lib/gcc/arm-none-eabi/4.8.3/armv7-m/crtbegin.o

.text.align     0x08009b58        0x0
                0x08009b58                . = ALIGN (0x8)
                0x08009b58                __text_end__ = .
                0x08009b58                __exidx_start = .

.ARM.exidx      0x08009b58        0x8
 *(.ARM.exidx* .gnu.linkonce.armexidx.*)
 .ARM.exidx     0x08009b58        0x8 C:\Users\postt\AppData\Local\Temp\VMBCore\arduino16x\47a7ac06b9f899a5dc61b3ffb9ff72f0\variant\start.S.o
 .ARM.exidx     0x08009b60        0x0 c:/users/postt/appdata/local/arduino15/packages/arduino/tools/arm-none-eabi-gcc/4.8.3-2014q1/bin/../lib/gcc/arm-none-eabi/4.8.3/armv7-m\libgcc.a(_divdi3.o)
                                  0x8 (size before relaxing)
 .ARM.exidx     0x08009b60        0x0 c:/users/postt/appdata/local/arduino15/packages/arduino/tools/arm-none-eabi-gcc/4.8.3-2014q1/bin/../lib/gcc/arm-none-eabi/4.8.3/armv7-m\libgcc.a(_udivdi3.o)
                                  0x8 (size before relaxing)
                0x08009b60                __exidx_end = .

.data           0x20000000     0x10d0 load address 0x08009b60
                0x20000000                __data_start__ = .
                0x20000000        0x4 LONG 0x0
                0x20000008                . = ALIGN (0x8)
 *fill*         0x20000004        0x4 
 *(.got.plt)
 *(.got)
 *(.data .data.* .gnu.linkonce.d.*)
 .data._ZZN16Adafruit_SSD130621drawFastVLineInternalEssstE8postmask
                0x20000008        0x8 Adafruit_SSD1306\Adafruit_SSD1306_STM32.cpp.o
                0x20000008                Adafruit_SSD1306::drawFastVLineInternal(short, short, short, unsigned short)::postmask
 .data._ZZN16Adafruit_SSD130621drawFastVLineInternalEssstE7premask