Archive member included because of file (symbol)

C:\Users\root\AppData\Local\Temp\VMBuilds\AgvStation\stm32duino_genericSTM32F103C\Release\core.a(exc.S.o)
                              (__exc_nmi)
C:\Users\root\AppData\Local\Temp\VMBuilds\AgvStation\stm32duino_genericSTM32F103C\Release\core.a(isrs.S.o)
                              (__stm32reservedexception7)
C:\Users\root\AppData\Local\Temp\VMBuilds\AgvStation\stm32duino_genericSTM32F103C\Release\core.a(vector_table.S.o)
                              (__stm32_vector_table)
C:\Users\root\AppData\Local\Temp\VMBuilds\AgvStation\stm32duino_genericSTM32F103C\Release\core.a(adc.c.o)
                              C:\Users\root\AppData\Local\Temp\VMBCore\arduino16x\d2e938235fae70ee18b7842253d8a36a\variant\boards.cpp.o (adc_set_sample_rate)
C:\Users\root\AppData\Local\Temp\VMBuilds\AgvStation\stm32duino_genericSTM32F103C\Release\core.a(adc_f1.c.o)
                              (__irq_adc)
C:\Users\root\AppData\Local\Temp\VMBuilds\AgvStation\stm32duino_genericSTM32F103C\Release\core.a(dma.c.o)
                              SPI\SPI.cpp.o (dma_init)
C:\Users\root\AppData\Local\Temp\VMBuilds\AgvStation\stm32duino_genericSTM32F103C\Release\core.a(dma_f1.c.o)
                              SPI\SPI.cpp.o (dma_set_priority)
C:\Users\root\AppData\Local\Temp\VMBuilds\AgvStation\stm32duino_genericSTM32F103C\Release\core.a(exti.c.o)
                              (__irq_exti0)
C:\Users\root\AppData\Local\Temp\VMBuilds\AgvStation\stm32duino_genericSTM32F103C\Release\core.a(exti_f1.c.o)
                              C:\Users\root\AppData\Local\Temp\VMBuilds\AgvStation\stm32duino_genericSTM32F103C\Release\core.a(exti.c.o) (exti_select)
C:\Users\root\AppData\Local\Temp\VMBuilds\AgvStation\stm32duino_genericSTM32F103C\Release\core.a(flash.c.o)
                              C:\Users\root\AppData\Local\Temp\VMBCore\arduino16x\d2e938235fae70ee18b7842253d8a36a\variant\boards.cpp.o (flash_set_latency)
C:\Users\root\AppData\Local\Temp\VMBuilds\AgvStation\stm32duino_genericSTM32F103C\Release\core.a(gpio_f1.c.o)
                              C:\Users\root\AppData\Local\Temp\VMBCore\arduino16x\d2e938235fae70ee18b7842253d8a36a\variant\boards_setup.cpp.o (gpio_init_all)
C:\Users\root\AppData\Local\Temp\VMBuilds\AgvStation\stm32duino_genericSTM32F103C\Release\core.a(i2c.c.o)
                              Wire\Wire.cpp.o (i2c_master_enable)
C:\Users\root\AppData\Local\Temp\VMBuilds\AgvStation\stm32duino_genericSTM32F103C\Release\core.a(i2c_f1.c.o)
                              C:\Users\root\AppData\Local\Temp\VMBuilds\AgvStation\stm32duino_genericSTM32F103C\Release\core.a(i2c.c.o) (i2c_config_gpios)
C:\Users\root\AppData\Local\Temp\VMBuilds\AgvStation\stm32duino_genericSTM32F103C\Release\core.a(iwdg.c.o)
                              AgvStation.cpp.o (iwdg_init)
C:\Users\root\AppData\Local\Temp\VMBuilds\AgvStation\stm32duino_genericSTM32F103C\Release\core.a(nvic.c.o)
                              C:\Users\root\AppData\Local\Temp\VMBuilds\AgvStation\stm32duino_genericSTM32F103C\Release\core.a(i2c_f1.c.o) (nvic_irq_set_priority)
C:\Users\root\AppData\Local\Temp\VMBuilds\AgvStation\stm32duino_genericSTM32F103C\Release\core.a(rcc.c.o)
                              SPI\SPI.cpp.o (rcc_dev_clk)
C:\Users\root\AppData\Local\Temp\VMBuilds\AgvStation\stm32duino_genericSTM32F103C\Release\core.a(rcc_f1.c.o)
                              C:\Users\root\AppData\Local\Temp\VMBCore\arduino16x\d2e938235fae70ee18b7842253d8a36a\variant\boards.cpp.o (rcc_configure_pll)
C:\Users\root\AppData\Local\Temp\VMBuilds\AgvStation\stm32duino_genericSTM32F103C\Release\core.a(spi.c.o)
                              SPI\SPI.cpp.o (spi_init)
C:\Users\root\AppData\Local\Temp\VMBuilds\AgvStation\stm32duino_genericSTM32F103C\Release\core.a(spi_f1.c.o)
                              SPI\SPI.cpp.o (spi_config_gpios)
C:\Users\root\AppData\Local\Temp\VMBuilds\AgvStation\stm32duino_genericSTM32F103C\Release\core.a(systick.c.o)
                              C:\Users\root\AppData\Local\Temp\VMBCore\arduino16x\d2e938235fae70ee18b7842253d8a36a\variant\boards.cpp.o (systick_init)
C:\Users\root\AppData\Local\Temp\VMBuilds\AgvStation\stm32duino_genericSTM32F103C\Release\core.a(timer.c.o)
                              C:\Users\root\AppData\Local\Temp\VMBCore\arduino16x\d2e938235fae70ee18b7842253d8a36a\variant\boards.cpp.o (timer_foreach)
C:\Users\root\AppData\Local\Temp\VMBuilds\AgvStation\stm32duino_genericSTM32F103C\Release\core.a(usart_f1.c.o)
                              (__irq_usart1)
C:\Users\root\AppData\Local\Temp\VMBuilds\AgvStation\stm32duino_genericSTM32F103C\Release\core.a(usart_private.c.o)
                              C:\Users\root\AppData\Local\Temp\VMBuilds\AgvStation\stm32duino_genericSTM32F103C\Release\core.a(usart_f1.c.o) (_usart_clock_freq)
C:\Users\root\AppData\Local\Temp\VMBuilds\AgvStation\stm32duino_genericSTM32F103C\Release\core.a(util.c.o)
[...]
Memory Configuration

Name             Origin             Length             Attributes
ram              0x20000000         0x00005000         xrw
rom              0x08002000         0x0001e000         xr
*default*        0x00000000         0xffffffff

Linker script and memory map

LOAD c:/users/root/appdata/local/arduino15/packages/arduino/tools/arm-none-eabi-gcc/4.8.3-2014q1/bin/../lib/gcc/arm-none-eabi/4.8.3/armv7-m/crti.o
LOAD c:/users/root/appdata/local/arduino15/packages/arduino/tools/arm-none-eabi-gcc/4.8.3-2014q1/bin/../lib/gcc/arm-none-eabi/4.8.3/armv7-m/crtbegin.o
LOAD c:/users/root/appdata/local/arduino15/packages/arduino/tools/arm-none-eabi-gcc/4.8.3-2014q1/bin/../lib/gcc/arm-none-eabi/4.8.3/../../../../arm-none-eabi/lib/armv7-m/crt0.o
LOAD c:/users/root/appdata/local/arduino15/packages/arduino/tools/arm-none-eabi-gcc/4.8.3-2014q1/bin/../lib/gcc/arm-none-eabi/4.8.3/armv7-m\libgcc.a
START GROUP
LOAD AgvStation.cpp.o
LOAD LiquidCrystal\LiquidCrystal.cpp.o
LOAD SPI\SPI.cpp.o
LOAD Wire\SoftWire.cpp.o
LOAD Wire\Wire.cpp.o
LOAD Wire\utility\WireBase.cpp.o
LOAD Adafruit_SSD1306\Adafruit_SSD1306.cpp.o
LOAD Adafruit_GFX_Library\glcdfont.c.o
LOAD Adafruit_GFX_Library\Adafruit_GFX.cpp.o
LOAD Adafruit_GFX_Library\Adafruit_SPITFT.cpp.o
LOAD C:\Users\root\AppData\Local\Temp\VMBCore\arduino16x\d2e938235fae70ee18b7842253d8a36a\variant\board.cpp.o
LOAD C:\Users\root\AppData\Local\Temp\VMBCore\arduino16x\d2e938235fae70ee18b7842253d8a36a\variant\boards.cpp.o
LOAD C:\Users\root\AppData\Local\Temp\VMBCore\arduino16x\d2e938235fae70ee18b7842253d8a36a\variant\boards_setup.cpp.o
LOAD C:\Users\root\AppData\Local\Temp\VMBCore\arduino16x\d2e938235fae70ee18b7842253d8a36a\variant\start.S.o
LOAD C:\Users\root\AppData\Local\Temp\VMBCore\arduino16x\d2e938235fae70ee18b7842253d8a36a\variant\start_c.c.o
LOAD C:\Users\root\AppData\Local\Temp\VMBCore\arduino16x\d2e938235fae70ee18b7842253d8a36a\variant\syscalls.c.o
LOAD C:\Users\root\AppData\Local\Temp\VMBuilds\AgvStation\stm32duino_genericSTM32F103C\Release\core.a
END GROUP
LOAD c:/users/root/appdata/local/arduino15/packages/arduino/tools/arm-none-eabi-gcc/4.8.3-2014q1/bin/../lib/gcc/arm-none-eabi/4.8.3/../../../../arm-none-eabi/lib/armv7-m\libstdc++.a
LOAD c:/users/root/appdata/local/arduino15/packages/arduino/tools/arm-none-eabi-gcc/4.8.3-2014q1/bin/../lib/gcc/arm-none-eabi/4.8.3/../../../../arm-none-eabi/lib/armv7-m\libm.a
START GROUP
LOAD c:/users/root/appdata/local/arduino15/packages/arduino/tools/arm-none-eabi-gcc/4.8.3-2014q1/bin/../lib/gcc/arm-none-eabi/4.8.3/armv7-m\libgcc.a
LOAD c:/users/root/appdata/local/arduino15/packages/arduino/tools/arm-none-eabi-gcc/4.8.3-2014q1/bin/../lib/gcc/arm-none-eabi/4.8.3/../../../../arm-none-eabi/lib/armv7-m\libc.a
END GROUP
LOAD c:/users/root/appdata/local/arduino15/packages/arduino/tools/arm-none-eabi-gcc/4.8.3-2014q1/bin/../lib/gcc/arm-none-eabi/4.8.3/armv7-m/crtend.o
LOAD c:/users/root/appdata/local/arduino15/packages/arduino/tools/arm-none-eabi-gcc/4.8.3-2014q1/bin/../lib/gcc/arm-none-eabi/4.8.3/armv7-m/crtn.o
START GROUP
LOAD c:/users/root/appdata/local/arduino15/packages/arduino/tools/arm-none-eabi-gcc/4.8.3-2014q1/bin/../lib/gcc/arm-none-eabi/4.8.3/armv7-m\libgcc.a
LOAD c:/users/root/appdata/local/arduino15/packages/arduino/tools/arm-none-eabi-gcc/4.8.3-2014q1/bin/../lib/gcc/arm-none-eabi/4.8.3/../../../../arm-none-eabi/lib/armv7-m\libc.a
LOAD c:/users/root/appdata/local/arduino15/packages/arduino/tools/arm-none-eabi-gcc/4.8.3-2014q1/bin/../lib/gcc/arm-none-eabi/4.8.3/../../../../arm-none-eabi/lib/armv7-m\libm.a
END GROUP
START GROUP
LOAD c:/users/root/appdata/local/arduino15/packages/arduino/tools/arm-none-eabi-gcc/4.8.3-2014q1/bin/../lib/gcc/arm-none-eabi/4.8.3/../../../../arm-none-eabi/lib/armv7-m\libnosys.a
END GROUP
                0x20005000                PROVIDE (__msp_init, (ORIGIN (ram) + 0x5000))
                0x08004e10                PROVIDE (__exc_reset, __start__)

.text           0x08002000     0x7880
                0x08002000                __text_start__ = .
 *(.stm32.interrupt_vector)
 .stm32.interrupt_vector
                0x08002000       0xec C:\Users\root\AppData\Local\Temp\VMBuilds\AgvStation\stm32duino_genericSTM32F103C\Release\core.a(vector_table.S.o)
                0x08002000                __stm32_vector_table
 *(.text .text.* .gnu.linkonce.t.*)
 .text          0x080020ec       0x54 c:/users/root/appdata/local/arduino15/packages/arduino/tools/arm-none-eabi-gcc/4.8.3-2014q1/bin/../lib/gcc/arm-none-eabi/4.8.3/armv7-m/crtbegin.o
 .text.__tcf_0  0x08002140       0x1c AgvStation.cpp.o
 .text._Z6buzzOnb.part.4
                0x0800215c        0x8 AgvStation.cpp.o
 .text._Z8hc12Initv
                0x08002164        0x8 AgvStation.cpp.o
                0x08002164                hc12Init()
 .text._Z11genCheckSum6String
                0x0800216c       0x24 AgvStation.cpp.o
                0x0800216c                genCheckSum(String)
 .text._Z10genPackage6StringS_S_S_
                0x08002190       0xdc AgvStation.cpp.o
                0x08002190                genPackage(String, String, String, String)
 .text._Z8checkSum6String
                0x0800226c      0x124 AgvStation.cpp.o
                0x0800226c                checkSum(String)
 .text._Z11extractData6String
                0x08002390       0x94 AgvStation.cpp.o
                0x08002390                extractData(String)
 .text._Z13printMessListv
                0x08002424       0xb0 AgvStation.cpp.o
                0x08002424                printMessList()
 .text._Z10addProcess6String
                0x080024d4       0x68 AgvStation.cpp.o
                0x080024d4                addProcess(String)
 .text._Z10addMessage6String
                0x0800253c       0x50 AgvStation.cpp.o
                0x0800253c                addMessage(String)
 .text._Z13removeMessage6String
                0x0800258c       0xb4 AgvStation.cpp.o
                0x0800258c                removeMessage(String)
 .text._Z8buzzInitv
                0x08002640       0x16 AgvStation.cpp.o
                0x08002640                buzzInit()
 .text._Z6buzzOnb
                0x08002656        0xe AgvStation.cpp.o
                0x08002656                buzzOn(bool)
 .text._Z13dpShowWelcomev
                0x08002664       0x5c AgvStation.cpp.o
                0x08002664                dpShowWelcome()
 .text._Z11dpShowTitlev
                0x080026c0       0x50 AgvStation.cpp.o
                0x080026c0                dpShowTitle()
 .text._Z11dpShowReadyv
                0x08002710       0x60 AgvStation.cpp.o
                0x08002710                dpShowReady()
 .text._Z11dpShowQueuev
                0x08002770       0xc4 AgvStation.cpp.o
                0x08002770                dpShowQueue()
 .text._Z9dpRefreshii
                0x08002834       0x4c AgvStation.cpp.o
                0x08002834                dpRefresh(int, int)
 .text._Z12dpShowSignalv
                0x08002880       0x40 AgvStation.cpp.o
                0x08002880                dpShowSignal()
 .text._Z10hc12Senderl
                0x080028c0       0xe8 AgvStation.cpp.o
                0x080028c0                hc12Sender(long)
 .text._Z6swInitv
                0x080029a8       0x3e AgvStation.cpp.o
                0x080029a8                swInit()
 *fill*         0x080029e6        0x2 
 .text._Z12resetProcessv
                0x080029e8       0xa8 AgvStation.cpp.o
                0x080029e8                resetProcess()
 .text._Z13rxDataProcessv
                0x08002a90      0x2f8 AgvStation.cpp.o
                0x08002a90                rxDataProcess()
 .text._Z8swActionv
                0x08002d88      0x4fc AgvStation.cpp.o
                0x08002d88                swAction()
 .text.startup._GLOBAL__sub_I_lastMessage
                0x08003284      0x154 AgvStation.cpp.o
 .text._Z8hc12Recvv
                0x080033d8       0xf0 AgvStation.cpp.o
                0x080033d8                hc12Recv()
 .text._Z4loopv
                0x080034c8       0x9c AgvStation.cpp.o
                0x080034c8                loop()
 .text._Z10recvReturnv
                0x08003564       0x40 AgvStation.cpp.o
                0x08003564                recvReturn()
 .text._Z10hc12Configv
                0x080035a4       0xf4 AgvStation.cpp.o
                0x080035a4                hc12Config()
 .text._Z6dpInitv
                0x08003698       0x30 AgvStation.cpp.o
                0x08003698                dpInit()
 .text._Z5setupv
                0x080036c8       0xbc AgvStation.cpp.o
                0x080036c8                setup()
 .text._ZL11disable_pwmPK14stm32_pin_info
                0x08003784       0x10 SPI\SPI.cpp.o
 .text._ZL15dev_to_spi_pinsP7spi_dev.isra.8
                0x08003794       0x1c SPI\SPI.cpp.o
 .text._ZL15configure_gpiosP7spi_devb
                0x080037b0       0x84 SPI\SPI.cpp.o
 .text._ZL19determine_baud_rateP7spi_devm.isra.9
                0x08003834       0x3c SPI\SPI.cpp.o
 .text._ZN8SPIClassC2Em
                0x08003870       0xa8 SPI\SPI.cpp.o
                0x08003870                SPIClass::SPIClass(unsigned long)
                0x08003870                SPIClass::SPIClass(unsigned long)
 .text._ZN8SPIClass14updateSettingsEv
                0x08003918       0x24 SPI\SPI.cpp.o
                0x08003918                SPIClass::updateSettings()
 .text._ZN8SPIClass5beginEv
                0x0800393c       0x24 SPI\SPI.cpp.o
                0x0800393c                SPIClass::begin()
 .text._ZNK8SPIClass8transferEh
                0x08003960       0x1c SPI\SPI.cpp.o
                0x08003960                SPIClass::transfer(unsigned char) const
 .text.startup._GLOBAL__sub_I__ZN8SPIClassC2Em
                0x0800397c        0xc SPI\SPI.cpp.o
 .text._ZN7TwoWire7processEv
                0x08003988        0xc Wire\Wire.cpp.o
                0x08003988                TwoWire::process()
 .text._ZN7TwoWire7processEh
                0x08003994       0x52 Wire\Wire.cpp.o
                0x08003994                TwoWire::process(unsigned char)
 .text._ZN7TwoWire5beginEh
                0x080039e6        0xc Wire\Wire.cpp.o
                0x080039e6                TwoWire::begin(unsigned char)
 *fill*         0x080039f2        0x2 
 .text._ZN7TwoWireD2Ev
                0x080039f4       0x28 Wire\Wire.cpp.o
                0x080039f4                TwoWire::~TwoWire()
                0x080039f4                TwoWire::~TwoWire()
 .text._ZN7TwoWire8setClockEm
                0x08003a1c       0x40 Wire\Wire.cpp.o
                0x08003a1c                TwoWire::setClock(unsigned long)
 .text.startup._GLOBAL__sub_I__ZN7TwoWire7processEh
                0x08003a5c       0x30 Wire\Wire.cpp.o
 .text._ZN8WireBase5beginEh
                0x08003a8c       0x14 Wire\utility\WireBase.cpp.o
                0x08003a8c                WireBase::begin(unsigned char)
 .text._ZN8WireBase17beginTransmissionEi
                0x08003aa0       0x16 Wire\utility\WireBase.cpp.o
                0x08003aa0                WireBase::beginTransmission(int)
 .text._ZN8WireBase15endTransmissionEb
                0x08003ab6       0x1e Wire\utility\WireBase.cpp.o
                0x08003ab6                WireBase::endTransmission(bool)
 .text._ZN8WireBase15endTransmissionEv
                0x08003ad4        0x6 Wire\utility\WireBase.cpp.o
                0x08003ad4                WireBase::endTransmission()
 .text._ZN8WireBase5writeEh
                0x08003ada       0x28 Wire\utility\WireBase.cpp.o
                0x08003ada                WireBase::write(unsigned char)
 .text._ZN16Adafruit_SSD13069drawPixelEsst
                0x08003b02       0xca Adafruit_SSD1306\Adafruit_SSD1306.cpp.o
                0x08003b02                Adafruit_SSD1306::drawPixel(short, short, unsigned short)
 .text._ZN16Adafruit_SSD1306C2Ea
                0x08003bcc       0x40 Adafruit_SSD1306\Adafruit_SSD1306.cpp.o
                0x08003bcc                Adafruit_SSD1306::Adafruit_SSD1306(signed char)
                0x08003bcc                Adafruit_SSD1306::Adafruit_SSD1306(signed char)
 .text._ZN16Adafruit_SSD1306D2Ev
                0x08003c0c       0x1c Adafruit_SSD1306\Adafruit_SSD1306.cpp.o
                0x08003c0c                Adafruit_SSD1306::~Adafruit_SSD1306()
                0x08003c0c                Adafruit_SSD1306::~Adafruit_SSD1306()
 .text._ZN16Adafruit_SSD130616ssd1306_command1Eh
                0x08003c28       0x7a Adafruit_SSD1306\Adafruit_SSD1306.cpp.o
                0x08003c28                Adafruit_SSD1306::ssd1306_command1(unsigned char)
 .text._ZN16Adafruit_SSD130613invertDisplayEb
                0x08003ca2       0x46 Adafruit_SSD1306\Adafruit_SSD1306.cpp.o
                0x08003ca2                Adafruit_SSD1306::invertDisplay(bool)
 .text._ZN16Adafruit_SSD130619ssd1306_commandListEPKhh
                0x08003ce8       0xd0 Adafruit_SSD1306\Adafruit_SSD1306.cpp.o
                0x08003ce8                Adafruit_SSD1306::ssd1306_commandList(unsigned char const*, unsigned char)
 .text._ZN16Adafruit_SSD130612clearDisplayEv
                0x08003db8       0x1a Adafruit_SSD1306\Adafruit_SSD1306.cpp.o
                0x08003db8                Adafruit_SSD1306::clearDisplay()
 *fill*         0x08003dd2        0x2 
 .text._ZN16Adafruit_SSD13065beginEhhbb
                0x08003dd4      0x2cc Adafruit_SSD1306\Adafruit_SSD1306.cpp.o
                0x08003dd4                Adafruit_SSD1306::begin(unsigned char, unsigned char, bool, bool)
 .text._ZN16Adafruit_SSD130621drawFastHLineInternalEssst
                0x080040a0       0x9c Adafruit_SSD1306\Adafruit_SSD1306.cpp.o
                0x080040a0                Adafruit_SSD1306::drawFastHLineInternal(short, short, short, unsigned short)
 .text._ZN16Adafruit_SSD130621drawFastVLineInternalEssst
                0x0800413c      0x110 Adafruit_SSD1306\Adafruit_SSD1306.cpp.o
                0x0800413c                Adafruit_SSD1306::drawFastVLineInternal(short, short, short, unsigned short)
 .text._ZN16Adafruit_SSD130613drawFastHLineEssst
                0x0800424c       0x52 Adafruit_SSD1306\Adafruit_SSD1306.cpp.o
                0x0800424c                Adafruit_SSD1306::drawFastHLine(short, short, short, unsigned short)
 .text._ZN16Adafruit_SSD130613drawFastVLineEssst
                0x0800429e       0x52 Adafruit_SSD1306\Adafruit_SSD1306.cpp.o
                0x0800429e                Adafruit_SSD1306::drawFastVLine(short, short, short, unsigned short)
 .text._ZN16Adafruit_SSD13067displayEv
                0x080042f0      0x128 Adafruit_SSD1306\Adafruit_SSD1306.cpp.o
                0x080042f0                Adafruit_SSD1306::display()
 .text._ZN12Adafruit_GFX9writeLineEsssst
                0x08004418       0xc8 Adafruit_GFX_Library\Adafruit_GFX.cpp.o
                0x08004418                Adafruit_GFX::writeLine(short, short, short, short, unsigned short)
 .text._ZN12Adafruit_GFX10startWriteEv
                0x080044e0        0x2 Adafruit_GFX_Library\Adafruit_GFX.cpp.o
                0x080044e0                Adafruit_GFX::startWrite()
 .text._ZN12Adafruit_GFX10writePixelEsst
                0x080044e2        0xa Adafruit_GFX_Library\Adafruit_GFX.cpp.o
                0x080044e2                Adafruit_GFX::writePixel(short, short, unsigned short)
 .text._ZN12Adafruit_GFX14writeFastVLineEssst
                0x080044ec       0x12 Adafruit_GFX_Library\Adafruit_GFX.cpp.o
                0x080044ec                Adafruit_GFX::writeFastVLine(short, short, short, unsigned short)
 .text._ZN12Adafruit_GFX14writeFastHLineEssst
                0x080044fe       0x12 Adafruit_GFX_Library\Adafruit_GFX.cpp.o
                0x080044fe                Adafruit_GFX::writeFastHLine(short, short, short, unsigned short)
 .text._ZN12Adafruit_GFX13writeFillRectEsssst
                0x08004510       0x18 Adafruit_GFX_Library\Adafruit_GFX.cpp.o
                0x08004510                Adafruit_GFX::writeFillRect(short, short, short, short, unsigned short)
 .text._ZN12Adafruit_GFX8endWriteEv
                0x08004528        0x2 Adafruit_GFX_Library\Adafruit_GFX.cpp.o
                0x08004528                Adafruit_GFX::endWrite()
 .text._ZN12Adafruit_GFX13drawFastVLineEssst
                0x0800452a       0x38 Adafruit_GFX_Library\Adafruit_GFX.cpp.o
                0x0800452a                Adafruit_GFX::drawFastVLine(short, short, short, unsigned short)
 .text._ZN12Adafruit_GFX13drawFastHLineEssst
                0x08004562       0x36 Adafruit_GFX_Library\Adafruit_GFX.cpp.o
                0x08004562                Adafruit_GFX::drawFastHLine(short, short, short, unsigned short)
 .text._ZN12Adafruit_GFX8fillRectEsssst
                0x08004598       0x48 Adafruit_GFX_Library\Adafruit_GFX.cpp.o
                0x08004598                Adafruit_GFX::fillRect(short, short, short, short, unsigned short)
 .text._ZN12Adafruit_GFX10fillScreenEt
                0x080045e0       0x1c Adafruit_GFX_Library\Adafruit_GFX.cpp.o
                0x080045e0                Adafruit_GFX::fillScreen(unsigned short)
 .text._ZN12Adafruit_GFX8drawLineEsssst
                0x080045fc       0x7c Adafruit_GFX_Library\Adafruit_GFX.cpp.o
                0x080045fc                Adafruit_GFX::drawLine(short, short, short, short, unsigned short)
 .text._ZN12Adafruit_GFX8drawRectEsssst
                0x08004678       0x7c Adafruit_GFX_Library\Adafruit_GFX.cpp.o
                0x08004678                Adafruit_GFX::drawRect(short, short, short, short, unsigned short)
 .text._ZN12Adafruit_GFX13invertDisplayEb
                0x080046f4        0x2 Adafruit_GFX_Library\Adafruit_GFX.cpp.o
                0x080046f4                Adafruit_GFX::invertDisplay(bool)
 .text._ZN12Adafruit_GFX11setRotationEh
                0x080046f6       0x1e Adafruit_GFX_Library\Adafruit_GFX.cpp.o
                0x080046f6                Adafruit_GFX::setRotation(unsigned char)
 .text._ZN12Adafruit_GFXC2Ess
                0x08004714       0x34 Adafruit_GFX_Library\Adafruit_GFX.cpp.o
                0x08004714                Adafruit_GFX::Adafruit_GFX(short, short)
                0x08004714                Adafruit_GFX::Adafruit_GFX(short, short)
 .text._ZN12Adafruit_GFX10drawBitmapEssPKhsst
                0x08004748       0x98 Adafruit_GFX_Library\Adafruit_GFX.cpp.o
                0x08004748                Adafruit_GFX::drawBitmap(short, short, unsigned char const*, short, short, unsigned short)
 .text._ZN12Adafruit_GFX8drawCharEsshtthh
                0x080047e0      0x2c0 Adafruit_GFX_Library\Adafruit_GFX.cpp.o
                0x080047e0                Adafruit_GFX::drawChar(short, short, unsigned char, unsigned short, unsigned short, unsigned char, unsigned char)
 .text._ZN12Adafruit_GFX5writeEh
                0x08004aa0      0x102 Adafruit_GFX_Library\Adafruit_GFX.cpp.o
                0x08004aa0                Adafruit_GFX::write(unsigned char)
 .text._ZN12Adafruit_GFX11setTextSizeEhh
                0x08004ba2       0x12 Adafruit_GFX_Library\Adafruit_GFX.cpp.o
                0x08004ba2                Adafruit_GFX::setTextSize(unsigned char, unsigned char)
 .text._ZN12Adafruit_GFX11setTextSizeEh
                0x08004bb4        0x6 Adafruit_GFX_Library\Adafruit_GFX.cpp.o
                0x08004bb4                Adafruit_GFX::setTextSize(unsigned char)
 .text._Z9boardInitv
                0x08004bba        0x4 C:\Users\root\AppData\Local\Temp\VMBCore\arduino16x\d2e938235fae70ee18b7842253d8a36a\variant\board.cpp.o
                0x08004bba                boardInit()
 *fill*         0x08004bbe        0x2 
 .text.startup._GLOBAL__sub_I__Z9boardInitv
                0x08004bc0       0x48 C:\Users\root\AppData\Local\Temp\VMBCore\arduino16x\d2e938235fae70ee18b7842253d8a36a\variant\board.cpp.o
 .text._ZL18adc_default_configP7adc_dev
                0x08004c08       0x1c C:\Users\root\AppData\Local\Temp\VMBCore\arduino16x\d2e938235fae70ee18b7842253d8a36a\variant\boards.cpp.o
 .text._ZL20timer_default_configP9timer_dev
                0x08004c24       0x9e C:\Users\root\AppData\Local\Temp\VMBCore\arduino16x\d2e938235fae70ee18b7842253d8a36a\variant\boards.cpp.o
 *fill*         0x08004cc2        0x2 
 .text._Z4initv
                0x08004cc4       0xbc C:\Users\root\AppData\Local\Temp\VMBCore\arduino16x\d2e938235fae70ee18b7842253d8a36a\variant\boards.cpp.o
                0x08004cc4                init()
 .text._ZN6wirish4priv15board_reset_pllEv
                0x08004d80        0x2 C:\Users\root\AppData\Local\Temp\VMBCore\arduino16x\d2e938235fae70ee18b7842253d8a36a\variant\boards_setup.cpp.o
                0x08004d80                wirish::priv::board_reset_pll()
 .text._ZN6wirish4priv28board_setup_clock_prescalersEv
                0x08004d82       0x30 C:\Users\root\AppData\Local\Temp\VMBCore\arduino16x\d2e938235fae70ee18b7842253d8a36a\variant\boards_setup.cpp.o
                0x08004d82                wirish::priv::board_setup_clock_prescalers()
 .text._ZN6wirish4priv16board_setup_gpioEv
                0x08004db2        0x4 C:\Users\root\AppData\Local\Temp\VMBCore\arduino16x\d2e938235fae70ee18b7842253d8a36a\variant\boards_setup.cpp.o
                0x08004db2                wirish::priv::board_setup_gpio()
 *fill*         0x08004db6        0x2 
 .text._ZN6wirish4priv15board_setup_usbEv
                0x08004db8       0x54 C:\Users\root\AppData\Local\Temp\VMBCore\arduino16x\d2e938235fae70ee18b7842253d8a36a\variant\boards_setup.cpp.o
                0x08004db8                wirish::priv::board_setup_usb()
 .text._ZN6wirish4priv11series_initEv
                0x08004e0c        0x4 C:\Users\root\AppData\Local\Temp\VMBCore\arduino16x\d2e938235fae70ee18b7842253d8a36a\variant\boards_setup.cpp.o
                0x08004e0c                wirish::priv::series_init()
 .text          0x08004e10       0x10 C:\Users\root\AppData\Local\Temp\VMBCore\arduino16x\d2e938235fae70ee18b7842253d8a36a\variant\start.S.o
                0x08004e10                __start__
 .text.start_c  0x08004e20       0x64 C:\Users\root\AppData\Local\Temp\VMBCore\arduino16x\d2e938235fae70ee18b7842253d8a36a\variant\start_c.c.o
                0x08004e20                start_c
 .text._sbrk    0x08004e84       0x44 C:\Users\root\AppData\Local\Temp\VMBCore\arduino16x\d2e938235fae70ee18b7842253d8a36a\variant\syscalls.c.o
                0x08004e84                _sbrk
 .text._exit    0x08004ec8        0x2 C:\Users\root\AppData\Local\Temp\VMBCore\arduino16x\d2e938235fae70ee18b7842253d8a36a\variant\syscalls.c.o
                0x08004ec8                _exit
 *fill*         0x08004eca        0x6 
 .text          0x08004ed0       0x60 C:\Users\root\AppData\Local\Temp\VMBuilds\AgvStation\stm32duino_genericSTM32F103C\Release\core.a(exc.S.o)
                0x08004ed0                __exc_nmi
                0x08004ed4                __exc_hardfault
                0x08004ed8                __exc_memmanage
                0x08004edc                __exc_busfault
                0x08004ee0                __exc_usagefault
 .text          0x08004f30        0x2 C:\Users\root\AppData\Local\Temp\VMBuilds\AgvStation\stm32duino_genericSTM32F103C\Release\core.a(isrs.S.o)
                0x08004f30                __stm32reservedexception9
                0x08004f30                __exc_debug_monitor
                0x08004f30                __exc_svc
                0x08004f30                __irq_can_rx1
                0x08004f30                __irq_spi2
                0x08004f30                __irq_can_sce
                0x08004f30                __irq_pvd
                0x08004f30                __irq_tamper
                0x08004f30                __default_handler
                0x08004f30                __irq_wwdg
                0x08004f30                __stm32reservedexception10
                0x08004f30                __irq_flash
                0x08004f30                __stm32reservedexception13
                0x08004f30                __irq_rtc
                0x08004f30                __irq_spi1
                0x08004f30                __stm32reservedexception7
                0x08004f30                __irq_usb_hp_can_tx
                0x08004f30                __irq_rtcalarm
                0x08004f30                __stm32reservedexception8
                0x08004f30                __exc_pendsv
                0x08004f30                __irq_usbwakeup
                0x08004f30                __irq_rcc
 .text.adc_init
                0x08004f32       0x14 C:\Users\root\AppData\Local\Temp\VMBuilds\AgvStation\stm32duino_genericSTM32F103C\Release\core.a(adc.c.o)
                0x08004f32                adc_init
 .text.adc_set_extsel
                0x08004f46       0x12 C:\Users\root\AppData\Local\Temp\VMBuilds\AgvStation\stm32duino_genericSTM32F103C\Release\core.a(adc.c.o)
                0x08004f46                adc_set_extsel
 .text.adc_set_sample_rate
                0x08004f58       0x30 C:\Users\root\AppData\Local\Temp\VMBuilds\AgvStation\stm32duino_genericSTM32F103C\Release\core.a(adc.c.o)
                0x08004f58                adc_set_sample_rate
 .text.__irq_adc
                0x08004f88       0x50 C:\Users\root\AppData\Local\Temp\VMBuilds\AgvStation\stm32duino_genericSTM32F103C\Release\core.a(adc_f1.c.o)
                0x08004f88                __irq_adc
 .text.adc_calibrate
                0x08004fd8       0x24 C:\Users\root\AppData\Local\Temp\VMBuilds\AgvStation\stm32duino_genericSTM32F103C\Release\core.a(adc_f1.c.o)
                0x08004fd8                adc_calibrate
 .text.adc_set_prescaler
                0x08004ffc        0x8 C:\Users\root\AppData\Local\Temp\VMBuilds\AgvStation\stm32duino_genericSTM32F103C\Release\core.a(adc_f1.c.o)
                0x08004ffc                adc_set_prescaler
 .text.adc_foreach
                0x08005004       0x1c C:\Users\root\AppData\Local\Temp\VMBuilds\AgvStation\stm32duino_genericSTM32F103C\Release\core.a(adc_f1.c.o)
                0x08005004                adc_foreach
 .text.adc_enable_single_swstart
                0x08005020       0x36 C:\Users\root\AppData\Local\Temp\VMBuilds\AgvStation\stm32duino_genericSTM32F103C\Release\core.a(adc_f1.c.o)
                0x08005020                adc_enable_single_swstart
 *fill*         0x08005056        0x2 
 .text.__irq_dma1_channel1
                0x08005058       0x18 C:\Users\root\AppData\Local\Temp\VMBuilds\AgvStation\stm32duino_genericSTM32F103C\Release\core.a(dma_f1.c.o)
                0x08005058                __irq_dma1_channel1
 .text.__irq_dma1_channel2
                0x08005070       0x18 C:\Users\root\AppData\Local\Temp\VMBuilds\AgvStation\stm32duino_genericSTM32F103C\Release\core.a(dma_f1.c.o)
                0x08005070                __irq_dma1_channel2
 .text.__irq_dma1_channel3
                0x08005088       0x1c C:\Users\root\AppData\Local\Temp\VMBuilds\AgvStation\stm32duino_genericSTM32F103C\Release\core.a(dma_f1.c.o)
                0x08005088                __irq_dma1_channel3
 .text.__irq_dma1_channel4
                0x080050a4       0x1c C:\Users\root\AppData\Local\Temp\VMBuilds\AgvStation\stm32duino_genericSTM32F103C\Release\core.a(dma_f1.c.o)
                0x080050a4                __irq_dma1_channel4
 .text.__irq_dma1_channel5
                0x080050c0       0x1c C:\Users\root\AppData\Local\Temp\VMBuilds\AgvStation\stm32duino_genericSTM32F103C\Release\core.a(dma_f1.c.o)
                0x080050c0                __irq_dma1_channel5
 .text.__irq_dma1_channel6
                0x080050dc       0x1c C:\Users\root\AppData\Local\Temp\VMBuilds\AgvStation\stm32duino_genericSTM32F103C\Release\core.a(dma_f1.c.o)
                0x080050dc                __irq_dma1_channel6
 .text.__irq_dma1_channel7
                0x080050f8       0x1c C:\Users\root\AppData\Local\Temp\VMBuilds\AgvStation\stm32duino_genericSTM32F103C\Release\core.a(dma_f1.c.o)
                0x080050f8                __irq_dma1_channel7
 .text.__irq_exti0
                0x08005114       0x20 C:\Users\root\AppData\Local\Temp\VMBuilds\AgvStation\stm32duino_genericSTM32F103C\Release\core.a(exti.c.o)
                0x08005114                __irq_exti0
 .text.__irq_exti1
                0x08005134       0x20 C:\Users\root\AppData\Local\Temp\VMBuilds\AgvStation\stm32duino_genericSTM32F103C\Release\core.a(exti.c.o)
                0x08005134                __irq_exti1
 .text.__irq_exti2
                0x08005154       0x20 C:\Users\root\AppData\Local\Temp\VMBuilds\AgvStation\stm32duino_genericSTM32F103C\Release\core.a(exti.c.o)
                0x08005154                __irq_exti2
 .text.__irq_exti3
                0x08005174       0x20 C:\Users\root\AppData\Local\Temp\VMBuilds\AgvStation\stm32duino_genericSTM32F103C\Release\core.a(exti.c.o)
                0x08005174                __irq_exti3
 .text.__irq_exti4
                0x08005194       0x20 C:\Users\root\AppData\Local\Temp\VMBuilds\AgvStation\stm32duino_genericSTM32F103C\Release\core.a(exti.c.o)
                0x08005194                __irq_exti4
 .text.__irq_exti9_5
                0x080051b4       0x44 C:\Users\root\AppData\Local\Temp\VMBuilds\AgvStation\stm32duino_genericSTM32F103C\Release\core.a(exti.c.o)
                0x080051b4                __irq_exti9_5
 .text.__irq_exti15_10
                0x080051f8       0x44 C:\Users\root\AppData\Local\Temp\VMBuilds\AgvStation\stm32duino_genericSTM32F103C\Release\core.a(exti.c.o)
                0x080051f8                __irq_exti15_10
 .text.flash_set_latency
                0x0800523c       0x14 C:\Users\root\AppData\Local\Temp\VMBuilds\AgvStation\stm32duino_genericSTM32F103C\Release\core.a(flash.c.o)
                0x0800523c                flash_set_latency
 .text.gpio_init_all
                0x08005250       0x30 C:\Users\root\AppData\Local\Temp\VMBuilds\AgvStation\stm32duino_genericSTM32F103C\Release\core.a(gpio_f1.c.o)
                0x08005250                gpio_init_all
 .text.gpio_set_mode
                0x08005280       0x50 C:\Users\root\AppData\Local\Temp\VMBuilds\AgvStation\stm32duino_genericSTM32F103C\Release\core.a(gpio_f1.c.o)
                0x08005280                gpio_set_mode
 .text.afio_init
                0x080052d0       0x12 C:\Users\root\AppData\Local\Temp\VMBuilds\AgvStation\stm32duino_genericSTM32F103C\Release\core.a(gpio_f1.c.o)
                0x080052d0                afio_init
 *fill*         0x080052e2        0x2 
 .text.afio_remap
                0x080052e4       0x20 C:\Users\root\AppData\Local\Temp\VMBuilds\AgvStation\stm32duino_genericSTM32F103C\Release\core.a(gpio_f1.c.o)
                0x080052e4                afio_remap
 .text.i2c_start_condition
                0x08005304       0x14 C:\Users\root\AppData\Local\Temp\VMBuilds\AgvStation\stm32duino_genericSTM32F103C\Release\core.a(i2c.c.o)
 .text.i2c_stop_condition
                0x08005318       0x1c C:\Users\root\AppData\Local\Temp\VMBuilds\AgvStation\stm32duino_genericSTM32F103C\Release\core.a(i2c.c.o)
 .text.delay_us.part.0.constprop.6
                0x08005334        0xa C:\Users\root\AppData\Local\Temp\VMBuilds\AgvStation\stm32duino_genericSTM32F103C\Release\core.a(i2c.c.o)
 .text.i2c_bus_reset
                0x0800533e       0xb2 C:\Users\root\AppData\Local\Temp\VMBuilds\AgvStation\stm32duino_genericSTM32F103C\Release\core.a(i2c.c.o)
                0x0800533e                i2c_bus_reset
 .text.i2c_init
                0x080053f0       0x18 C:\Users\root\AppData\Local\Temp\VMBuilds\AgvStation\stm32duino_genericSTM32F103C\Release\core.a(i2c.c.o)
                0x080053f0                i2c_init
 .text.i2c_master_enable
                0x08005408       0xe0 C:\Users\root\AppData\Local\Temp\VMBuilds\AgvStation\stm32duino_genericSTM32F103C\Release\core.a(i2c.c.o)
                0x08005408                i2c_master_enable
 .text.i2c_master_xfer
                0x080054e8       0x5c C:\Users\root\AppData\Local\Temp\VMBuilds\AgvStation\stm32duino_genericSTM32F103C\Release\core.a(i2c.c.o)
                0x080054e8                i2c_master_xfer
 .text._i2c_irq_handler
                0x08005544      0x16c C:\Users\root\AppData\Local\Temp\VMBuilds\AgvStation\stm32duino_genericSTM32F103C\Release\core.a(i2c.c.o)
                0x08005544                _i2c_irq_handler
 .text._i2c_irq_error_handler
                0x080056b0       0x2a C:\Users\root\AppData\Local\Temp\VMBuilds\AgvStation\stm32duino_genericSTM32F103C\Release\core.a(i2c.c.o)
                0x080056b0                _i2c_irq_error_handler
 .text.i2c_config_gpios
                0x080056da       0x58 C:\Users\root\AppData\Local\Temp\VMBuilds\AgvStation\stm32duino_genericSTM32F103C\Release\core.a(i2c_f1.c.o)
                0x080056da                i2c_config_gpios
 .text.i2c_master_release_bus
                0x08005732       0x4c C:\Users\root\AppData\Local\Temp\VMBuilds\AgvStation\stm32duino_genericSTM32F103C\Release\core.a(i2c_f1.c.o)
                0x08005732                i2c_master_release_bus
 *fill*         0x0800577e        0x2 
 .text.__irq_i2c1_ev
                0x08005780        0xc C:\Users\root\AppData\Local\Temp\VMBuilds\AgvStation\stm32duino_genericSTM32F103C\Release\core.a(i2c_f1.c.o)
                0x08005780                __irq_i2c1_ev
 .text.__irq_i2c2_ev
                0x0800578c        0xc C:\Users\root\AppData\Local\Temp\VMBuilds\AgvStation\stm32duino_genericSTM32F103C\Release\core.a(i2c_f1.c.o)
                0x0800578c                __irq_i2c2_ev
 .text.__irq_i2c1_er
                0x08005798        0xc C:\Users\root\AppData\Local\Temp\VMBuilds\AgvStation\stm32duino_genericSTM32F103C\Release\core.a(i2c_f1.c.o)
                0x08005798                __irq_i2c1_er
 .text.__irq_i2c2_er
                0x080057a4        0xc C:\Users\root\AppData\Local\Temp\VMBuilds\AgvStation\stm32duino_genericSTM32F103C\Release\core.a(i2c_f1.c.o)
                0x080057a4                __irq_i2c2_er
 .text._i2c_irq_priority_fixup
                0x080057b0       0x1c C:\Users\root\AppData\Local\Temp\VMBuilds\AgvStation\stm32duino_genericSTM32F103C\Release\core.a(i2c_f1.c.o)
                0x080057b0                _i2c_irq_priority_fixup
 .text.iwdg_init
                0x080057cc       0x20 C:\Users\root\AppData\Local\Temp\VMBuilds\AgvStation\stm32duino_genericSTM32F103C\Release\core.a(iwdg.c.o)
                0x080057cc                iwdg_init
 .text.iwdg_feed
                0x080057ec       0x10 C:\Users\root\AppData\Local\Temp\VMBuilds\AgvStation\stm32duino_genericSTM32F103C\Release\core.a(iwdg.c.o)
                0x080057ec                iwdg_feed
 .text.nvic_irq_set_priority
                0x080057fc       0x28 C:\Users\root\AppData\Local\Temp\VMBuilds\AgvStation\stm32duino_genericSTM32F103C\Release\core.a(nvic.c.o)
                0x080057fc                nvic_irq_set_priority
 .text.nvic_init
                0x08005824       0x30 C:\Users\root\AppData\Local\Temp\VMBuilds\AgvStation\stm32duino_genericSTM32F103C\Release\core.a(nvic.c.o)
                0x08005824                nvic_init
 .text.nvic_sys_reset
                0x08005854       0x1c C:\Users\root\AppData\Local\Temp\VMBuilds\AgvStation\stm32duino_genericSTM32F103C\Release\core.a(nvic.c.o)
                0x08005854                nvic_sys_reset
 .text.rcc_dev_clk
                0x08005870        0xc C:\Users\root\AppData\Local\Temp\VMBuilds\AgvStation\stm32duino_genericSTM32F103C\Release\core.a(rcc.c.o)
                0x08005870                rcc_dev_clk
 .text.rcc_switch_sysclk
                0x0800587c       0x20 C:\Users\root\AppData\Local\Temp\VMBuilds\AgvStation\stm32duino_genericSTM32F103C\Release\core.a(rcc.c.o)
                0x0800587c                rcc_switch_sysclk
 .text.rcc_turn_on_clk
                0x0800589c       0x1a C:\Users\root\AppData\Local\Temp\VMBuilds\AgvStation\stm32duino_genericSTM32F103C\Release\core.a(rcc.c.o)
                0x0800589c                rcc_turn_on_clk
 .text.rcc_turn_off_clk
                0x080058b6       0x1c C:\Users\root\AppData\Local\Temp\VMBuilds\AgvStation\stm32duino_genericSTM32F103C\Release\core.a(rcc.c.o)
                0x080058b6                rcc_turn_off_clk
 .text.rcc_is_clk_ready
                0x080058d2       0x18 C:\Users\root\AppData\Local\Temp\VMBuilds\AgvStation\stm32duino_genericSTM32F103C\Release\core.a(rcc.c.o)
                0x080058d2                rcc_is_clk_ready
 *fill*         0x080058ea        0x2 
 .text.rcc_configure_pll
                0x080058ec       0x18 C:\Users\root\AppData\Local\Temp\VMBuilds\AgvStation\stm32duino_genericSTM32F103C\Release\core.a(rcc_f1.c.o)
                0x080058ec                rcc_configure_pll
 .text.rcc_clk_enable
                0x08005904       0x30 C:\Users\root\AppData\Local\Temp\VMBuilds\AgvStation\stm32duino_genericSTM32F103C\Release\core.a(rcc_f1.c.o)
                0x08005904                rcc_clk_enable
 .text.rcc_reset_dev
                0x08005934       0x34 C:\Users\root\AppData\Local\Temp\VMBuilds\AgvStation\stm32duino_genericSTM32F103C\Release\core.a(rcc_f1.c.o)
                0x08005934                rcc_reset_dev
 .text.rcc_set_prescaler
                0x08005968       0x20 C:\Users\root\AppData\Local\Temp\VMBuilds\AgvStation\stm32duino_genericSTM32F103C\Release\core.a(rcc_f1.c.o)
                0x08005968                rcc_set_prescaler
 .text.rcc_clk_disable
                0x08005988       0x30 C:\Users\root\AppData\Local\Temp\VMBuilds\AgvStation\stm32duino_genericSTM32F103C\Release\core.a(rcc_f1.c.o)
                0x08005988                rcc_clk_disable
 .text.bb_peri_set_bit
                0x080059b8        0xe C:\Users\root\AppData\Local\Temp\VMBuilds\AgvStation\stm32duino_genericSTM32F103C\Release\core.a(spi.c.o)
 .text.spi_init
                0x080059c6       0x14 C:\Users\root\AppData\Local\Temp\VMBuilds\AgvStation\stm32duino_genericSTM32F103C\Release\core.a(spi.c.o)
                0x080059c6                spi_init
 .text.spi_peripheral_enable
                0x080059da        0xa C:\Users\root\AppData\Local\Temp\VMBuilds\AgvStation\stm32duino_genericSTM32F103C\Release\core.a(spi.c.o)
                0x080059da                spi_peripheral_enable
 .text.spi_peripheral_disable
                0x080059e4        0xa C:\Users\root\AppData\Local\Temp\VMBuilds\AgvStation\stm32duino_genericSTM32F103C\Release\core.a(spi.c.o)
                0x080059e4                spi_peripheral_disable
 .text.spi_reconfigure
                0x080059ee       0x2c C:\Users\root\AppData\Local\Temp\VMBuilds\AgvStation\stm32duino_genericSTM32F103C\Release\core.a(spi.c.o)
 .text.spi_master_enable
                0x08005a1a        0xc C:\Users\root\AppData\Local\Temp\VMBuilds\AgvStation\stm32duino_genericSTM32F103C\Release\core.a(spi.c.o)
                0x08005a1a                spi_master_enable
 .text.spi_config_gpios
                0x08005a26       0x5a C:\Users\root\AppData\Local\Temp\VMBuilds\AgvStation\stm32duino_genericSTM32F103C\Release\core.a(spi_f1.c.o)
                0x08005a26                spi_config_gpios
 .text.systick_init
                0x08005a80       0x10 C:\Users\root\AppData\Local\Temp\VMBuilds\AgvStation\stm32duino_genericSTM32F103C\Release\core.a(systick.c.o)
                0x08005a80                systick_init
 .text.__exc_systick
                0x08005a90       0x1c C:\Users\root\AppData\Local\Temp\VMBuilds\AgvStation\stm32duino_genericSTM32F103C\Release\core.a(systick.c.o)
                0x08005a90                __exc_systick
 .text.timer_oc_set_mode
                0x08005aac       0x3a C:\Users\root\AppData\Local\Temp\VMBuilds\AgvStation\stm32duino_genericSTM32F103C\Release\core.a(timer.c.o)
 .text.timer_cc_enable
                0x08005ae6       0x1c C:\Users\root\AppData\Local\Temp\VMBuilds\AgvStation\stm32duino_genericSTM32F103C\Release\core.a(timer.c.o)
 *fill*         0x08005b02        0x2 
 .text.timer_foreach
                0x08005b04       0x28 C:\Users\root\AppData\Local\Temp\VMBuilds\AgvStation\stm32duino_genericSTM32F103C\Release\core.a(timer.c.o)
                0x08005b04                timer_foreach
 .text.timer_init
                0x08005b2c       0x14 C:\Users\root\AppData\Local\Temp\VMBuilds\AgvStation\stm32duino_genericSTM32F103C\Release\core.a(timer.c.o)
                0x08005b2c                timer_init
 .text.timer_has_cc_channel
                0x08005b40       0x30 C:\Users\root\AppData\Local\Temp\VMBuilds\AgvStation\stm32duino_genericSTM32F103C\Release\core.a(timer.c.o)
                0x08005b40                timer_has_cc_channel
 .text.timer_detach_interrupt
                0x08005b70       0x1e C:\Users\root\AppData\Local\Temp\VMBuilds\AgvStation\stm32duino_genericSTM32F103C\Release\core.a(timer.c.o)
                0x08005b70                timer_detach_interrupt
 .text.input_capture_mode
                0x08005b8e       0x1a C:\Users\root\AppData\Local\Temp\VMBuilds\AgvStation\stm32duino_genericSTM32F103C\Release\core.a(timer.c.o)
                0x08005b8e                input_capture_mode
 .text.timer_set_mode
                0x08005ba8       0x8c C:\Users\root\AppData\Local\Temp\VMBuilds\AgvStation\stm32duino_genericSTM32F103C\Release\core.a(timer.c.o)
                0x08005ba8                timer_set_mode
 .text.__irq_tim1_brk
                0x08005c34       0x24 C:\Users\root\AppData\Local\Temp\VMBuilds\AgvStation\stm32duino_genericSTM32F103C\Release\core.a(timer.c.o)
                0x08005c34                __irq_tim1_brk
 .text.__irq_tim1_up
                0x08005c58       0x24 C:\Users\root\AppData\Local\Temp\VMBuilds\AgvStation\stm32duino_genericSTM32F103C\Release\core.a(timer.c.o)
                0x08005c58                __irq_tim1_up
 .text.__irq_tim1_trg_com
                0x08005c7c       0x34 C:\Users\root\AppData\Local\Temp\VMBuilds\AgvStation\stm32duino_genericSTM32F103C\Release\core.a(timer.c.o)
                0x08005c7c                __irq_tim1_trg_com
 .text.__irq_tim1_cc
                0x08005cb0       0x50 C:\Users\root\AppData\Local\Temp\VMBuilds\AgvStation\stm32duino_genericSTM32F103C\Release\core.a(timer.c.o)
                0x08005cb0                __irq_tim1_cc
 .text.__irq_tim2
                0x08005d00       0x6c C:\Users\root\AppData\Local\Temp\VMBuilds\AgvStation\stm32duino_genericSTM32F103C\Release\core.a(timer.c.o)
                0x08005d00                __irq_tim2
 .text.__irq_tim3
                0x08005d6c       0x6c C:\Users\root\AppData\Local\Temp\VMBuilds\AgvStation\stm32duino_genericSTM32F103C\Release\core.a(timer.c.o)
                0x08005d6c                __irq_tim3
 .text.__irq_tim4
                0x08005dd8       0x6c C:\Users\root\AppData\Local\Temp\VMBuilds\AgvStation\stm32duino_genericSTM32F103C\Release\core.a(timer.c.o)
                0x08005dd8                __irq_tim4
 .text.rb_remove
                0x08005e44       0x24 C:\Users\root\AppData\Local\Temp\VMBuilds\AgvStation\stm32duino_genericSTM32F103C\Release\core.a(usart_f1.c.o)
 .text.rb_push_insert
                0x08005e68       0x52 C:\Users\root\AppData\Local\Temp\VMBuilds\AgvStation\stm32duino_genericSTM32F103C\Release\core.a(usart_f1.c.o)
 .text.usart_config_gpios_async
                0x08005eba       0x4a C:\Users\root\AppData\Local\Temp\VMBuilds\AgvStation\stm32duino_genericSTM32F103C\Release\core.a(usart_f1.c.o)
                0x08005eba                usart_config_gpios_async
 .text.usart_set_baud_rate
                0x08005f04       0x3c C:\Users\root\AppData\Local\Temp\VMBuilds\AgvStation\stm32duino_genericSTM32F103C\Release\core.a(usart_f1.c.o)
                0x08005f04                usart_set_baud_rate
 .text.__irq_usart1
                0x08005f40       0x54 C:\Users\root\AppData\Local\Temp\VMBuilds\AgvStation\stm32duino_genericSTM32F103C\Release\core.a(usart_f1.c.o)
                0x08005f40                __irq_usart1
 .text.__irq_usart2
                0x08005f94       0x54 C:\Users\root\AppData\Local\Temp\VMBuilds\AgvStation\stm32duino_genericSTM32F103C\Release\core.a(usart_f1.c.o)
                0x08005f94                __irq_usart2
 .text.__irq_usart3
                0x08005fe8       0x54 C:\Users\root\AppData\Local\Temp\VMBuilds\AgvStation\stm32duino_genericSTM32F103C\Release\core.a(usart_f1.c.o)
                0x08005fe8                __irq_usart3
 .text._usart_clock_freq
                0x0800603c       0x24 C:\Users\root\AppData\Local\Temp\VMBuilds\AgvStation\stm32duino_genericSTM32F103C\Release\core.a(usart_private.c.o)
                0x0800603c                _usart_clock_freq
 .text.throb    0x08006060       0x4c C:\Users\root\AppData\Local\Temp\VMBuilds\AgvStation\stm32duino_genericSTM32F103C\Release\core.a(util.c.o)
                0x08006060                throb
 .text.__error  0x080060ac       0x14 C:\Users\root\AppData\Local\Temp\VMBuilds\AgvStation\stm32duino_genericSTM32F103C\Release\core.a(util.c.o)
                0x080060ac                __error
 .text.usb_resume
                0x080060c0       0xb4 C:\Users\root\AppData\Local\Temp\VMBuilds\AgvStation\stm32duino_genericSTM32F103C\Release\core.a(usb.c.o)
 .text.usb_init_usblib
                0x08006174       0x48 C:\Users\root\AppData\Local\Temp\VMBuilds\AgvStation\stm32duino_genericSTM32F103C\Release\core.a(usb.c.o)
                0x08006174                usb_init_usblib
 .text.__irq_usb_lp_can_rx0
                0x080061bc      0x1c8 C:\Users\root\AppData\Local\Temp\VMBuilds\AgvStation\stm32duino_genericSTM32F103C\Release\core.a(usb.c.o)
                0x080061bc                __irq_usb_lp_can_rx0
 .text.usb_set_ep_rx_stat
                0x08006384       0x22 C:\Users\root\AppData\Local\Temp\VMBuilds\AgvStation\stm32duino_genericSTM32F103C\Release\core.a(usb_cdcacm.c.o)
 *fill*         0x080063a6        0x2 
 .text.vcomGetSetLineCoding
                0x080063a8       0x18 C:\Users\root\AppData\Local\Temp\VMBuilds\AgvStation\stm32duino_genericSTM32F103C\Release\core.a(usb_cdcacm.c.o)
 .text.usbDataSetup
                0x080063c0       0x54 C:\Users\root\AppData\Local\Temp\VMBuilds\AgvStation\stm32duino_genericSTM32F103C\Release\core.a(usb_cdcacm.c.o)
 .text.usbNoDataSetup
                0x08006414       0x50 C:\Users\root\AppData\Local\Temp\VMBuilds\AgvStation\stm32duino_genericSTM32F103C\Release\core.a(usb_cdcacm.c.o)
 .text.usbGetInterfaceSetting
                0x08006464       0x10 C:\Users\root\AppData\Local\Temp\VMBuilds\AgvStation\stm32duino_genericSTM32F103C\Release\core.a(usb_cdcacm.c.o)
 .text.usbSetConfiguration
                0x08006474       0x1c C:\Users\root\AppData\Local\Temp\VMBuilds\AgvStation\stm32duino_genericSTM32F103C\Release\core.a(usb_cdcacm.c.o)
 .text.usbSetDeviceAddress
                0x08006490       0x10 C:\Users\root\AppData\Local\Temp\VMBuilds\AgvStation\stm32duino_genericSTM32F103C\Release\core.a(usb_cdcacm.c.o)
 .text.usbGetStringDescriptor
                0x080064a0       0x20 C:\Users\root\AppData\Local\Temp\VMBuilds\AgvStation\stm32duino_genericSTM32F103C\Release\core.a(usb_cdcacm.c.o)
 .text.usbGetConfigDescriptor
                0x080064c0        0xc C:\Users\root\AppData\Local\Temp\VMBuilds\AgvStation\stm32duino_genericSTM32F103C\Release\core.a(usb_cdcacm.c.o)
 .text.usbGetDeviceDescriptor
                0x080064cc        0xc C:\Users\root\AppData\Local\Temp\VMBuilds\AgvStation\stm32duino_genericSTM32F103C\Release\core.a(usb_cdcacm.c.o)
 .text.usbInit  0x080064d8       0x44 C:\Users\root\AppData\Local\Temp\VMBuilds\AgvStation\stm32duino_genericSTM32F103C\Release\core.a(usb_cdcacm.c.o)
 .text.vcomDataTxCb
                0x0800651c       0xa0 C:\Users\root\AppData\Local\Temp\VMBuilds\AgvStation\stm32duino_genericSTM32F103C\Release\core.a(usb_cdcacm.c.o)
 .text.usbReset
                0x080065bc      0x160 C:\Users\root\AppData\Local\Temp\VMBuilds\AgvStation\stm32duino_genericSTM32F103C\Release\core.a(usb_cdcacm.c.o)
 .text.vcomDataRxCb
                0x0800671c       0x7c C:\Users\root\AppData\Local\Temp\VMBuilds\AgvStation\stm32duino_genericSTM32F103C\Release\core.a(usb_cdcacm.c.o)
 .text.usb_cdcacm_set_hooks
                0x08006798       0x1c C:\Users\root\AppData\Local\Temp\VMBuilds\AgvStation\stm32duino_genericSTM32F103C\Release\core.a(usb_cdcacm.c.o)
                0x08006798                usb_cdcacm_set_hooks
 .text.usb_cdcacm_enable
                0x080067b4       0x38 C:\Users\root\AppData\Local\Temp\VMBuilds\AgvStation\stm32duino_genericSTM32F103C\Release\core.a(usb_cdcacm.c.o)
                0x080067b4                usb_cdcacm_enable
 .text.usb_cdcacm_tx
                0x080067ec       0x60 C:\Users\root\AppData\Local\Temp\VMBuilds\AgvStation\stm32duino_genericSTM32F103C\Release\core.a(usb_cdcacm.c.o)
                0x080067ec                usb_cdcacm_tx
 .text.usb_cdcacm_data_available
                0x0800684c       0x18 C:\Users\root\AppData\Local\Temp\VMBuilds\AgvStation\stm32duino_genericSTM32F103C\Release\core.a(usb_cdcacm.c.o)
                0x0800684c                usb_cdcacm_data_available
 .text.usb_cdcacm_peek
                0x08006864       0x38 C:\Users\root\AppData\Local\Temp\VMBuilds\AgvStation\stm32duino_genericSTM32F103C\Release\core.a(usb_cdcacm.c.o)
                0x08006864                usb_cdcacm_peek
 .text.usb_cdcacm_rx
                0x0800689c       0x34 C:\Users\root\AppData\Local\Temp\VMBuilds\AgvStation\stm32duino_genericSTM32F103C\Release\core.a(usb_cdcacm.c.o)
                0x0800689c                usb_cdcacm_rx
 .text.usb_cdcacm_peek_ex
                0x080068d0       0x40 C:\Users\root\AppData\Local\Temp\VMBuilds\AgvStation\stm32duino_genericSTM32F103C\Release\core.a(usb_cdcacm.c.o)
                0x080068d0                usb_cdcacm_peek_ex
 .text.usb_cdcacm_get_dtr
                0x08006910       0x10 C:\Users\root\AppData\Local\Temp\VMBuilds\AgvStation\stm32duino_genericSTM32F103C\Release\core.a(usb_cdcacm.c.o)
                0x08006910                usb_cdcacm_get_dtr
 .text.usb_set_ep_rx_count
                0x08006920       0x40 C:\Users\root\AppData\Local\Temp\VMBuilds\AgvStation\stm32duino_genericSTM32F103C\Release\core.a(usb_reg_map.c.o)
                0x08006920                usb_set_ep_rx_count
 .text.Standard_GetConfiguration
                0x08006960       0x24 C:\Users\root\AppData\Local\Temp\VMBuilds\AgvStation\stm32duino_genericSTM32F103C\Release\core.a(usb_core.c.o)
                0x08006960                Standard_GetConfiguration
 .text.Standard_GetInterface
                0x08006984       0x24 C:\Users\root\AppData\Local\Temp\VMBuilds\AgvStation\stm32duino_genericSTM32F103C\Release\core.a(usb_core.c.o)
                0x08006984                Standard_GetInterface
 .text.Standard_GetStatus
                0x080069a8       0x90 C:\Users\root\AppData\Local\Temp\VMBuilds\AgvStation\stm32duino_genericSTM32F103C\Release\core.a(usb_core.c.o)
                0x080069a8                Standard_GetStatus
 .text.DataStageIn
                0x08006a38       0xa8 C:\Users\root\AppData\Local\Temp\VMBuilds\AgvStation\stm32duino_genericSTM32F103C\Release\core.a(usb_core.c.o)
 .text.Standard_SetConfiguration
                0x08006ae0       0x38 C:\Users\root\AppData\Local\Temp\VMBuilds\AgvStation\stm32duino_genericSTM32F103C\Release\core.a(usb_core.c.o)
                0x08006ae0                Standard_SetConfiguration
 .text.Standard_SetInterface
                0x08006b18       0x48 C:\Users\root\AppData\Local\Temp\VMBuilds\AgvStation\stm32duino_genericSTM32F103C\Release\core.a(usb_core.c.o)
                0x08006b18                Standard_SetInterface
 .text.Standard_ClearFeature
                0x08006b60       0xd0 C:\Users\root\AppData\Local\Temp\VMBuilds\AgvStation\stm32duino_genericSTM32F103C\Release\core.a(usb_core.c.o)
                0x08006b60                Standard_ClearFeature
 .text.Standard_SetEndPointFeature
                0x08006c30       0x84 C:\Users\root\AppData\Local\Temp\VMBuilds\AgvStation\stm32duino_genericSTM32F103C\Release\core.a(usb_core.c.o)
                0x08006c30                Standard_SetEndPointFeature
 .text.Standard_SetDeviceFeature
                0x08006cb4       0x24 C:\Users\root\AppData\Local\Temp\VMBuilds\AgvStation\stm32duino_genericSTM32F103C\Release\core.a(usb_core.c.o)
                0x08006cb4                Standard_SetDeviceFeature
 .text.Standard_GetDescriptorData
                0x08006cd8       0x1c C:\Users\root\AppData\Local\Temp\VMBuilds\AgvStation\stm32duino_genericSTM32F103C\Release\core.a(usb_core.c.o)
                0x08006cd8                Standard_GetDescriptorData
 .text.Post0_Process
                0x08006cf4       0x40 C:\Users\root\AppData\Local\Temp\VMBuilds\AgvStation\stm32duino_genericSTM32F103C\Release\core.a(usb_core.c.o)
                0x08006cf4                Post0_Process
 .text.Setup0_Process
                0x08006d34      0x2d0 C:\Users\root\AppData\Local\Temp\VMBuilds\AgvStation\stm32duino_genericSTM32F103C\Release\core.a(usb_core.c.o)
                0x08006d34                Setup0_Process
 .text.Out0_Process
                0x08007004       0xc8 C:\Users\root\AppData\Local\Temp\VMBuilds\AgvStation\stm32duino_genericSTM32F103C\Release\core.a(usb_core.c.o)
                0x08007004                Out0_Process
 .text.SetDeviceAddress
                0x080070cc       0x38 C:\Users\root\AppData\Local\Temp\VMBuilds\AgvStation\stm32duino_genericSTM32F103C\Release\core.a(usb_core.c.o)
                0x080070cc                SetDeviceAddress
 .text.In0_Process
                0x08007104       0x5c C:\Users\root\AppData\Local\Temp\VMBuilds\AgvStation\stm32duino_genericSTM32F103C\Release\core.a(usb_core.c.o)
                0x08007104                In0_Process
 .text.NOP_Process
                0x08007160        0x2 C:\Users\root\AppData\Local\Temp\VMBuilds\AgvStation\stm32duino_genericSTM32F103C\Release\core.a(usb_core.c.o)
                0x08007160                NOP_Process
 .text.UserToPMABufferCopy
                0x08007162       0x30 C:\Users\root\AppData\Local\Temp\VMBuilds\AgvStation\stm32duino_genericSTM32F103C\Release\core.a(usb_mem.c.o)
                0x08007162                UserToPMABufferCopy
 .text.PMAToUserBufferCopy
                0x08007192       0x24 C:\Users\root\AppData\Local\Temp\VMBuilds\AgvStation\stm32duino_genericSTM32F103C\Release\core.a(usb_mem.c.o)
                0x08007192                PMAToUserBufferCopy
 .text.SetEPTxStatus
                0x080071b6       0x2a C:\Users\root\AppData\Local\Temp\VMBuilds\AgvStation\stm32duino_genericSTM32F103C\Release\core.a(usb_regs.c.o)
                0x080071b6                SetEPTxStatus
 .text.ClearDTOG_RX
                0x080071e0       0x20 C:\Users\root\AppData\Local\Temp\VMBuilds\AgvStation\stm32duino_genericSTM32F103C\Release\core.a(usb_regs.c.o)
                0x080071e0                ClearDTOG_RX
 .text.ClearDTOG_TX
                0x08007200       0x20 C:\Users\root\AppData\Local\Temp\VMBuilds\AgvStation\stm32duino_genericSTM32F103C\Release\core.a(usb_regs.c.o)
                0x08007200                ClearDTOG_TX
 .text.GetEPTxAddr
                0x08007220       0x1c C:\Users\root\AppData\Local\Temp\VMBuilds\AgvStation\stm32duino_genericSTM32F103C\Release\core.a(usb_regs.c.o)
                0x08007220                GetEPTxAddr
 .text.GetEPRxAddr
                0x0800723c       0x1c C:\Users\root\AppData\Local\Temp\VMBuilds\AgvStation\stm32duino_genericSTM32F103C\Release\core.a(usb_regs.c.o)
                0x0800723c                GetEPRxAddr
 .text.SetEPTxCount
                0x08007258       0x1c C:\Users\root\AppData\Local\Temp\VMBuilds\AgvStation\stm32duino_genericSTM32F103C\Release\core.a(usb_regs.c.o)
                0x08007258                SetEPTxCount
 .text.SetEPRxCount
                0x08007274       0x40 C:\Users\root\AppData\Local\Temp\VMBuilds\AgvStation\stm32duino_genericSTM32F103C\Release\core.a(usb_regs.c.o)
                0x08007274                SetEPRxCount
 .text.__cxa_pure_virtual
                0x080072b4        0x2 C:\Users\root\AppData\Local\Temp\VMBuilds\AgvStation\stm32duino_genericSTM32F103C\Release\core.a(cxxabi-compat.cpp.o)
                0x080072b4                __cxa_pure_virtual
 .text.rb_full_count
                0x080072b6       0x22 C:\Users\root\AppData\Local\Temp\VMBuilds\AgvStation\stm32duino_genericSTM32F103C\Release\core.a(HardwareSerial.cpp.o)
 .text._ZN14HardwareSerial4readEv
                0x080072d8       0x3a C:\Users\root\AppData\Local\Temp\VMBuilds\AgvStation\stm32duino_genericSTM32F103C\Release\core.a(HardwareSerial.cpp.o)
                0x080072d8                HardwareSerial::read()
 .text._ZN14HardwareSerial9availableEv
                0x08007312        0xc C:\Users\root\AppData\Local\Temp\VMBuilds\AgvStation\stm32duino_genericSTM32F103C\Release\core.a(HardwareSerial.cpp.o)
                0x08007312                HardwareSerial::available()
 .text._ZN14HardwareSerial4peekEv
                0x0800731e       0x22 C:\Users\root\AppData\Local\Temp\VMBuilds\AgvStation\stm32duino_genericSTM32F103C\Release\core.a(HardwareSerial.cpp.o)
                0x0800731e                HardwareSerial::peek()
 .text._ZN14HardwareSerial5flushEv
                0x08007340       0x1a C:\Users\root\AppData\Local\Temp\VMBuilds\AgvStation\stm32duino_genericSTM32F103C\Release\core.a(HardwareSerial.cpp.o)
                0x08007340                HardwareSerial::flush()
 .text._ZN14HardwareSerial5writeEh
                0x0800735a       0x1e C:\Users\root\AppData\Local\Temp\VMBuilds\AgvStation\stm32duino_genericSTM32F103C\Release\core.a(HardwareSerial.cpp.o)
                0x0800735a                HardwareSerial::write(unsigned char)
 .text._ZN14HardwareSerialC2EP9usart_devhh
                0x08007378       0x1c C:\Users\root\AppData\Local\Temp\VMBuilds\AgvStation\stm32duino_genericSTM32F103C\Release\core.a(HardwareSerial.cpp.o)
                0x08007378                HardwareSerial::HardwareSerial(usart_dev*, unsigned char, unsigned char)
                0x08007378                HardwareSerial::HardwareSerial(usart_dev*, unsigned char, unsigned char)
 .text._ZN14HardwareSerial5beginEmh
                0x08007394       0x78 C:\Users\root\AppData\Local\Temp\VMBuilds\AgvStation\stm32duino_genericSTM32F103C\Release\core.a(HardwareSerial.cpp.o)
                0x08007394                HardwareSerial::begin(unsigned long, unsigned char)
 .text._ZN14HardwareSerial5beginEm
                0x0800740c        0x6 C:\Users\root\AppData\Local\Temp\VMBuilds\AgvStation\stm32duino_genericSTM32F103C\Release\core.a(HardwareSerial.cpp.o)
                0x0800740c                HardwareSerial::begin(unsigned long)
 .text.startup._Z7premainv
                0x08007412        0x4 C:\Users\root\AppData\Local\Temp\VMBuilds\AgvStation\stm32duino_genericSTM32F103C\Release\core.a(main.cpp.o)
                0x08007412                premain()
 .text.startup.main
                0x08007416        0xc C:\Users\root\AppData\Local\Temp\VMBuilds\AgvStation\stm32duino_genericSTM32F103C\Release\core.a(main.cpp.o)
                0x08007416                main
 .text._ZN5Print5writeEPKvm
                0x08007422       0x20 C:\Users\root\AppData\Local\Temp\VMBuilds\AgvStation\stm32duino_genericSTM32F103C\Release\core.a(Print.cpp.o)
                0x08007422                Print::write(void const*, unsigned long)
 .text._ZN5Print5writeEPKc
                0x08007442       0x1e C:\Users\root\AppData\Local\Temp\VMBuilds\AgvStation\stm32duino_genericSTM32F103C\Release\core.a(Print.cpp.o)
                0x08007442                Print::write(char const*)
 .text._ZN5Print5printERK6String
                0x08007460       0x10 C:\Users\root\AppData\Local\Temp\VMBuilds\AgvStation\stm32duino_genericSTM32F103C\Release\core.a(Print.cpp.o)
                0x08007460                Print::print(String const&)
 .text._ZN5Print5printEc
                0x08007470        0xa C:\Users\root\AppData\Local\Temp\VMBuilds\AgvStation\stm32duino_genericSTM32F103C\Release\core.a(Print.cpp.o)
                0x08007470                Print::print(char)
 .text._ZN5Print5printEPKc
                0x0800747a        0xa C:\Users\root\AppData\Local\Temp\VMBuilds\AgvStation\stm32duino_genericSTM32F103C\Release\core.a(Print.cpp.o)
                0x0800747a                Print::print(char const*)
 .text._ZN5Print7printlnEv
                0x08007484       0x18 C:\Users\root\AppData\Local\Temp\VMBuilds\AgvStation\stm32duino_genericSTM32F103C\Release\core.a(Print.cpp.o)
                0x08007484                Print::println()
 .text._ZN5Print7printlnERK6String
                0x0800749c       0x14 C:\Users\root\AppData\Local\Temp\VMBuilds\AgvStation\stm32duino_genericSTM32F103C\Release\core.a(Print.cpp.o)
                0x0800749c                Print::println(String const&)
 .text._ZN5Print7printlnEPKc
                0x080074b0       0x14 C:\Users\root\AppData\Local\Temp\VMBuilds\AgvStation\stm32duino_genericSTM32F103C\Release\core.a(Print.cpp.o)
                0x080074b0                Print::println(char const*)
 .text._ZN5Print11printNumberEyh
                0x080074c4       0x84 C:\Users\root\AppData\Local\Temp\VMBuilds\AgvStation\stm32duino_genericSTM32F103C\Release\core.a(Print.cpp.o)
                0x080074c4                Print::printNumber(unsigned long long, unsigned char)
 .text._ZN5Print5printExi
                0x08007548       0x32 C:\Users\root\AppData\Local\Temp\VMBuilds\AgvStation\stm32duino_genericSTM32F103C\Release\core.a(Print.cpp.o)
                0x08007548                Print::print(long long, int)
 .text._ZN5Print5printEii
                0x0800757a       0x12 C:\Users\root\AppData\Local\Temp\VMBuilds\AgvStation\stm32duino_genericSTM32F103C\Release\core.a(Print.cpp.o)
                0x0800757a                Print::print(int, int)
 .text._ZN9USBSerial9availableEv
                0x0800758c        0x4 C:\Users\root\AppData\Local\Temp\VMBuilds\AgvStation\stm32duino_genericSTM32F103C\Release\core.a(usb_serial.cpp.o)
                0x0800758c                USBSerial::available()
 .text._ZN9USBSerial4peekEv
                0x08007590       0x1e C:\Users\root\AppData\Local\Temp\VMBuilds\AgvStation\stm32duino_genericSTM32F103C\Release\core.a(usb_serial.cpp.o)
                0x08007590                USBSerial::peek()
 .text._ZN9USBSerial4readEv
                0x080075ae       0x1e C:\Users\root\AppData\Local\Temp\VMBuilds\AgvStation\stm32duino_genericSTM32F103C\Release\core.a(usb_serial.cpp.o)
                0x080075ae                USBSerial::read()
 .text._ZL14ifaceSetupHookjPv
                0x080075cc       0x38 C:\Users\root\AppData\Local\Temp\VMBuilds\AgvStation\stm32duino_genericSTM32F103C\Release\core.a(usb_serial.cpp.o)
 .text._ZL6rxHookjPv
                0x08007604       0xa0 C:\Users\root\AppData\Local\Temp\VMBuilds\AgvStation\stm32duino_genericSTM32F103C\Release\core.a(usb_serial.cpp.o)
 .text._ZL10wait_resetv
                0x080076a4       0x10 C:\Users\root\AppData\Local\Temp\VMBuilds\AgvStation\stm32duino_genericSTM32F103C\Release\core.a(usb_serial.cpp.o)
 .text._ZN9USBSerialC2Ev
                0x080076b4       0x14 C:\Users\root\AppData\Local\Temp\VMBuilds\AgvStation\stm32duino_genericSTM32F103C\Release\core.a(usb_serial.cpp.o)
                0x080076b4                USBSerial::USBSerial()
                0x080076b4                USBSerial::USBSerial()
 .text._ZN9USBSerial5beginEv
                0x080076c8       0x34 C:\Users\root\AppData\Local\Temp\VMBuilds\AgvStation\stm32duino_genericSTM32F103C\Release\core.a(usb_serial.cpp.o)
                0x080076c8                USBSerial::begin()
 .text._ZN9USBSerial5beginEm
                0x080076fc       0x10 C:\Users\root\AppData\Local\Temp\VMBuilds\AgvStation\stm32duino_genericSTM32F103C\Release\core.a(usb_serial.cpp.o)
                0x080076fc                USBSerial::begin(unsigned long)
 .text._ZN9USBSerial5writeEPKhm
                0x0800770c       0x4c C:\Users\root\AppData\Local\Temp\VMBuilds\AgvStation\stm32duino_genericSTM32F103C\Release\core.a(usb_serial.cpp.o)
                0x0800770c                USBSerial::write(unsigned char const*, unsigned long)
 .text._ZN9USBSerial5writeEh
                0x08007758       0x16 C:\Users\root\AppData\Local\Temp\VMBuilds\AgvStation\stm32duino_genericSTM32F103C\Release\core.a(usb_serial.cpp.o)
                0x08007758                USBSerial::write(unsigned char)
 .text._ZN9USBSerial5writeEPKc
                0x0800776e       0x1a C:\Users\root\AppData\Local\Temp\VMBuilds\AgvStation\stm32duino_genericSTM32F103C\Release\core.a(usb_serial.cpp.o)
                0x0800776e                USBSerial::write(char const*)
 .text._ZN9USBSerial4readEPhm
                0x08007788       0x1c C:\Users\root\AppData\Local\Temp\VMBuilds\AgvStation\stm32duino_genericSTM32F103C\Release\core.a(usb_serial.cpp.o)
                0x08007788                USBSerial::read(unsigned char*, unsigned long)
 .text._ZN9USBSerial5flushEv
                0x080077a4       0x1c C:\Users\root\AppData\Local\Temp\VMBuilds\AgvStation\stm32duino_genericSTM32F103C\Release\core.a(usb_serial.cpp.o)
                0x080077a4                USBSerial::flush()
 .text.startup._GLOBAL__sub_I__ZN9USBSerial9_hasBegunE
                0x080077c0        0xc C:\Users\root\AppData\Local\Temp\VMBuilds\AgvStation\stm32duino_genericSTM32F103C\Release\core.a(usb_serial.cpp.o)
 .text._Z11digitalReadh
                0x080077cc       0x2c C:\Users\root\AppData\Local\Temp\VMBuilds\AgvStation\stm32duino_genericSTM32F103C\Release\core.a(wirish_digital.cpp.o)
                0x080077cc                digitalRead(unsigned char)
 .text._Z12digitalWritehh
                0x080077f8       0x2c C:\Users\root\AppData\Local\Temp\VMBuilds\AgvStation\stm32duino_genericSTM32F103C\Release\core.a(wirish_digital.cpp.o)
                0x080077f8                digitalWrite(unsigned char, unsigned char)
 .text._ZL6microsv
                0x08007824       0x34 C:\Users\root\AppData\Local\Temp\VMBuilds\AgvStation\stm32duino_genericSTM32F103C\Release\core.a(wirish_time.cpp.o)
 .text._Z5delaym
                0x08007858       0x2a C:\Users\root\AppData\Local\Temp\VMBuilds\AgvStation\stm32duino_genericSTM32F103C\Release\core.a(wirish_time.cpp.o)
                0x08007858                delay(unsigned long)
 .text._ZNK6String14StringIfHelperEv
                0x08007882        0x2 C:\Users\root\AppData\Local\Temp\VMBuilds\AgvStation\stm32duino_genericSTM32F103C\Release\core.a(WString.cpp.o)
                0x08007882                String::StringIfHelper() const
 .text._ZN6StringD2Ev
                0x08007884        0xe C:\Users\root\AppData\Local\Temp\VMBuilds\AgvStation\stm32duino_genericSTM32F103C\Release\core.a(WString.cpp.o)
                0x08007884                String::~String()
                0x08007884                String::~String()
 .text._ZN6String10invalidateEv
                0x08007892       0x16 C:\Users\root\AppData\Local\Temp\VMBuilds\AgvStation\stm32duino_genericSTM32F103C\Release\core.a(WString.cpp.o)
                0x08007892                String::invalidate()
 .text._ZN6String12changeBufferEj
                0x080078a8       0x18 C:\Users\root\AppData\Local\Temp\VMBuilds\AgvStation\stm32duino_genericSTM32F103C\Release\core.a(WString.cpp.o)
                0x080078a8                String::changeBuffer(unsigned int)
 .text._ZN6String7reserveEj
                0x080078c0       0x22 C:\Users\root\AppData\Local\Temp\VMBuilds\AgvStation\stm32duino_genericSTM32F103C\Release\core.a(WString.cpp.o)
                0x080078c0                String::reserve(unsigned int)
 .text._ZN6String4copyEPKcj
                0x080078e2       0x26 C:\Users\root\AppData\Local\Temp\VMBuilds\AgvStation\stm32duino_genericSTM32F103C\Release\core.a(WString.cpp.o)
                0x080078e2                String::copy(char const*, unsigned int)
 .text._ZN6StringC2EPKc
                0x08007908       0x24 C:\Users\root\AppData\Local\Temp\VMBuilds\AgvStation\stm32duino_genericSTM32F103C\Release\core.a(WString.cpp.o)
                0x08007908                String::String(char const*)
                0x08007908                String::String(char const*)
 .text._ZN6String4moveERS_
                0x0800792c       0x44 C:\Users\root\AppData\Local\Temp\VMBuilds\AgvStation\stm32duino_genericSTM32F103C\Release\core.a(WString.cpp.o)
                0x0800792c                String::move(String&)
 .text._ZN6StringaSERKS_
                0x08007970       0x1e C:\Users\root\AppData\Local\Temp\VMBuilds\AgvStation\stm32duino_genericSTM32F103C\Release\core.a(WString.cpp.o)
                0x08007970                String::operator=(String const&)
 .text._ZN6StringC2ERKS_
                0x0800798e       0x14 C:\Users\root\AppData\Local\Temp\VMBuilds\AgvStation\stm32duino_genericSTM32F103C\Release\core.a(WString.cpp.o)
                0x0800798e                String::String(String const&)
                0x0800798e                String::String(String const&)
 .text._ZN6StringaSEOS_
                0x080079a2       0x10 C:\Users\root\AppData\Local\Temp\VMBuilds\AgvStation\stm32duino_genericSTM32F103C\Release\core.a(WString.cpp.o)
                0x080079a2                String::operator=(String&&)
 .text._ZN6StringaSEPKc
                0x080079b2       0x22 C:\Users\root\AppData\Local\Temp\VMBuilds\AgvStation\stm32duino_genericSTM32F103C\Release\core.a(WString.cpp.o)
                0x080079b2                String::operator=(char const*)
 .text._ZN6StringC2Ehh
                0x080079d4       0x22 C:\Users\root\AppData\Local\Temp\VMBuilds\AgvStation\stm32duino_genericSTM32F103C\Release\core.a(WString.cpp.o)
                0x080079d4                String::String(unsigned char, unsigned char)
                0x080079d4                String::String(unsigned char, unsigned char)
 .text._ZN6StringC2Eih
                0x080079f6       0x24 C:\Users\root\AppData\Local\Temp\VMBuilds\AgvStation\stm32duino_genericSTM32F103C\Release\core.a(WString.cpp.o)
                0x080079f6                String::String(int, unsigned char)
                0x080079f6                String::String(int, unsigned char)
 .text._ZN6StringC2Elh
                0x08007a1a       0x24 C:\Users\root\AppData\Local\Temp\VMBuilds\AgvStation\stm32duino_genericSTM32F103C\Release\core.a(WString.cpp.o)
                0x08007a1a                String::String(long, unsigned char)
                0x08007a1a                String::String(long, unsigned char)
 .text._ZN6String6concatEPKcj
                0x08007a3e       0x2e C:\Users\root\AppData\Local\Temp\VMBuilds\AgvStation\stm32duino_genericSTM32F103C\Release\core.a(WString.cpp.o)
                0x08007a3e                String::concat(char const*, unsigned int)
 .text._ZN6String6concatEc
                0x08007a6c       0x1a C:\Users\root\AppData\Local\Temp\VMBuilds\AgvStation\stm32duino_genericSTM32F103C\Release\core.a(WString.cpp.o)
                0x08007a6c                String::concat(char)
 .text._ZplRK15StringSumHelperRK6String
                0x08007a86       0x1a C:\Users\root\AppData\Local\Temp\VMBuilds\AgvStation\stm32duino_genericSTM32F103C\Release\core.a(WString.cpp.o)
                0x08007a86                operator+(StringSumHelper const&, String const&)
 .text._ZplRK15StringSumHelperPKc
                0x08007aa0       0x24 C:\Users\root\AppData\Local\Temp\VMBuilds\AgvStation\stm32duino_genericSTM32F103C\Release\core.a(WString.cpp.o)
                0x08007aa0                operator+(StringSumHelper const&, char const*)
 .text._ZplRK15StringSumHelperc
                0x08007ac4       0x14 C:\Users\root\AppData\Local\Temp\VMBuilds\AgvStation\stm32duino_genericSTM32F103C\Release\core.a(WString.cpp.o)
                0x08007ac4                operator+(StringSumHelper const&, char)
 .text._ZNK6String9compareToERKS_
                0x08007ad8       0x2c C:\Users\root\AppData\Local\Temp\VMBuilds\AgvStation\stm32duino_genericSTM32F103C\Release\core.a(WString.cpp.o)
                0x08007ad8                String::compareTo(String const&) const
 .text._ZNK6String6equalsERKS_
                0x08007b04       0x1c C:\Users\root\AppData\Local\Temp\VMBuilds\AgvStation\stm32duino_genericSTM32F103C\Release\core.a(WString.cpp.o)
                0x08007b04                String::equals(String const&) const
 .text._ZNK6String6equalsEPKc
                0x08007b20       0x26 C:\Users\root\AppData\Local\Temp\VMBuilds\AgvStation\stm32duino_genericSTM32F103C\Release\core.a(WString.cpp.o)
                0x08007b20                String::equals(char const*) const
 *fill*         0x08007b46        0x2 
 .text._ZN6StringixEj
                0x08007b48       0x1c C:\Users\root\AppData\Local\Temp\VMBuilds\AgvStation\stm32duino_genericSTM32F103C\Release\core.a(WString.cpp.o)
                0x08007b48                String::operator[](unsigned int)
 .text._ZNK6String9substringEjj
                0x08007b64       0x4c C:\Users\root\AppData\Local\Temp\VMBuilds\AgvStation\stm32duino_genericSTM32F103C\Release\core.a(WString.cpp.o)
                0x08007b64                String::substring(unsigned int, unsigned int) const
 .text._ZN6String4trimEv
                0x08007bb0       0x54 C:\Users\root\AppData\Local\Temp\VMBuilds\AgvStation\stm32duino_genericSTM32F103C\Release\core.a(WString.cpp.o)
                0x08007bb0                String::trim()
 .text._Z17disableDebugPortsv
                0x08007c04       0x14 C:\Users\root\AppData\Local\Temp\VMBuilds\AgvStation\stm32duino_genericSTM32F103C\Release\core.a(wirish_debug.cpp.o)
                0x08007c04                disableDebugPorts()
 .text._Z7pinModeh13WiringPinMode
                0x08007c18       0x84 C:\Users\root\AppData\Local\Temp\VMBuilds\AgvStation\stm32duino_genericSTM32F103C\Release\core.a(wirish_digital_f1.cpp.o)
                0x08007c18                pinMode(unsigned char, WiringPinMode)
 .text.__empty  0x08007c9c        0x2 C:\Users\root\AppData\Local\Temp\VMBuilds\AgvStation\stm32duino_genericSTM32F103C\Release\core.a(hooks.c.o)
                0x08007c9c                yield
 .text.ltoa     0x08007c9e       0x6e C:\Users\root\AppData\Local\Temp\VMBuilds\AgvStation\stm32duino_genericSTM32F103C\Release\core.a(itoa.c.o)
                0x08007c9e                ltoa
 .text.itoa     0x08007d0c        0x4 C:\Users\root\AppData\Local\Temp\VMBuilds\AgvStation\stm32duino_genericSTM32F103C\Release\core.a(itoa.c.o)
                0x08007d0c                itoa
 .text.ultoa    0x08007d10       0x52 C:\Users\root\AppData\Local\Temp\VMBuilds\AgvStation\stm32duino_genericSTM32F103C\Release\core.a(itoa.c.o)
                0x08007d10                ultoa
 .text.utoa     0x08007d62        0x4 C:\Users\root\AppData\Local\Temp\VMBuilds\AgvStation\stm32duino_genericSTM32F103C\Release\core.a(itoa.c.o)
                0x08007d62                utoa
 .text.bkp_init
                0x08007d66       0x18 C:\Users\root\AppData\Local\Temp\VMBuilds\AgvStation\stm32duino_genericSTM32F103C\Release\core.a(bkp_f1.c.o)
                0x08007d66                bkp_init
 *fill*         0x08007d7e        0x2 
 .text.bkp_enable_writes
                0x08007d80        0xc C:\Users\root\AppData\Local\Temp\VMBuilds\AgvStation\stm32duino_genericSTM32F103C\Release\core.a(bkp_f1.c.o)
                0x08007d80                bkp_enable_writes
 .text.bkp_disable_writes
                0x08007d8c        0xc C:\Users\root\AppData\Local\Temp\VMBuilds\AgvStation\stm32duino_genericSTM32F103C\Release\core.a(bkp_f1.c.o)
                0x08007d8c                bkp_disable_writes
 .text.bkp_write
                0x08007d98       0x16 C:\Users\root\AppData\Local\Temp\VMBuilds\AgvStation\stm32duino_genericSTM32F103C\Release\core.a(bkp_f1.c.o)
                0x08007d98                bkp_write
 .text.gpio_init
                0x08007dae       0x14 C:\Users\root\AppData\Local\Temp\VMBuilds\AgvStation\stm32duino_genericSTM32F103C\Release\core.a(gpio.c.o)
                0x08007dae                gpio_init
 *fill*         0x08007dc2        0x2 
 .text.usart_init
                0x08007dc4       0x4c C:\Users\root\AppData\Local\Temp\VMBuilds\AgvStation\stm32duino_genericSTM32F103C\Release\core.a(usart.c.o)
                0x08007dc4                usart_init
 .text.usart_enable
                0x08007e10       0x14 C:\Users\root\AppData\Local\Temp\VMBuilds\AgvStation\stm32duino_genericSTM32F103C\Release\core.a(usart.c.o)
                0x08007e10                usart_enable
 .text.usart_tx
                0x08007e24       0x9c C:\Users\root\AppData\Local\Temp\VMBuilds\AgvStation\stm32duino_genericSTM32F103C\Release\core.a(usart.c.o)
                0x08007e24                usart_tx
 .text.__aeabi_atexit
                0x08007ec0        0xc c:/users/root/appdata/local/arduino15/packages/arduino/tools/arm-none-eabi-gcc/4.8.3-2014q1/bin/../lib/gcc/arm-none-eabi/4.8.3/../../../../arm-none-eabi/lib/armv7-m\libstdc++.a(atexit_arm.o)
                0x08007ec0                __aeabi_atexit
 .text          0x08007ecc       0x2c c:/users/root/appdata/local/arduino15/packages/arduino/tools/arm-none-eabi-gcc/4.8.3-2014q1/bin/../lib/gcc/arm-none-eabi/4.8.3/armv7-m\libgcc.a(_aeabi_uldivmod.o)
                0x08007ecc                __aeabi_uldivmod
 .text          0x08007ef8       0x60 c:/users/root/appdata/local/arduino15/packages/arduino/tools/arm-none-eabi-gcc/4.8.3-2014q1/bin/../lib/gcc/arm-none-eabi/4.8.3/armv7-m\libgcc.a(bpabi.o)
                0x08007ef8                __gnu_ldivmod_helper
                0x08007f28                __gnu_uldivmod_helper
 .text          0x08007f58        0x4 c:/users/root/appdata/local/arduino15/packages/arduino/tools/arm-none-eabi-gcc/4.8.3-2014q1/bin/../lib/gcc/arm-none-eabi/4.8.3/armv7-m\libgcc.a(_dvmd_tls.o)
                0x08007f58                __aeabi_idiv0
                0x08007f58                __aeabi_ldiv0
 .text          0x08007f5c      0x2a0 c:/users/root/appdata/local/arduino15/packages/arduino/tools/arm-none-eabi-gcc/4.8.3-2014q1/bin/../lib/gcc/arm-none-eabi/4.8.3/armv7-m\libgcc.a(_divdi3.o)
                0x08007f5c                __divdi3
 .text          0x080081fc      0x290 c:/users/root/appdata/local/arduino15/packages/arduino/tools/arm-none-eabi-gcc/4.8.3-2014q1/bin/../lib/gcc/arm-none-eabi/4.8.3/armv7-m\libgcc.a(_udivdi3.o)
                0x080081fc                __udivdi3
 .text.__cxa_atexit
                0x0800848c       0x14 c:/users/root/appdata/local/arduino15/packages/arduino/tools/arm-none-eabi-gcc/4.8.3-2014q1/bin/../lib/gcc/arm-none-eabi/4.8.3/../../../../arm-none-eabi/lib/armv7-m\libc.a(lib_a-cxa_atexit.o)
                0x0800848c                __cxa_atexit
 .text.__errno  0x080084a0        0xc c:/users/root/appdata/local/arduino15/packages/arduino/tools/arm-none-eabi-gcc/4.8.3-2014q1/bin/../lib/gcc/arm-none-eabi/4.8.3/../../../../arm-none-eabi/lib/armv7-m\libc.a(lib_a-errno.o)
                0x080084a0                __errno
 .text.exit     0x080084ac       0x20 c:/users/root/appdata/local/arduino15/packages/arduino/tools/arm-none-eabi-gcc/4.8.3-2014q1/bin/../lib/gcc/arm-none-eabi/4.8.3/../../../../arm-none-eabi/lib/armv7-m\libc.a(lib_a-exit.o)
                0x080084ac                exit
 .text.__libc_init_array
                0x080084cc       0x50 c:/users/root/appdata/local/arduino15/packages/arduino/tools/arm-none-eabi-gcc/4.8.3-2014q1/bin/../lib/gcc/arm-none-eabi/4.8.3/../../../../arm-none-eabi/lib/armv7-m\libc.a(lib_a-init.o)
                0x080084cc                __libc_init_array
 .text.isspace  0x0800851c       0x14 c:/users/root/appdata/local/arduino15/packages/arduino/tools/arm-none-eabi-gcc/4.8.3-2014q1/bin/../lib/gcc/arm-none-eabi/4.8.3/../../../../arm-none-eabi/lib/armv7-m\libc.a(lib_a-isspace.o)
                0x0800851c                isspace
 .text.malloc   0x08008530       0x10 c:/users/root/appdata/local/arduino15/packages/arduino/tools/arm-none-eabi-gcc/4.8.3-2014q1/bin/../lib/gcc/arm-none-eabi/4.8.3/../../../../arm-none-eabi/lib/armv7-m\libc.a(lib_a-malloc.o)
                0x08008530                malloc
 .text.free     0x08008540       0x10 c:/users/root/appdata/local/arduino15/packages/arduino/tools/arm-none-eabi-gcc/4.8.3-2014q1/bin/../lib/gcc/arm-none-eabi/4.8.3/../../../../arm-none-eabi/lib/armv7-m\libc.a(lib_a-malloc.o)
                0x08008540                free
 .text._malloc_r
                0x08008550      0x538 c:/users/root/appdata/local/arduino15/packages/arduino/tools/arm-none-eabi-gcc/4.8.3-2014q1/bin/../lib/gcc/arm-none-eabi/4.8.3/../../../../arm-none-eabi/lib/armv7-m\libc.a(lib_a-mallocr.o)
                0x08008550                _malloc_r
 .text          0x08008a88       0xec c:/users/root/appdata/local/arduino15/packages/arduino/tools/arm-none-eabi-gcc/4.8.3-2014q1/bin/../lib/gcc/arm-none-eabi/4.8.3/../../../../arm-none-eabi/lib/armv7-m\libc.a(lib_a-memcpy.o)
                0x08008a88                memcpy
 .text.memmove  0x08008b74       0xcc c:/users/root/appdata/local/arduino15/packages/arduino/tools/arm-none-eabi-gcc/4.8.3-2014q1/bin/../lib/gcc/arm-none-eabi/4.8.3/../../../../arm-none-eabi/lib/armv7-m\libc.a(lib_a-memmove.o)
                0x08008b74                memmove
 .text.memset   0x08008c40       0x94 c:/users/root/appdata/local/arduino15/packages/arduino/tools/arm-none-eabi-gcc/4.8.3-2014q1/bin/../lib/gcc/arm-none-eabi/4.8.3/../../../../arm-none-eabi/lib/armv7-m\libc.a(lib_a-memset.o)
                0x08008c40                memset
 .text.__malloc_lock
                0x08008cd4        0x4 c:/users/root/appdata/local/arduino15/packages/arduino/tools/arm-none-eabi-gcc/4.8.3-2014q1/bin/../lib/gcc/arm-none-eabi/4.8.3/../../../../arm-none-eabi/lib/armv7-m\libc.a(lib_a-mlock.o)
                0x08008cd4                __malloc_lock
 .text.__malloc_unlock
                0x08008cd8        0x4 c:/users/root/appdata/local/arduino15/packages/arduino/tools/arm-none-eabi-gcc/4.8.3-2014q1/bin/../lib/gcc/arm-none-eabi/4.8.3/../../../../arm-none-eabi/lib/armv7-m\libc.a(lib_a-mlock.o)
                0x08008cd8                __malloc_unlock
 .text.realloc  0x08008cdc       0x10 c:/users/root/appdata/local/arduino15/packages/arduino/tools/arm-none-eabi-gcc/4.8.3-2014q1/bin/../lib/gcc/arm-none-eabi/4.8.3/../../../../arm-none-eabi/lib/armv7-m\libc.a(lib_a-realloc.o)
                0x08008cdc                realloc
 .text._realloc_r
                0x08008cec      0x3c0 c:/users/root/appdata/local/arduino15/packages/arduino/tools/arm-none-eabi-gcc/4.8.3-2014q1/bin/../lib/gcc/arm-none-eabi/4.8.3/../../../../arm-none-eabi/lib/armv7-m\libc.a(lib_a-reallocr.o)
                0x08008cec                _realloc_r
 .text._sbrk_r  0x080090ac       0x24 c:/users/root/appdata/local/arduino15/packages/arduino/tools/arm-none-eabi-gcc/4.8.3-2014q1/bin/../lib/gcc/arm-none-eabi/4.8.3/../../../../arm-none-eabi/lib/armv7-m\libc.a(lib_a-sbrkr.o)
                0x080090ac                _sbrk_r
 .text          0x080090d0      0x23c c:/users/root/appdata/local/arduino15/packages/arduino/tools/arm-none-eabi-gcc/4.8.3-2014q1/bin/../lib/gcc/arm-none-eabi/4.8.3/../../../../arm-none-eabi/lib/armv7-m\libc.a(lib_a-strcmp.o)
                0x080090d0                strcmp
 .text.strcpy   0x0800930c       0xbc c:/users/root/appdata/local/arduino15/packages/arduino/tools/arm-none-eabi-gcc/4.8.3-2014q1/bin/../lib/gcc/arm-none-eabi/4.8.3/../../../../arm-none-eabi/lib/armv7-m\libc.a(lib_a-strcpy.o)
                0x0800930c                strcpy
 .text.strlen   0x080093c8       0x60 c:/users/root/appdata/local/arduino15/packages/arduino/tools/arm-none-eabi-gcc/4.8.3-2014q1/bin/../lib/gcc/arm-none-eabi/4.8.3/../../../../arm-none-eabi/lib/armv7-m\libc.a(lib_a-strlen.o)
                0x080093c8                strlen
 .text.__register_exitproc
                0x08009428       0xa8 c:/users/root/appdata/local/arduino15/packages/arduino/tools/arm-none-eabi-gcc/4.8.3-2014q1/bin/../lib/gcc/arm-none-eabi/4.8.3/../../../../arm-none-eabi/lib/armv7-m\libc.a(lib_a-__atexit.o)
                0x08009428                __register_exitproc
 .text.startup.register_fini
                0x080094d0       0x14 c:/users/root/appdata/local/arduino15/packages/arduino/tools/arm-none-eabi-gcc/4.8.3-2014q1/bin/../lib/gcc/arm-none-eabi/4.8.3/../../../../arm-none-eabi/lib/armv7-m\libc.a(lib_a-__call_atexit.o)
 .text.__call_exitprocs
                0x080094e4       0xf0 c:/users/root/appdata/local/arduino15/packages/arduino/tools/arm-none-eabi-gcc/4.8.3-2014q1/bin/../lib/gcc/arm-none-eabi/4.8.3/../../../../arm-none-eabi/lib/armv7-m\libc.a(lib_a-__call_atexit.o)
                0x080094e4                __call_exitprocs
 .text.atexit   0x080095d4        0xc c:/users/root/appdata/local/arduino15/packages/arduino/tools/arm-none-eabi-gcc/4.8.3-2014q1/bin/../lib/gcc/arm-none-eabi/4.8.3/../../../../arm-none-eabi/lib/armv7-m\libc.a(lib_a-atexit.o)
                0x080095d4                atexit
 .text.__libc_fini_array
                0x080095e0       0x30 c:/users/root/appdata/local/arduino15/packages/arduino/tools/arm-none-eabi-gcc/4.8.3-2014q1/bin/../lib/gcc/arm-none-eabi/4.8.3/../../../../arm-none-eabi/lib/armv7-m\libc.a(lib_a-fini.o)
                0x080095e0                __libc_fini_array
 .text._malloc_trim_r
                0x08009610       0x9c c:/users/root/appdata/local/arduino15/packages/arduino/tools/arm-none-eabi-gcc/4.8.3-2014q1/bin/../lib/gcc/arm-none-eabi/4.8.3/../../../../arm-none-eabi/lib/armv7-m\libc.a(lib_a-freer.o)
                0x08009610                _malloc_trim_r
 .text._free_r  0x080096ac      0x198 c:/users/root/appdata/local/arduino15/packages/arduino/tools/arm-none-eabi-gcc/4.8.3-2014q1/bin/../lib/gcc/arm-none-eabi/4.8.3/../../../../arm-none-eabi/lib/armv7-m\libc.a(lib_a-freer.o)
                0x080096ac                _free_r
 *(.plt)
 *(.gnu.warning)
 *(.glue_7t)
 .glue_7t       0x00000000        0x0 linker stubs
 *(.glue_7)
 .glue_7        0x00000000        0x0 linker stubs
 *(.vfp11_veneer)
 .vfp11_veneer  0x00000000        0x0 linker stubs
 *(.ARM.extab* .gnu.linkonce.armextab.*)
 *(.gcc_except_table)
 *(.eh_frame_hdr)
 *(.eh_frame)
 .eh_frame      0x08009844        0x0 c:/users/root/appdata/local/arduino15/packages/arduino/tools/arm-none-eabi-gcc/4.8.3-2014q1/bin/../lib/gcc/arm-none-eabi/4.8.3/armv7-m/crtbegin.o
                0x08009844                . = ALIGN (0x4)
 *(.init)
 .init          0x08009844        0x4 c:/users/root/appdata/local/arduino15/packages/arduino/tools/arm-none-eabi-gcc/4.8.3-2014q1/bin/../lib/gcc/arm-none-eabi/4.8.3/armv7-m/crti.o
                0x08009844                _init
 .init          0x08009848        0x8 c:/users/root/appdata/local/arduino15/packages/arduino/tools/arm-none-eabi-gcc/4.8.3-2014q1/bin/../lib/gcc/arm-none-eabi/4.8.3/armv7-m/crtn.o
                0x08009850                . = ALIGN (0x4)
                0x08009850                __preinit_array_start = .
 *(.preinit_array)
                0x08009850                __preinit_array_end = .
                0x08009850                . = ALIGN (0x4)
                0x08009850                __init_array_start = .
 *(SORT(.init_array.*))
 .init_array.00000
                0x08009850        0x4 c:/users/root/appdata/local/arduino15/packages/arduino/tools/arm-none-eabi-gcc/4.8.3-2014q1/bin/../lib/gcc/arm-none-eabi/4.8.3/../../../../arm-none-eabi/lib/armv7-m\libc.a(lib_a-__call_atexit.o)
 .init_array.00101
                0x08009854        0x4 C:\Users\root\AppData\Local\Temp\VMBuilds\AgvStation\stm32duino_genericSTM32F103C\Release\core.a(main.cpp.o)
 *(.init_array)
 .init_array    0x08009858        0x4 c:/users/root/appdata/local/arduino15/packages/arduino/tools/arm-none-eabi-gcc/4.8.3-2014q1/bin/../lib/gcc/arm-none-eabi/4.8.3/armv7-m/crtbegin.o
 .init_array    0x0800985c        0x4 AgvStation.cpp.o
 .init_array    0x08009860        0x4 SPI\SPI.cpp.o
 .init_array    0x08009864        0x4 Wire\Wire.cpp.o
 .init_array    0x08009868        0x4 C:\Users\root\AppData\Local\Temp\VMBCore\arduino16x\d2e938235fae70ee18b7842253d8a36a\variant\board.cpp.o
 .init_array    0x0800986c        0x4 C:\Users\root\AppData\Local\Temp\VMBuilds\AgvStation\stm32duino_genericSTM32F103C\Release\core.a(usb_serial.cpp.o)
                0x08009870                __init_array_end = .
                0x08009870                . = ALIGN (0x4)
 *crtbegin.o(.ctors)
 *(EXCLUDE_FILE(*crtend.o) .ctors)
 *(SORT(.ctors.*))
 *crtend.o(.ctors)
                0x08009870                . = ALIGN (0x4)
 *(.fini)
 .fini          0x08009870        0x4 c:/users/root/appdata/local/arduino15/packages/arduino/tools/arm-none-eabi-gcc/4.8.3-2014q1/bin/../lib/gcc/arm-none-eabi/4.8.3/armv7-m/crti.o
                0x08009870                _fini
 .fini          0x08009874        0x8 c:/users/root/appdata/local/arduino15/packages/arduino/tools/arm-none-eabi-gcc/4.8.3-2014q1/bin/../lib/gcc/arm-none-eabi/4.8.3/armv7-m/crtn.o
                0x0800987c                . = ALIGN (0x4)
                0x0800987c                __fini_array_start = .
 *(.fini_array)
 .fini_array    0x0800987c        0x4 c:/users/root/appdata/local/arduino15/packages/arduino/tools/arm-none-eabi-gcc/4.8.3-2014q1/bin/../lib/gcc/arm-none-eabi/4.8.3/armv7-m/crtbegin.o
 *(SORT(.fini_array.*))
                0x08009880                __fini_array_end = .
 *crtbegin.o(.dtors)
 *(EXCLUDE_FILE(*crtend.o) .dtors)
 *(SORT(.dtors.*))
 *crtend.o(.dtors)

.v4_bx          0x08009880        0x0
 .v4_bx         0x00000000        0x0 linker stubs

.iplt           0x08009880        0x0
 .iplt          0x00000000        0x0 c:/users/root/appdata/local/arduino15/packages/arduino/tools/arm-none-eabi-gcc/4.8.3-2014q1/bin/../lib/gcc/arm-none-eabi/4.8.3/armv7-m/crtbegin.o

.text.align     0x08009880        0x0
                0x08009880                . = ALIGN (0x8)
                0x08009880                __text_end__ = .
                0x08009880                __exidx_start = .

.ARM.exidx      0x08009880        0x8
 *(.ARM.exidx* .gnu.linkonce.armexidx.*)
 .ARM.exidx     0x08009880        0x8 C:\Users\root\AppData\Local\Temp\VMBCore\arduino16x\d2e938235fae70ee18b7842253d8a36a\variant\start.S.o
 .ARM.exidx.text.__aeabi_atexit
                0x08009888        0x0 c:/users/root/appdata/local/arduino15/packages/arduino/tools/arm-none-eabi-gcc/4.8.3-2014q1/bin/../lib/gcc/arm-none-eabi/4.8.3/../../../../arm-none-eabi/lib/armv7-m\libstdc++.a(atexit_arm.o)
                                  0x8 (size before relaxing)
 .ARM.exidx     0x08009888        0x0 c:/users/root/appdata/local/arduino15/packages/arduino/tools/arm-none-eabi-gcc/4.8.3-2014q1/bin/../lib/gcc/arm-none-eabi/4.8.3/armv7-m\libgcc.a(_divdi3.o)
                                  0x8 (size before relaxing)
 .ARM.exidx     0x08009888        0x0 c:/users/root/appdata/local/arduino15/packages/arduino/tools/arm-none-eabi-gcc/4.8.3-2014q1/bin/../lib/gcc/arm-none-eabi/4.8.3/armv7-m\libgcc.a(_udivdi3.o)
                                  0x8 (size before relaxing)
                0x08009888                __exidx_end = .

.data           0x20000000      0xca0 load address 0x08009888
                0x20000000                __data_start__ = .
                0x20000000        0x4 LONG 0x0
                0x20000008                . = ALIGN (0x8)
 *fill*         0x20000004        0x4 
 *(.got.plt)
 *(.got)
 *(.data .data.* .gnu.linkonce.d.*)
 .data          0x20000008        0x4 c:/users/root/appdata/local/arduino15/packages/arduino/tools/arm-none-eabi-gcc/4.8.3-2014q1/bin/../lib/gcc/arm-none-eabi/4.8.3/armv7-m/crtbegin.o
                0x20000008                __dso_handle
 .data.received
                0x2000000c        0x1 AgvStation.cpp.o
                0x2000000c                received
 *fill*         0x2000000d        0x3 
 .data._ZN6wirish4privL8pll_dataE
                0x20000010        0x4 C:\Users\root\AppData\Local\Temp\VMBCore\arduino16x\d2e938235fae70ee18b7842253d8a36a\variant\boards_setup.cpp.o
 .data._ZN6wirish4priv9w_adc_smpE
                0x20000014        0x1 C:\Users\root\AppData\Local\Temp\VMBCore\arduino16x\d2e938235fae70ee18b7842253d8a36a\variant\boards_setup.cpp.o
                0x20000014                wirish::priv::w_adc_smp
 *fill*         0x20000015        0x1 
 .data._ZN6wirish4priv9w_adc_preE
                0x20000016        0x2 C:\Users\root\AppData\Local\Temp\VMBCore\arduino16x\d2e938235fae70ee18b7842253d8a36a\variant\boards_setup.cpp.o
                0x20000016                wirish::priv::w_adc_pre
 .data._ZN6wirish4priv15w_board_pll_cfgE
                0x20000018        0x8 C:\Users\root\AppData\Local\Temp\VMBCore\arduino16x\d2e938235fae70ee18b7842253d8a36a\variant\boards_setup.cpp.o
                0x20000018                wirish::priv::w_board_pll_cfg
 .data.adc2     0x20000020        0x8 C:\Users\root\AppData\Local\Temp\VMBuilds\AgvStation\stm32duino_genericSTM32F103C\Release\core.a(adc_f1.c.o)
                0x20000020                adc2
 .data.adc1     0x20000028       0x18 C:\Users\root\AppData\Local\Temp\VMBuilds\AgvStation\stm32duino_genericSTM32F103C\Release\core.a(adc_f1.c.o)
                0x20000028                adc1
 .data.ADC2     0x20000040        0x4 C:\Users\root\AppData\Local\Temp\VMBuilds\AgvStation\stm32duino_genericSTM32F103C\Release\core.a(adc_f1.c.o)
                0x20000040                ADC2
 .data.ADC1     0x20000044        0x4 C:\Users\root\AppData\Local\Temp\VMBuilds\AgvStation\stm32duino_genericSTM32F103C\Release\core.a(adc_f1.c.o)
                0x20000044                ADC1
 .data.dma1     0x20000048       0x40 C:\Users\root\AppData\Local\Temp\VMBuilds\AgvStation\stm32duino_genericSTM32F103C\Release\core.a(dma_f1.c.o)
 .data.DMA1     0x20000088        0x4 C:\Users\root\AppData\Local\Temp\VMBuilds\AgvStation\stm32duino_genericSTM32F103C\Release\core.a(dma_f1.c.o)
                0x20000088                DMA1
 .data.gpioa    0x2000008c        0x8 C:\Users\root\AppData\Local\Temp\VMBuilds\AgvStation\stm32duino_genericSTM32F103C\Release\core.a(gpio_f1.c.o)
                0x2000008c                gpioa
 .data.gpiob    0x20000094        0x8 C:\Users\root\AppData\Local\Temp\VMBuilds\AgvStation\stm32duino_genericSTM32F103C\Release\core.a(gpio_f1.c.o)
                0x20000094                gpiob
 .data.gpioc    0x2000009c        0x8 C:\Users\root\AppData\Local\Temp\VMBuilds\AgvStation\stm32duino_genericSTM32F103C\Release\core.a(gpio_f1.c.o)
                0x2000009c                gpioc
 .data.gpiod    0x200000a4        0x8 C:\Users\root\AppData\Local\Temp\VMBuilds\AgvStation\stm32duino_genericSTM32F103C\Release\core.a(gpio_f1.c.o)
                0x200000a4                gpiod
 .data.i2c1     0x200000ac       0x24 C:\Users\root\AppData\Local\Temp\VMBuilds\AgvStation\stm32duino_genericSTM32F103C\Release\core.a(i2c_f1.c.o)