Archive member included because of file (symbol)

C:\Users\postt\AppData\Local\Temp\VMBuilds\AgvStation_oop\stm32duino_genericSTM32F103C\Release\core.a(exc.S.o)
                              (__exc_nmi)
C:\Users\postt\AppData\Local\Temp\VMBuilds\AgvStation_oop\stm32duino_genericSTM32F103C\Release\core.a(isrs.S.o)
                              (__stm32reservedexception7)
C:\Users\postt\AppData\Local\Temp\VMBuilds\AgvStation_oop\stm32duino_genericSTM32F103C\Release\core.a(vector_table.S.o)
                              (__stm32_vector_table)
C:\Users\postt\AppData\Local\Temp\VMBuilds\AgvStation_oop\stm32duino_genericSTM32F103C\Release\core.a(adc.c.o)
                              C:\Users\postt\AppData\Local\Temp\VMBCore\arduino16x\769c170a1256b09c2396d315c0434dd3\variant\boards.cpp.o (adc_set_sample_rate)
C:\Users\postt\AppData\Local\Temp\VMBuilds\AgvStation_oop\stm32duino_genericSTM32F103C\Release\core.a(adc_f1.c.o)
                              (__irq_adc)
C:\Users\postt\AppData\Local\Temp\VMBuilds\AgvStation_oop\stm32duino_genericSTM32F103C\Release\core.a(dma.c.o)
                              SPI\SPI.cpp.o (dma_init)
C:\Users\postt\AppData\Local\Temp\VMBuilds\AgvStation_oop\stm32duino_genericSTM32F103C\Release\core.a(dma_f1.c.o)
                              SPI\SPI.cpp.o (dma_set_priority)
C:\Users\postt\AppData\Local\Temp\VMBuilds\AgvStation_oop\stm32duino_genericSTM32F103C\Release\core.a(exti.c.o)
                              (__irq_exti0)
C:\Users\postt\AppData\Local\Temp\VMBuilds\AgvStation_oop\stm32duino_genericSTM32F103C\Release\core.a(exti_f1.c.o)
                              C:\Users\postt\AppData\Local\Temp\VMBuilds\AgvStation_oop\stm32duino_genericSTM32F103C\Release\core.a(exti.c.o) (exti_select)
C:\Users\postt\AppData\Local\Temp\VMBuilds\AgvStation_oop\stm32duino_genericSTM32F103C\Release\core.a(flash.c.o)
                              C:\Users\postt\AppData\Local\Temp\VMBCore\arduino16x\769c170a1256b09c2396d315c0434dd3\variant\boards.cpp.o (flash_set_latency)
C:\Users\postt\AppData\Local\Temp\VMBuilds\AgvStation_oop\stm32duino_genericSTM32F103C\Release\core.a(gpio_f1.c.o)
                              C:\Users\postt\AppData\Local\Temp\VMBCore\arduino16x\769c170a1256b09c2396d315c0434dd3\variant\boards_setup.cpp.o (gpio_init_all)
C:\Users\postt\AppData\Local\Temp\VMBuilds\AgvStation_oop\stm32duino_genericSTM32F103C\Release\core.a(i2c.c.o)
                              Wire\Wire.cpp.o (i2c_master_xfer)
C:\Users\postt\AppData\Local\Temp\VMBuilds\AgvStation_oop\stm32duino_genericSTM32F103C\Release\core.a(i2c_f1.c.o)
                              C:\Users\postt\AppData\Local\Temp\VMBuilds\AgvStation_oop\stm32duino_genericSTM32F103C\Release\core.a(i2c.c.o) (i2c_config_gpios)
C:\Users\postt\AppData\Local\Temp\VMBuilds\AgvStation_oop\stm32duino_genericSTM32F103C\Release\core.a(iwdg.c.o)
                              AgvStation_oop.cpp.o (iwdg_init)
C:\Users\postt\AppData\Local\Temp\VMBuilds\AgvStation_oop\stm32duino_genericSTM32F103C\Release\core.a(nvic.c.o)
                              C:\Users\postt\AppData\Local\Temp\VMBuilds\AgvStation_oop\stm32duino_genericSTM32F103C\Release\core.a(i2c_f1.c.o) (nvic_irq_set_priority)
C:\Users\postt\AppData\Local\Temp\VMBuilds\AgvStation_oop\stm32duino_genericSTM32F103C\Release\core.a(rcc.c.o)
                              SPI\SPI.cpp.o (rcc_dev_clk)
C:\Users\postt\AppData\Local\Temp\VMBuilds\AgvStation_oop\stm32duino_genericSTM32F103C\Release\core.a(rcc_f1.c.o)
                              C:\Users\postt\AppData\Local\Temp\VMBCore\arduino16x\769c170a1256b09c2396d315c0434dd3\variant\boards.cpp.o (rcc_configure_pll)
C:\Users\postt\AppData\Local\Temp\VMBuilds\AgvStation_oop\stm32duino_genericSTM32F103C\Release\core.a(spi.c.o)
                              SPI\SPI.cpp.o (spi_init)
C:\Users\postt\AppData\Local\Temp\VMBuilds\AgvStation_oop\stm32duino_genericSTM32F103C\Release\core.a(spi_f1.c.o)
                              SPI\SPI.cpp.o (spi_config_gpios)
C:\Users\postt\AppData\Local\Temp\VMBuilds\AgvStation_oop\stm32duino_genericSTM32F103C\Release\core.a(systick.c.o)
                              C:\Users\postt\AppData\Local\Temp\VMBCore\arduino16x\769c170a1256b09c2396d315c0434dd3\variant\boards.cpp.o (systick_init)
C:\Users\postt\AppData\Local\Temp\VMBuilds\AgvStation_oop\stm32duino_genericSTM32F103C\Release\core.a(timer.c.o)
                              C:\Users\postt\AppData\Local\Temp\VMBCore\arduino16x\769c170a1256b09c2396d315c0434dd3\variant\boards.cpp.o (timer_foreach)
C:\Users\postt\AppData\Local\Temp\VMBuilds\AgvStation_oop\stm32duino_genericSTM32F103C\Release\core.a(usart_f1.c.o)
                              (__irq_usart1)
C:\Users\postt\AppData\Local\Temp\VMBuilds\AgvStation_oop\stm32duino_genericSTM32F103C\Release\core.a(usart_private.c.o)
                              C:\Users\postt\AppData\Local\Temp\VMBuilds\AgvStation_oop\stm32duino_genericSTM32F103C\Release\core.a(usart_f1.c.o) (_usart_clock_freq)
[...]
Memory Configuration

Name             Origin             Length             Attributes
ram              0x20000000         0x00005000         xrw
rom              0x08002000         0x0001e000         xr
*default*        0x00000000         0xffffffff

Linker script and memory map

LOAD c:/users/postt/appdata/local/arduino15/packages/arduino/tools/arm-none-eabi-gcc/4.8.3-2014q1/bin/../lib/gcc/arm-none-eabi/4.8.3/armv7-m/crti.o
LOAD c:/users/postt/appdata/local/arduino15/packages/arduino/tools/arm-none-eabi-gcc/4.8.3-2014q1/bin/../lib/gcc/arm-none-eabi/4.8.3/armv7-m/crtbegin.o
LOAD c:/users/postt/appdata/local/arduino15/packages/arduino/tools/arm-none-eabi-gcc/4.8.3-2014q1/bin/../lib/gcc/arm-none-eabi/4.8.3/../../../../arm-none-eabi/lib/armv7-m/crt0.o
LOAD c:/users/postt/appdata/local/arduino15/packages/arduino/tools/arm-none-eabi-gcc/4.8.3-2014q1/bin/../lib/gcc/arm-none-eabi/4.8.3/armv7-m\libgcc.a
START GROUP
LOAD AgvStation_oop.cpp.o
LOAD hc12.cpp.o
LOAD testClass.cpp.o
LOAD LiquidCrystal\LiquidCrystal.cpp.o
LOAD SPI\SPI.cpp.o
LOAD Wire\SoftWire.cpp.o
LOAD Wire\Wire.cpp.o
LOAD Wire\utility\WireBase.cpp.o
LOAD Adafruit_GFX_Library\glcdfont.c.o
LOAD Adafruit_GFX_Library\Adafruit_GFX.cpp.o
LOAD Adafruit_GFX_Library\Adafruit_SPITFT.cpp.o
LOAD Adafruit_SSD1306\Adafruit_SSD1306_STM32.cpp.o
LOAD C:\Users\postt\AppData\Local\Temp\VMBCore\arduino16x\769c170a1256b09c2396d315c0434dd3\variant\board.cpp.o
LOAD C:\Users\postt\AppData\Local\Temp\VMBCore\arduino16x\769c170a1256b09c2396d315c0434dd3\variant\boards.cpp.o
LOAD C:\Users\postt\AppData\Local\Temp\VMBCore\arduino16x\769c170a1256b09c2396d315c0434dd3\variant\boards_setup.cpp.o
LOAD C:\Users\postt\AppData\Local\Temp\VMBCore\arduino16x\769c170a1256b09c2396d315c0434dd3\variant\start.S.o
LOAD C:\Users\postt\AppData\Local\Temp\VMBCore\arduino16x\769c170a1256b09c2396d315c0434dd3\variant\start_c.c.o
LOAD C:\Users\postt\AppData\Local\Temp\VMBCore\arduino16x\769c170a1256b09c2396d315c0434dd3\variant\syscalls.c.o
LOAD C:\Users\postt\AppData\Local\Temp\VMBuilds\AgvStation_oop\stm32duino_genericSTM32F103C\Release\core.a
END GROUP
LOAD c:/users/postt/appdata/local/arduino15/packages/arduino/tools/arm-none-eabi-gcc/4.8.3-2014q1/bin/../lib/gcc/arm-none-eabi/4.8.3/../../../../arm-none-eabi/lib/armv7-m\libstdc++.a
LOAD c:/users/postt/appdata/local/arduino15/packages/arduino/tools/arm-none-eabi-gcc/4.8.3-2014q1/bin/../lib/gcc/arm-none-eabi/4.8.3/../../../../arm-none-eabi/lib/armv7-m\libm.a
START GROUP
LOAD c:/users/postt/appdata/local/arduino15/packages/arduino/tools/arm-none-eabi-gcc/4.8.3-2014q1/bin/../lib/gcc/arm-none-eabi/4.8.3/armv7-m\libgcc.a
LOAD c:/users/postt/appdata/local/arduino15/packages/arduino/tools/arm-none-eabi-gcc/4.8.3-2014q1/bin/../lib/gcc/arm-none-eabi/4.8.3/../../../../arm-none-eabi/lib/armv7-m\libc.a
END GROUP
LOAD c:/users/postt/appdata/local/arduino15/packages/arduino/tools/arm-none-eabi-gcc/4.8.3-2014q1/bin/../lib/gcc/arm-none-eabi/4.8.3/armv7-m/crtend.o
LOAD c:/users/postt/appdata/local/arduino15/packages/arduino/tools/arm-none-eabi-gcc/4.8.3-2014q1/bin/../lib/gcc/arm-none-eabi/4.8.3/armv7-m/crtn.o
START GROUP
LOAD c:/users/postt/appdata/local/arduino15/packages/arduino/tools/arm-none-eabi-gcc/4.8.3-2014q1/bin/../lib/gcc/arm-none-eabi/4.8.3/armv7-m\libgcc.a
LOAD c:/users/postt/appdata/local/arduino15/packages/arduino/tools/arm-none-eabi-gcc/4.8.3-2014q1/bin/../lib/gcc/arm-none-eabi/4.8.3/../../../../arm-none-eabi/lib/armv7-m\libc.a
LOAD c:/users/postt/appdata/local/arduino15/packages/arduino/tools/arm-none-eabi-gcc/4.8.3-2014q1/bin/../lib/gcc/arm-none-eabi/4.8.3/../../../../arm-none-eabi/lib/armv7-m\libm.a
END GROUP
START GROUP
LOAD c:/users/postt/appdata/local/arduino15/packages/arduino/tools/arm-none-eabi-gcc/4.8.3-2014q1/bin/../lib/gcc/arm-none-eabi/4.8.3/../../../../arm-none-eabi/lib/armv7-m\libnosys.a
END GROUP
                0x20005000                PROVIDE (__msp_init, (ORIGIN (ram) + 0x5000))
                0x08004f70                PROVIDE (__exc_reset, __start__)

.text           0x08002000     0x7b5c
                0x08002000                __text_start__ = .
 *(.stm32.interrupt_vector)
 .stm32.interrupt_vector
                0x08002000       0xec C:\Users\postt\AppData\Local\Temp\VMBuilds\AgvStation_oop\stm32duino_genericSTM32F103C\Release\core.a(vector_table.S.o)
                0x08002000                __stm32_vector_table
 *(.text .text.* .gnu.linkonce.t.*)
 .text          0x080020ec       0x54 c:/users/postt/appdata/local/arduino15/packages/arduino/tools/arm-none-eabi-gcc/4.8.3-2014q1/bin/../lib/gcc/arm-none-eabi/4.8.3/armv7-m/crtbegin.o
 .text._Z11genCheckSum6String
                0x08002140       0x24 AgvStation_oop.cpp.o
                0x08002140                genCheckSum(String)
 .text._Z10genPackage6StringS_S_S_
                0x08002164       0xdc AgvStation_oop.cpp.o
                0x08002164                genPackage(String, String, String, String)
 .text._Z13printMessListv
                0x08002240       0xb0 AgvStation_oop.cpp.o
                0x08002240                printMessList()
 .text._Z10addProcess6String
                0x080022f0       0x68 AgvStation_oop.cpp.o
                0x080022f0                addProcess(String)
 .text._Z10addMessage6String
                0x08002358       0x50 AgvStation_oop.cpp.o
                0x08002358                addMessage(String)
 .text._Z13removeMessage6String
                0x080023a8       0xc0 AgvStation_oop.cpp.o
                0x080023a8                removeMessage(String)
 .text._Z8buzzInitv
                0x08002468       0x16 AgvStation_oop.cpp.o
                0x08002468                buzzInit()
 *fill*         0x0800247e        0x2 
 .text._Z13dpShowWelcomev
                0x08002480       0x64 AgvStation_oop.cpp.o
                0x08002480                dpShowWelcome()
 .text._Z11dpShowTitlev
                0x080024e4       0x64 AgvStation_oop.cpp.o
                0x080024e4                dpShowTitle()
 .text._Z11dpShowReadyv
                0x08002548       0x60 AgvStation_oop.cpp.o
                0x08002548                dpShowReady()
 .text._Z11dpShowQueuev
                0x080025a8       0xc4 AgvStation_oop.cpp.o
                0x080025a8                dpShowQueue()
 .text._Z9dpRefreshii
                0x0800266c       0x4c AgvStation_oop.cpp.o
                0x0800266c                dpRefresh(int, int)
 .text._Z6swInitv
                0x080026b8       0x3e AgvStation_oop.cpp.o
                0x080026b8                swInit()
 *fill*         0x080026f6        0x2 
 .text._Z12resetProcessv
                0x080026f8       0xa8 AgvStation_oop.cpp.o
                0x080026f8                resetProcess()
 .text._Z13rxDataProcessv
                0x080027a0      0x338 AgvStation_oop.cpp.o
                0x080027a0                rxDataProcess()
 .text._Z8swActionv
                0x08002ad8      0x4fc AgvStation_oop.cpp.o
                0x08002ad8                swAction()
 .text._Z4loopv
                0x08002fd4       0x34 AgvStation_oop.cpp.o
                0x08002fd4                loop()
 .text.startup._GLOBAL__sub_I_lastMessage
                0x08003008       0xe0 AgvStation_oop.cpp.o
 .text.exit._GLOBAL__sub_D_lastMessage
                0x080030e8      0x124 AgvStation_oop.cpp.o
 .text._Z6dpInitv
                0x0800320c       0x2c AgvStation_oop.cpp.o
                0x0800320c                dpInit()
 .text._Z5setupv
                0x08003238       0xcc AgvStation_oop.cpp.o
                0x08003238                setup()
 .text._ZN4hc1211genCheckSumE6String
                0x08003304       0x26 testClass.cpp.o
                0x08003304                hc12::genCheckSum(String)
 *fill*         0x0800332a        0x2 
 .text._ZN4hc1210genPackageE6StringS0_S0_S0_
                0x0800332c       0xe0 testClass.cpp.o
                0x0800332c                hc12::genPackage(String, String, String, String)
 .text._ZN4hc128checkSumE6String
                0x0800340c      0x128 testClass.cpp.o
                0x0800340c                hc12::checkSum(String)
 .text._ZN4hc1211extractDataE6String
                0x08003534       0x90 testClass.cpp.o
                0x08003534                hc12::extractData(String)
 .text._ZN4hc1213printMessListEv
                0x080035c4       0xa4 testClass.cpp.o
                0x080035c4                hc12::printMessList()
 .text._ZN4hc1210addProcessE6String
                0x08003668       0x64 testClass.cpp.o
                0x08003668                hc12::addProcess(String)
 .text._ZN4hc1210addMessageE6String
                0x080036cc       0x4e testClass.cpp.o
                0x080036cc                hc12::addMessage(String)
 *fill*         0x0800371a        0x2 
 .text._ZN4hc124recvEv
                0x0800371c       0xec testClass.cpp.o
                0x0800371c                hc12::recv()
 .text._ZN4hc1210recvReturnEv
                0x08003808       0x40 testClass.cpp.o
                0x08003808                hc12::recvReturn()
 .text._ZN4hc12C2Eiii
                0x08003848      0x21c testClass.cpp.o
                0x08003848                hc12::hc12(int, int, int)
                0x08003848                hc12::hc12(int, int, int)
 .text._ZL12waitSpiTxEndP7spi_dev
                0x08003a64       0x10 SPI\SPI.cpp.o
 .text._ZL11disable_pwmPK14stm32_pin_info
                0x08003a74       0x10 SPI\SPI.cpp.o
 .text._ZL15dev_to_spi_pinsP7spi_dev.isra.8
                0x08003a84       0x1c SPI\SPI.cpp.o
 .text._ZL15configure_gpiosP7spi_devb
                0x08003aa0       0x84 SPI\SPI.cpp.o
 .text._ZL19determine_baud_rateP7spi_devm.isra.9
                0x08003b24       0x3c SPI\SPI.cpp.o
 .text._ZN8SPIClassC2Em
                0x08003b60       0xa8 SPI\SPI.cpp.o
                0x08003b60                SPIClass::SPIClass(unsigned long)
                0x08003b60                SPIClass::SPIClass(unsigned long)
 .text._ZN8SPIClass14updateSettingsEv
                0x08003c08       0x24 SPI\SPI.cpp.o
                0x08003c08                SPIClass::updateSettings()
 .text._ZN8SPIClass5beginEv
                0x08003c2c       0x24 SPI\SPI.cpp.o
                0x08003c2c                SPIClass::begin()
 .text._ZN8SPIClass15setClockDividerEm
                0x08003c50       0x18 SPI\SPI.cpp.o
                0x08003c50                SPIClass::setClockDivider(unsigned long)
 .text._ZNK8SPIClass8transferEh
                0x08003c68       0x1a SPI\SPI.cpp.o
                0x08003c68                SPIClass::transfer(unsigned char) const
 *fill*         0x08003c82        0x2 
 .text.startup._GLOBAL__sub_I__ZN8SPIClassC2Em
                0x08003c84        0xc SPI\SPI.cpp.o
 .text._ZN7TwoWire7processEv
                0x08003c90        0xc Wire\Wire.cpp.o
                0x08003c90                TwoWire::process()
 .text._ZN7TwoWire5beginEh
                0x08003c9c        0xe Wire\Wire.cpp.o
                0x08003c9c                TwoWire::begin(unsigned char)
 .text.i2c_disable
                0x08003caa       0x1a Wire\Wire.cpp.o
 .text._ZN7TwoWire3endEv
                0x08003cc4       0x10 Wire\Wire.cpp.o
                0x08003cc4                TwoWire::end()
 .text._ZN7TwoWire7processEh
                0x08003cd4       0x4a Wire\Wire.cpp.o
                0x08003cd4                TwoWire::process(unsigned char)
 *fill*         0x08003d1e        0x2 
 .text._ZN7TwoWireD2Ev
                0x08003d20       0x24 Wire\Wire.cpp.o
                0x08003d20                TwoWire::~TwoWire()
                0x08003d20                TwoWire::~TwoWire()
 .text.startup._GLOBAL__sub_I__ZN7TwoWire7processEh
                0x08003d44       0x28 Wire\Wire.cpp.o
 .text.exit._GLOBAL__sub_D__ZN7TwoWire7processEh
                0x08003d6c        0xc Wire\Wire.cpp.o
 .text._ZN8WireBase5beginEh
                0x08003d78       0x14 Wire\utility\WireBase.cpp.o
                0x08003d78                WireBase::begin(unsigned char)
 .text._ZN8WireBase17beginTransmissionEi
                0x08003d8c       0x16 Wire\utility\WireBase.cpp.o
                0x08003d8c                WireBase::beginTransmission(int)
 .text._ZN8WireBase15endTransmissionEb
                0x08003da2       0x1e Wire\utility\WireBase.cpp.o
                0x08003da2                WireBase::endTransmission(bool)
 .text._ZN8WireBase15endTransmissionEv
                0x08003dc0        0x6 Wire\utility\WireBase.cpp.o
                0x08003dc0                WireBase::endTransmission()
 .text._ZN8WireBase5writeEh
                0x08003dc6       0x28 Wire\utility\WireBase.cpp.o
                0x08003dc6                WireBase::write(unsigned char)
 .text._ZN8WireBase5writeEi
                0x08003dee        0x6 Wire\utility\WireBase.cpp.o
                0x08003dee                WireBase::write(int)
 .text._ZN12Adafruit_GFX9writeLineEsssst
                0x08003df4       0xc8 Adafruit_GFX_Library\Adafruit_GFX.cpp.o
                0x08003df4                Adafruit_GFX::writeLine(short, short, short, short, unsigned short)
 .text._ZN12Adafruit_GFX10startWriteEv
                0x08003ebc        0x2 Adafruit_GFX_Library\Adafruit_GFX.cpp.o
                0x08003ebc                Adafruit_GFX::startWrite()
 .text._ZN12Adafruit_GFX10writePixelEsst
                0x08003ebe        0xa Adafruit_GFX_Library\Adafruit_GFX.cpp.o
                0x08003ebe                Adafruit_GFX::writePixel(short, short, unsigned short)
 .text._ZN12Adafruit_GFX14writeFastVLineEssst
                0x08003ec8       0x12 Adafruit_GFX_Library\Adafruit_GFX.cpp.o
                0x08003ec8                Adafruit_GFX::writeFastVLine(short, short, short, unsigned short)
 .text._ZN12Adafruit_GFX14writeFastHLineEssst
                0x08003eda       0x12 Adafruit_GFX_Library\Adafruit_GFX.cpp.o
                0x08003eda                Adafruit_GFX::writeFastHLine(short, short, short, unsigned short)
 .text._ZN12Adafruit_GFX13writeFillRectEsssst
                0x08003eec       0x18 Adafruit_GFX_Library\Adafruit_GFX.cpp.o
                0x08003eec                Adafruit_GFX::writeFillRect(short, short, short, short, unsigned short)
 .text._ZN12Adafruit_GFX8endWriteEv
                0x08003f04        0x2 Adafruit_GFX_Library\Adafruit_GFX.cpp.o
                0x08003f04                Adafruit_GFX::endWrite()
 .text._ZN12Adafruit_GFX13drawFastVLineEssst
                0x08003f06       0x38 Adafruit_GFX_Library\Adafruit_GFX.cpp.o
                0x08003f06                Adafruit_GFX::drawFastVLine(short, short, short, unsigned short)
 .text._ZN12Adafruit_GFX13drawFastHLineEssst
                0x08003f3e       0x36 Adafruit_GFX_Library\Adafruit_GFX.cpp.o
                0x08003f3e                Adafruit_GFX::drawFastHLine(short, short, short, unsigned short)
 .text._ZN12Adafruit_GFX8fillRectEsssst
                0x08003f74       0x48 Adafruit_GFX_Library\Adafruit_GFX.cpp.o
                0x08003f74                Adafruit_GFX::fillRect(short, short, short, short, unsigned short)
 .text._ZN12Adafruit_GFX10fillScreenEt
                0x08003fbc       0x1c Adafruit_GFX_Library\Adafruit_GFX.cpp.o
                0x08003fbc                Adafruit_GFX::fillScreen(unsigned short)
 .text._ZN12Adafruit_GFX8drawLineEsssst
                0x08003fd8       0x7c Adafruit_GFX_Library\Adafruit_GFX.cpp.o
                0x08003fd8                Adafruit_GFX::drawLine(short, short, short, short, unsigned short)
 .text._ZN12Adafruit_GFX8drawRectEsssst
                0x08004054       0x7c Adafruit_GFX_Library\Adafruit_GFX.cpp.o
                0x08004054                Adafruit_GFX::drawRect(short, short, short, short, unsigned short)
 .text._ZN12Adafruit_GFX13invertDisplayEb
                0x080040d0        0x2 Adafruit_GFX_Library\Adafruit_GFX.cpp.o
                0x080040d0                Adafruit_GFX::invertDisplay(bool)
 .text._ZN12Adafruit_GFX11setRotationEh
                0x080040d2       0x1e Adafruit_GFX_Library\Adafruit_GFX.cpp.o
                0x080040d2                Adafruit_GFX::setRotation(unsigned char)
 .text._ZN12Adafruit_GFXC2Ess
                0x080040f0       0x34 Adafruit_GFX_Library\Adafruit_GFX.cpp.o
                0x080040f0                Adafruit_GFX::Adafruit_GFX(short, short)
                0x080040f0                Adafruit_GFX::Adafruit_GFX(short, short)
 .text._ZN12Adafruit_GFX8drawCharEsshtthh
                0x08004124      0x2c0 Adafruit_GFX_Library\Adafruit_GFX.cpp.o
                0x08004124                Adafruit_GFX::drawChar(short, short, unsigned char, unsigned short, unsigned short, unsigned char, unsigned char)
 .text._ZN12Adafruit_GFX5writeEh
                0x080043e4      0x102 Adafruit_GFX_Library\Adafruit_GFX.cpp.o
                0x080043e4                Adafruit_GFX::write(unsigned char)
 .text._ZN12Adafruit_GFX11setTextSizeEhh
                0x080044e6       0x12 Adafruit_GFX_Library\Adafruit_GFX.cpp.o
                0x080044e6                Adafruit_GFX::setTextSize(unsigned char, unsigned char)
 .text._ZN12Adafruit_GFX11setTextSizeEh
                0x080044f8        0x6 Adafruit_GFX_Library\Adafruit_GFX.cpp.o
                0x080044f8                Adafruit_GFX::setTextSize(unsigned char)
 *fill*         0x080044fe        0x2 
 .text._ZN16Adafruit_SSD130613drawFastHLineEssst
                0x08004500      0x1e0 Adafruit_SSD1306\Adafruit_SSD1306_STM32.cpp.o
                0x08004500                Adafruit_SSD1306::drawFastHLine(short, short, short, unsigned short)
 .text._ZN16Adafruit_SSD130613drawFastVLineEssst
                0x080046e0      0x1dc Adafruit_SSD1306\Adafruit_SSD1306_STM32.cpp.o
                0x080046e0                Adafruit_SSD1306::drawFastVLine(short, short, short, unsigned short)
 .text._ZN16Adafruit_SSD13069drawPixelEsst
                0x080048bc       0xc0 Adafruit_SSD1306\Adafruit_SSD1306_STM32.cpp.o
                0x080048bc                Adafruit_SSD1306::drawPixel(short, short, unsigned short)
 .text._ZN16Adafruit_SSD1306C2Ea
                0x0800497c       0x30 Adafruit_SSD1306\Adafruit_SSD1306_STM32.cpp.o
                0x0800497c                Adafruit_SSD1306::Adafruit_SSD1306(signed char)
                0x0800497c                Adafruit_SSD1306::Adafruit_SSD1306(signed char)
 .text._ZN16Adafruit_SSD130612clearDisplayEv
                0x080049ac       0x10 Adafruit_SSD1306\Adafruit_SSD1306_STM32.cpp.o
                0x080049ac                Adafruit_SSD1306::clearDisplay()
 .text._ZN16Adafruit_SSD130612fastSPIwriteEh
                0x080049bc       0x50 Adafruit_SSD1306\Adafruit_SSD1306_STM32.cpp.o
                0x080049bc                Adafruit_SSD1306::fastSPIwrite(unsigned char)
 .text._ZN16Adafruit_SSD130615ssd1306_commandEh
                0x08004a0c       0x68 Adafruit_SSD1306\Adafruit_SSD1306_STM32.cpp.o
                0x08004a0c                Adafruit_SSD1306::ssd1306_command(unsigned char)
 .text._ZN16Adafruit_SSD13067displayEv
                0x08004a74       0xbc Adafruit_SSD1306\Adafruit_SSD1306_STM32.cpp.o
                0x08004a74                Adafruit_SSD1306::display()
 .text._ZN16Adafruit_SSD13065beginEhhb
                0x08004b30      0x1f0 Adafruit_SSD1306\Adafruit_SSD1306_STM32.cpp.o
                0x08004b30                Adafruit_SSD1306::begin(unsigned char, unsigned char, bool)
 .text._Z9boardInitv
                0x08004d20        0x4 C:\Users\postt\AppData\Local\Temp\VMBCore\arduino16x\769c170a1256b09c2396d315c0434dd3\variant\board.cpp.o
                0x08004d20                boardInit()
 .text.startup._GLOBAL__sub_I__Z9boardInitv
                0x08004d24       0x48 C:\Users\postt\AppData\Local\Temp\VMBCore\arduino16x\769c170a1256b09c2396d315c0434dd3\variant\board.cpp.o
 .text._ZL18adc_default_configP7adc_dev
                0x08004d6c       0x1c C:\Users\postt\AppData\Local\Temp\VMBCore\arduino16x\769c170a1256b09c2396d315c0434dd3\variant\boards.cpp.o
 .text._ZL20timer_default_configP9timer_dev
                0x08004d88       0x9e C:\Users\postt\AppData\Local\Temp\VMBCore\arduino16x\769c170a1256b09c2396d315c0434dd3\variant\boards.cpp.o
 *fill*         0x08004e26        0x2 
 .text._Z4initv
                0x08004e28       0xbc C:\Users\postt\AppData\Local\Temp\VMBCore\arduino16x\769c170a1256b09c2396d315c0434dd3\variant\boards.cpp.o
                0x08004e28                init()
 .text._ZN6wirish4priv15board_reset_pllEv
                0x08004ee4        0x2 C:\Users\postt\AppData\Local\Temp\VMBCore\arduino16x\769c170a1256b09c2396d315c0434dd3\variant\boards_setup.cpp.o
                0x08004ee4                wirish::priv::board_reset_pll()
 .text._ZN6wirish4priv28board_setup_clock_prescalersEv
                0x08004ee6       0x2e C:\Users\postt\AppData\Local\Temp\VMBCore\arduino16x\769c170a1256b09c2396d315c0434dd3\variant\boards_setup.cpp.o
                0x08004ee6                wirish::priv::board_setup_clock_prescalers()
 .text._ZN6wirish4priv16board_setup_gpioEv
                0x08004f14        0x4 C:\Users\postt\AppData\Local\Temp\VMBCore\arduino16x\769c170a1256b09c2396d315c0434dd3\variant\boards_setup.cpp.o
                0x08004f14                wirish::priv::board_setup_gpio()
 .text._ZN6wirish4priv15board_setup_usbEv
                0x08004f18       0x54 C:\Users\postt\AppData\Local\Temp\VMBCore\arduino16x\769c170a1256b09c2396d315c0434dd3\variant\boards_setup.cpp.o
                0x08004f18                wirish::priv::board_setup_usb()
 .text._ZN6wirish4priv11series_initEv
                0x08004f6c        0x4 C:\Users\postt\AppData\Local\Temp\VMBCore\arduino16x\769c170a1256b09c2396d315c0434dd3\variant\boards_setup.cpp.o
                0x08004f6c                wirish::priv::series_init()
 .text          0x08004f70       0x10 C:\Users\postt\AppData\Local\Temp\VMBCore\arduino16x\769c170a1256b09c2396d315c0434dd3\variant\start.S.o
                0x08004f70                __start__
 .text.start_c  0x08004f80       0x58 C:\Users\postt\AppData\Local\Temp\VMBCore\arduino16x\769c170a1256b09c2396d315c0434dd3\variant\start_c.c.o
                0x08004f80                start_c
 .text._sbrk    0x08004fd8       0x44 C:\Users\postt\AppData\Local\Temp\VMBCore\arduino16x\769c170a1256b09c2396d315c0434dd3\variant\syscalls.c.o
                0x08004fd8                _sbrk
 *fill*         0x0800501c        0x4 
 .text          0x08005020       0x60 C:\Users\postt\AppData\Local\Temp\VMBuilds\AgvStation_oop\stm32duino_genericSTM32F103C\Release\core.a(exc.S.o)
                0x08005020                __exc_nmi
                0x08005024                __exc_hardfault
                0x08005028                __exc_memmanage
                0x0800502c                __exc_busfault
                0x08005030                __exc_usagefault
 .text          0x08005080        0x2 C:\Users\postt\AppData\Local\Temp\VMBuilds\AgvStation_oop\stm32duino_genericSTM32F103C\Release\core.a(isrs.S.o)
                0x08005080                __stm32reservedexception9
                0x08005080                __exc_debug_monitor
                0x08005080                __exc_svc
                0x08005080                __irq_can_rx1
                0x08005080                __irq_spi2
                0x08005080                __irq_can_sce
                0x08005080                __irq_pvd
                0x08005080                __irq_tamper
                0x08005080                __default_handler
                0x08005080                __irq_wwdg
                0x08005080                __stm32reservedexception10
                0x08005080                __irq_flash
                0x08005080                __stm32reservedexception13
                0x08005080                __irq_rtc
                0x08005080                __irq_spi1
                0x08005080                __stm32reservedexception7
                0x08005080                __irq_usb_hp_can_tx
                0x08005080                __irq_rtcalarm
                0x08005080                __stm32reservedexception8
                0x08005080                __exc_pendsv
                0x08005080                __irq_usbwakeup
                0x08005080                __irq_rcc
 .text.adc_init
                0x08005082       0x14 C:\Users\postt\AppData\Local\Temp\VMBuilds\AgvStation_oop\stm32duino_genericSTM32F103C\Release\core.a(adc.c.o)
                0x08005082                adc_init
 .text.adc_set_extsel
                0x08005096       0x12 C:\Users\postt\AppData\Local\Temp\VMBuilds\AgvStation_oop\stm32duino_genericSTM32F103C\Release\core.a(adc.c.o)
                0x08005096                adc_set_extsel
 .text.adc_set_sample_rate
                0x080050a8       0x30 C:\Users\postt\AppData\Local\Temp\VMBuilds\AgvStation_oop\stm32duino_genericSTM32F103C\Release\core.a(adc.c.o)
                0x080050a8                adc_set_sample_rate
 .text.__irq_adc
                0x080050d8       0x50 C:\Users\postt\AppData\Local\Temp\VMBuilds\AgvStation_oop\stm32duino_genericSTM32F103C\Release\core.a(adc_f1.c.o)
                0x080050d8                __irq_adc
 .text.adc_calibrate
                0x08005128       0x24 C:\Users\postt\AppData\Local\Temp\VMBuilds\AgvStation_oop\stm32duino_genericSTM32F103C\Release\core.a(adc_f1.c.o)
                0x08005128                adc_calibrate
 .text.adc_set_prescaler
                0x0800514c        0x8 C:\Users\postt\AppData\Local\Temp\VMBuilds\AgvStation_oop\stm32duino_genericSTM32F103C\Release\core.a(adc_f1.c.o)
                0x0800514c                adc_set_prescaler
 .text.adc_foreach
                0x08005154       0x1c C:\Users\postt\AppData\Local\Temp\VMBuilds\AgvStation_oop\stm32duino_genericSTM32F103C\Release\core.a(adc_f1.c.o)
                0x08005154                adc_foreach
 .text.adc_enable_single_swstart
                0x08005170       0x36 C:\Users\postt\AppData\Local\Temp\VMBuilds\AgvStation_oop\stm32duino_genericSTM32F103C\Release\core.a(adc_f1.c.o)
                0x08005170                adc_enable_single_swstart
 .text.dma_irq_handler
                0x080051a6       0x1c C:\Users\postt\AppData\Local\Temp\VMBuilds\AgvStation_oop\stm32duino_genericSTM32F103C\Release\core.a(dma_f1.c.o)
 *fill*         0x080051c2        0x2 
 .text.__irq_dma1_channel1
                0x080051c4       0x10 C:\Users\postt\AppData\Local\Temp\VMBuilds\AgvStation_oop\stm32duino_genericSTM32F103C\Release\core.a(dma_f1.c.o)
                0x080051c4                __irq_dma1_channel1
 .text.__irq_dma1_channel2
                0x080051d4       0x10 C:\Users\postt\AppData\Local\Temp\VMBuilds\AgvStation_oop\stm32duino_genericSTM32F103C\Release\core.a(dma_f1.c.o)
                0x080051d4                __irq_dma1_channel2
 .text.__irq_dma1_channel3
                0x080051e4       0x10 C:\Users\postt\AppData\Local\Temp\VMBuilds\AgvStation_oop\stm32duino_genericSTM32F103C\Release\core.a(dma_f1.c.o)
                0x080051e4                __irq_dma1_channel3
 .text.__irq_dma1_channel4
                0x080051f4       0x10 C:\Users\postt\AppData\Local\Temp\VMBuilds\AgvStation_oop\stm32duino_genericSTM32F103C\Release\core.a(dma_f1.c.o)
                0x080051f4                __irq_dma1_channel4
 .text.__irq_dma1_channel5
                0x08005204       0x10 C:\Users\postt\AppData\Local\Temp\VMBuilds\AgvStation_oop\stm32duino_genericSTM32F103C\Release\core.a(dma_f1.c.o)
                0x08005204                __irq_dma1_channel5
 .text.__irq_dma1_channel6
                0x08005214       0x10 C:\Users\postt\AppData\Local\Temp\VMBuilds\AgvStation_oop\stm32duino_genericSTM32F103C\Release\core.a(dma_f1.c.o)
                0x08005214                __irq_dma1_channel6
 .text.__irq_dma1_channel7
                0x08005224       0x10 C:\Users\postt\AppData\Local\Temp\VMBuilds\AgvStation_oop\stm32duino_genericSTM32F103C\Release\core.a(dma_f1.c.o)
                0x08005224                __irq_dma1_channel7
 .text.dispatch_single_exti
                0x08005234       0x2c C:\Users\postt\AppData\Local\Temp\VMBuilds\AgvStation_oop\stm32duino_genericSTM32F103C\Release\core.a(exti.c.o)
                0x08005234                dispatch_single_exti
 .text.dispatch_extis
                0x08005260       0x4c C:\Users\postt\AppData\Local\Temp\VMBuilds\AgvStation_oop\stm32duino_genericSTM32F103C\Release\core.a(exti.c.o)
                0x08005260                dispatch_extis
 .text.__irq_exti0
                0x080052ac        0x6 C:\Users\postt\AppData\Local\Temp\VMBuilds\AgvStation_oop\stm32duino_genericSTM32F103C\Release\core.a(exti.c.o)
                0x080052ac                __irq_exti0
 .text.__irq_exti1
                0x080052b2        0x6 C:\Users\postt\AppData\Local\Temp\VMBuilds\AgvStation_oop\stm32duino_genericSTM32F103C\Release\core.a(exti.c.o)
                0x080052b2                __irq_exti1
 .text.__irq_exti2
                0x080052b8        0x6 C:\Users\postt\AppData\Local\Temp\VMBuilds\AgvStation_oop\stm32duino_genericSTM32F103C\Release\core.a(exti.c.o)
                0x080052b8                __irq_exti2
 .text.__irq_exti3
                0x080052be        0x6 C:\Users\postt\AppData\Local\Temp\VMBuilds\AgvStation_oop\stm32duino_genericSTM32F103C\Release\core.a(exti.c.o)
                0x080052be                __irq_exti3
 .text.__irq_exti4
                0x080052c4        0x6 C:\Users\postt\AppData\Local\Temp\VMBuilds\AgvStation_oop\stm32duino_genericSTM32F103C\Release\core.a(exti.c.o)
                0x080052c4                __irq_exti4
 .text.__irq_exti9_5
                0x080052ca        0x8 C:\Users\postt\AppData\Local\Temp\VMBuilds\AgvStation_oop\stm32duino_genericSTM32F103C\Release\core.a(exti.c.o)
                0x080052ca                __irq_exti9_5
 .text.__irq_exti15_10
                0x080052d2        0x8 C:\Users\postt\AppData\Local\Temp\VMBuilds\AgvStation_oop\stm32duino_genericSTM32F103C\Release\core.a(exti.c.o)
                0x080052d2                __irq_exti15_10
 *fill*         0x080052da        0x2 
 .text.flash_set_latency
                0x080052dc       0x14 C:\Users\postt\AppData\Local\Temp\VMBuilds\AgvStation_oop\stm32duino_genericSTM32F103C\Release\core.a(flash.c.o)
                0x080052dc                flash_set_latency
 .text.gpio_init_all
                0x080052f0       0x30 C:\Users\postt\AppData\Local\Temp\VMBuilds\AgvStation_oop\stm32duino_genericSTM32F103C\Release\core.a(gpio_f1.c.o)
                0x080052f0                gpio_init_all
 .text.gpio_set_mode
                0x08005320       0x50 C:\Users\postt\AppData\Local\Temp\VMBuilds\AgvStation_oop\stm32duino_genericSTM32F103C\Release\core.a(gpio_f1.c.o)
                0x08005320                gpio_set_mode
 .text.afio_init
                0x08005370       0x12 C:\Users\postt\AppData\Local\Temp\VMBuilds\AgvStation_oop\stm32duino_genericSTM32F103C\Release\core.a(gpio_f1.c.o)
                0x08005370                afio_init
 *fill*         0x08005382        0x2 
 .text.afio_remap
                0x08005384       0x20 C:\Users\postt\AppData\Local\Temp\VMBuilds\AgvStation_oop\stm32duino_genericSTM32F103C\Release\core.a(gpio_f1.c.o)
                0x08005384                afio_remap
 .text.nvic_irq_enable
                0x080053a4       0x1c C:\Users\postt\AppData\Local\Temp\VMBuilds\AgvStation_oop\stm32duino_genericSTM32F103C\Release\core.a(i2c.c.o)
 .text.i2c_disable_irq
                0x080053c0        0xc C:\Users\postt\AppData\Local\Temp\VMBuilds\AgvStation_oop\stm32duino_genericSTM32F103C\Release\core.a(i2c.c.o)
 .text.delay_us.part.0.constprop.6
                0x080053cc        0xa C:\Users\postt\AppData\Local\Temp\VMBuilds\AgvStation_oop\stm32duino_genericSTM32F103C\Release\core.a(i2c.c.o)
 .text.i2c_bus_reset
                0x080053d6       0xc2 C:\Users\postt\AppData\Local\Temp\VMBuilds\AgvStation_oop\stm32duino_genericSTM32F103C\Release\core.a(i2c.c.o)
                0x080053d6                i2c_bus_reset
 .text.i2c_init
                0x08005498       0x1e C:\Users\postt\AppData\Local\Temp\VMBuilds\AgvStation_oop\stm32duino_genericSTM32F103C\Release\core.a(i2c.c.o)
                0x08005498                i2c_init
 *fill*         0x080054b6        0x2 
 .text.wait_for_state_change
                0x080054b8       0x98 C:\Users\postt\AppData\Local\Temp\VMBuilds\AgvStation_oop\stm32duino_genericSTM32F103C\Release\core.a(i2c.c.o)
                0x080054b8                wait_for_state_change
 .text.i2c_master_xfer
                0x08005550       0xa4 C:\Users\postt\AppData\Local\Temp\VMBuilds\AgvStation_oop\stm32duino_genericSTM32F103C\Release\core.a(i2c.c.o)
                0x08005550                i2c_master_xfer
 .text._i2c_irq_handler
                0x080055f4      0x3d8 C:\Users\postt\AppData\Local\Temp\VMBuilds\AgvStation_oop\stm32duino_genericSTM32F103C\Release\core.a(i2c.c.o)
                0x080055f4                _i2c_irq_handler
 .text._i2c_irq_error_handler
                0x080059cc       0x84 C:\Users\postt\AppData\Local\Temp\VMBuilds\AgvStation_oop\stm32duino_genericSTM32F103C\Release\core.a(i2c.c.o)
                0x080059cc                _i2c_irq_error_handler
 .text.i2c_set_ccr_trise
                0x08005a50       0x54 C:\Users\postt\AppData\Local\Temp\VMBuilds\AgvStation_oop\stm32duino_genericSTM32F103C\Release\core.a(i2c.c.o)
                0x08005a50                i2c_set_ccr_trise
 .text.i2c_master_enable
                0x08005aa4      0x1b4 C:\Users\postt\AppData\Local\Temp\VMBuilds\AgvStation_oop\stm32duino_genericSTM32F103C\Release\core.a(i2c.c.o)
                0x08005aa4                i2c_master_enable
 .text.i2c_config_gpios
                0x08005c58       0x58 C:\Users\postt\AppData\Local\Temp\VMBuilds\AgvStation_oop\stm32duino_genericSTM32F103C\Release\core.a(i2c_f1.c.o)
                0x08005c58                i2c_config_gpios
 .text.i2c_master_release_bus
                0x08005cb0       0x4c C:\Users\postt\AppData\Local\Temp\VMBuilds\AgvStation_oop\stm32duino_genericSTM32F103C\Release\core.a(i2c_f1.c.o)
                0x08005cb0                i2c_master_release_bus
 .text.__irq_i2c1_ev
                0x08005cfc        0xc C:\Users\postt\AppData\Local\Temp\VMBuilds\AgvStation_oop\stm32duino_genericSTM32F103C\Release\core.a(i2c_f1.c.o)
                0x08005cfc                __irq_i2c1_ev
 .text.__irq_i2c2_ev
                0x08005d08        0xc C:\Users\postt\AppData\Local\Temp\VMBuilds\AgvStation_oop\stm32duino_genericSTM32F103C\Release\core.a(i2c_f1.c.o)
                0x08005d08                __irq_i2c2_ev
 .text.__irq_i2c1_er
                0x08005d14        0xc C:\Users\postt\AppData\Local\Temp\VMBuilds\AgvStation_oop\stm32duino_genericSTM32F103C\Release\core.a(i2c_f1.c.o)
                0x08005d14                __irq_i2c1_er
 .text.__irq_i2c2_er
                0x08005d20        0xc C:\Users\postt\AppData\Local\Temp\VMBuilds\AgvStation_oop\stm32duino_genericSTM32F103C\Release\core.a(i2c_f1.c.o)
                0x08005d20                __irq_i2c2_er
 .text._i2c_irq_priority_fixup
                0x08005d2c        0xa C:\Users\postt\AppData\Local\Temp\VMBuilds\AgvStation_oop\stm32duino_genericSTM32F103C\Release\core.a(i2c_f1.c.o)
                0x08005d2c                _i2c_irq_priority_fixup
 *fill*         0x08005d36        0x2 
 .text.iwdg_init
                0x08005d38       0x20 C:\Users\postt\AppData\Local\Temp\VMBuilds\AgvStation_oop\stm32duino_genericSTM32F103C\Release\core.a(iwdg.c.o)
                0x08005d38                iwdg_init
 .text.iwdg_feed
                0x08005d58       0x10 C:\Users\postt\AppData\Local\Temp\VMBuilds\AgvStation_oop\stm32duino_genericSTM32F103C\Release\core.a(iwdg.c.o)
                0x08005d58                iwdg_feed
 .text.nvic_irq_set_priority
                0x08005d68       0x28 C:\Users\postt\AppData\Local\Temp\VMBuilds\AgvStation_oop\stm32duino_genericSTM32F103C\Release\core.a(nvic.c.o)
                0x08005d68                nvic_irq_set_priority
 .text.nvic_init
                0x08005d90       0x30 C:\Users\postt\AppData\Local\Temp\VMBuilds\AgvStation_oop\stm32duino_genericSTM32F103C\Release\core.a(nvic.c.o)
                0x08005d90                nvic_init
 .text.nvic_sys_reset
                0x08005dc0       0x1c C:\Users\postt\AppData\Local\Temp\VMBuilds\AgvStation_oop\stm32duino_genericSTM32F103C\Release\core.a(nvic.c.o)
                0x08005dc0                nvic_sys_reset
 .text.rcc_dev_clk
                0x08005ddc        0xc C:\Users\postt\AppData\Local\Temp\VMBuilds\AgvStation_oop\stm32duino_genericSTM32F103C\Release\core.a(rcc.c.o)
                0x08005ddc                rcc_dev_clk
 .text.rcc_switch_sysclk
                0x08005de8       0x20 C:\Users\postt\AppData\Local\Temp\VMBuilds\AgvStation_oop\stm32duino_genericSTM32F103C\Release\core.a(rcc.c.o)
                0x08005de8                rcc_switch_sysclk
 .text.rcc_turn_on_clk
                0x08005e08       0x1a C:\Users\postt\AppData\Local\Temp\VMBuilds\AgvStation_oop\stm32duino_genericSTM32F103C\Release\core.a(rcc.c.o)
                0x08005e08                rcc_turn_on_clk
 .text.rcc_turn_off_clk
                0x08005e22       0x1c C:\Users\postt\AppData\Local\Temp\VMBuilds\AgvStation_oop\stm32duino_genericSTM32F103C\Release\core.a(rcc.c.o)
                0x08005e22                rcc_turn_off_clk
 .text.rcc_is_clk_ready
                0x08005e3e       0x18 C:\Users\postt\AppData\Local\Temp\VMBuilds\AgvStation_oop\stm32duino_genericSTM32F103C\Release\core.a(rcc.c.o)
                0x08005e3e                rcc_is_clk_ready
 *fill*         0x08005e56        0x2 
 .text.rcc_configure_pll
                0x08005e58       0x18 C:\Users\postt\AppData\Local\Temp\VMBuilds\AgvStation_oop\stm32duino_genericSTM32F103C\Release\core.a(rcc_f1.c.o)
                0x08005e58                rcc_configure_pll
 .text.rcc_clk_enable
                0x08005e70       0x30 C:\Users\postt\AppData\Local\Temp\VMBuilds\AgvStation_oop\stm32duino_genericSTM32F103C\Release\core.a(rcc_f1.c.o)
                0x08005e70                rcc_clk_enable
 .text.rcc_reset_dev
                0x08005ea0       0x34 C:\Users\postt\AppData\Local\Temp\VMBuilds\AgvStation_oop\stm32duino_genericSTM32F103C\Release\core.a(rcc_f1.c.o)
                0x08005ea0                rcc_reset_dev
 .text.rcc_set_prescaler
                0x08005ed4       0x20 C:\Users\postt\AppData\Local\Temp\VMBuilds\AgvStation_oop\stm32duino_genericSTM32F103C\Release\core.a(rcc_f1.c.o)
                0x08005ed4                rcc_set_prescaler
 .text.rcc_clk_disable
                0x08005ef4       0x30 C:\Users\postt\AppData\Local\Temp\VMBuilds\AgvStation_oop\stm32duino_genericSTM32F103C\Release\core.a(rcc_f1.c.o)
                0x08005ef4                rcc_clk_disable
 .text.bb_peri_set_bit
                0x08005f24        0xe C:\Users\postt\AppData\Local\Temp\VMBuilds\AgvStation_oop\stm32duino_genericSTM32F103C\Release\core.a(spi.c.o)
 .text.spi_init
                0x08005f32       0x14 C:\Users\postt\AppData\Local\Temp\VMBuilds\AgvStation_oop\stm32duino_genericSTM32F103C\Release\core.a(spi.c.o)
                0x08005f32                spi_init
 .text.spi_peripheral_enable
                0x08005f46        0xa C:\Users\postt\AppData\Local\Temp\VMBuilds\AgvStation_oop\stm32duino_genericSTM32F103C\Release\core.a(spi.c.o)
                0x08005f46                spi_peripheral_enable
 .text.spi_peripheral_disable
                0x08005f50        0xa C:\Users\postt\AppData\Local\Temp\VMBuilds\AgvStation_oop\stm32duino_genericSTM32F103C\Release\core.a(spi.c.o)
                0x08005f50                spi_peripheral_disable
 .text.spi_reconfigure
                0x08005f5a       0x2c C:\Users\postt\AppData\Local\Temp\VMBuilds\AgvStation_oop\stm32duino_genericSTM32F103C\Release\core.a(spi.c.o)
 .text.spi_master_enable
                0x08005f86        0xc C:\Users\postt\AppData\Local\Temp\VMBuilds\AgvStation_oop\stm32duino_genericSTM32F103C\Release\core.a(spi.c.o)
                0x08005f86                spi_master_enable
 .text.spi_config_gpios
                0x08005f92       0x5a C:\Users\postt\AppData\Local\Temp\VMBuilds\AgvStation_oop\stm32duino_genericSTM32F103C\Release\core.a(spi_f1.c.o)
                0x08005f92                spi_config_gpios
 .text.systick_init
                0x08005fec       0x10 C:\Users\postt\AppData\Local\Temp\VMBuilds\AgvStation_oop\stm32duino_genericSTM32F103C\Release\core.a(systick.c.o)
                0x08005fec                systick_init
 .text.__exc_systick
                0x08005ffc       0x1c C:\Users\postt\AppData\Local\Temp\VMBuilds\AgvStation_oop\stm32duino_genericSTM32F103C\Release\core.a(systick.c.o)
                0x08005ffc                __exc_systick
 .text.timer_oc_set_mode
                0x08006018       0x3a C:\Users\postt\AppData\Local\Temp\VMBuilds\AgvStation_oop\stm32duino_genericSTM32F103C\Release\core.a(timer.c.o)
 .text.dispatch_general
                0x08006052       0x66 C:\Users\postt\AppData\Local\Temp\VMBuilds\AgvStation_oop\stm32duino_genericSTM32F103C\Release\core.a(timer.c.o)
 .text.timer_cc_enable
                0x080060b8       0x1c C:\Users\postt\AppData\Local\Temp\VMBuilds\AgvStation_oop\stm32duino_genericSTM32F103C\Release\core.a(timer.c.o)
 .text.timer_foreach
                0x080060d4       0x28 C:\Users\postt\AppData\Local\Temp\VMBuilds\AgvStation_oop\stm32duino_genericSTM32F103C\Release\core.a(timer.c.o)
                0x080060d4                timer_foreach
 .text.timer_init
                0x080060fc       0x14 C:\Users\postt\AppData\Local\Temp\VMBuilds\AgvStation_oop\stm32duino_genericSTM32F103C\Release\core.a(timer.c.o)
                0x080060fc                timer_init
 .text.timer_has_cc_channel
                0x08006110       0x30 C:\Users\postt\AppData\Local\Temp\VMBuilds\AgvStation_oop\stm32duino_genericSTM32F103C\Release\core.a(timer.c.o)
                0x08006110                timer_has_cc_channel
 .text.timer_detach_interrupt
                0x08006140       0x1e C:\Users\postt\AppData\Local\Temp\VMBuilds\AgvStation_oop\stm32duino_genericSTM32F103C\Release\core.a(timer.c.o)
                0x08006140                timer_detach_interrupt
 .text.input_capture_mode
                0x0800615e       0x1a C:\Users\postt\AppData\Local\Temp\VMBuilds\AgvStation_oop\stm32duino_genericSTM32F103C\Release\core.a(timer.c.o)
                0x0800615e                input_capture_mode
 .text.timer_set_mode
                0x08006178       0x8c C:\Users\postt\AppData\Local\Temp\VMBuilds\AgvStation_oop\stm32duino_genericSTM32F103C\Release\core.a(timer.c.o)
                0x08006178                timer_set_mode
 .text.__irq_tim1_brk
                0x08006204       0x24 C:\Users\postt\AppData\Local\Temp\VMBuilds\AgvStation_oop\stm32duino_genericSTM32F103C\Release\core.a(timer.c.o)
                0x08006204                __irq_tim1_brk
 .text.__irq_tim1_up
                0x08006228       0x24 C:\Users\postt\AppData\Local\Temp\VMBuilds\AgvStation_oop\stm32duino_genericSTM32F103C\Release\core.a(timer.c.o)
                0x08006228                __irq_tim1_up
 .text.__irq_tim1_trg_com
                0x0800624c       0x34 C:\Users\postt\AppData\Local\Temp\VMBuilds\AgvStation_oop\stm32duino_genericSTM32F103C\Release\core.a(timer.c.o)
                0x0800624c                __irq_tim1_trg_com
 .text.__irq_tim1_cc
                0x08006280       0x50 C:\Users\postt\AppData\Local\Temp\VMBuilds\AgvStation_oop\stm32duino_genericSTM32F103C\Release\core.a(timer.c.o)
                0x08006280                __irq_tim1_cc
 .text.__irq_tim2
                0x080062d0        0xc C:\Users\postt\AppData\Local\Temp\VMBuilds\AgvStation_oop\stm32duino_genericSTM32F103C\Release\core.a(timer.c.o)
                0x080062d0                __irq_tim2
 .text.__irq_tim3
                0x080062dc        0xc C:\Users\postt\AppData\Local\Temp\VMBuilds\AgvStation_oop\stm32duino_genericSTM32F103C\Release\core.a(timer.c.o)
                0x080062dc                __irq_tim3
 .text.__irq_tim4
                0x080062e8        0xc C:\Users\postt\AppData\Local\Temp\VMBuilds\AgvStation_oop\stm32duino_genericSTM32F103C\Release\core.a(timer.c.o)
                0x080062e8                __irq_tim4
 .text.usart_irq
                0x080062f4       0xc8 C:\Users\postt\AppData\Local\Temp\VMBuilds\AgvStation_oop\stm32duino_genericSTM32F103C\Release\core.a(usart_f1.c.o)
 .text.usart_config_gpios_async
                0x080063bc       0x4a C:\Users\postt\AppData\Local\Temp\VMBuilds\AgvStation_oop\stm32duino_genericSTM32F103C\Release\core.a(usart_f1.c.o)
                0x080063bc                usart_config_gpios_async
 .text.usart_set_baud_rate
                0x08006406       0x3c C:\Users\postt\AppData\Local\Temp\VMBuilds\AgvStation_oop\stm32duino_genericSTM32F103C\Release\core.a(usart_f1.c.o)
                0x08006406                usart_set_baud_rate
 *fill*         0x08006442        0x2 
 .text.__irq_usart1
                0x08006444       0x18 C:\Users\postt\AppData\Local\Temp\VMBuilds\AgvStation_oop\stm32duino_genericSTM32F103C\Release\core.a(usart_f1.c.o)
                0x08006444                __irq_usart1
 .text.__irq_usart2
                0x0800645c       0x18 C:\Users\postt\AppData\Local\Temp\VMBuilds\AgvStation_oop\stm32duino_genericSTM32F103C\Release\core.a(usart_f1.c.o)
                0x0800645c                __irq_usart2
 .text.__irq_usart3
                0x08006474       0x18 C:\Users\postt\AppData\Local\Temp\VMBuilds\AgvStation_oop\stm32duino_genericSTM32F103C\Release\core.a(usart_f1.c.o)
                0x08006474                __irq_usart3
 .text._usart_clock_freq
                0x0800648c       0x24 C:\Users\postt\AppData\Local\Temp\VMBuilds\AgvStation_oop\stm32duino_genericSTM32F103C\Release\core.a(usart_private.c.o)
                0x0800648c                _usart_clock_freq
 .text.throb    0x080064b0       0x4c C:\Users\postt\AppData\Local\Temp\VMBuilds\AgvStation_oop\stm32duino_genericSTM32F103C\Release\core.a(util.c.o)
                0x080064b0                throb
 .text.__error  0x080064fc       0x14 C:\Users\postt\AppData\Local\Temp\VMBuilds\AgvStation_oop\stm32duino_genericSTM32F103C\Release\core.a(util.c.o)
                0x080064fc                __error
 .text.usb_resume
                0x08006510       0xb4 C:\Users\postt\AppData\Local\Temp\VMBuilds\AgvStation_oop\stm32duino_genericSTM32F103C\Release\core.a(usb.c.o)
 .text.usb_init_usblib
                0x080065c4       0x48 C:\Users\postt\AppData\Local\Temp\VMBuilds\AgvStation_oop\stm32duino_genericSTM32F103C\Release\core.a(usb.c.o)
                0x080065c4                usb_init_usblib
 .text.__irq_usb_lp_can_rx0
                0x0800660c      0x1c8 C:\Users\postt\AppData\Local\Temp\VMBuilds\AgvStation_oop\stm32duino_genericSTM32F103C\Release\core.a(usb.c.o)
                0x0800660c                __irq_usb_lp_can_rx0
 .text.usb_set_ep_rx_stat
                0x080067d4       0x22 C:\Users\postt\AppData\Local\Temp\VMBuilds\AgvStation_oop\stm32duino_genericSTM32F103C\Release\core.a(usb_cdcacm.c.o)
 *fill*         0x080067f6        0x2 
 .text.vcomGetSetLineCoding
                0x080067f8       0x18 C:\Users\postt\AppData\Local\Temp\VMBuilds\AgvStation_oop\stm32duino_genericSTM32F103C\Release\core.a(usb_cdcacm.c.o)
 .text.usbDataSetup
                0x08006810       0x54 C:\Users\postt\AppData\Local\Temp\VMBuilds\AgvStation_oop\stm32duino_genericSTM32F103C\Release\core.a(usb_cdcacm.c.o)
 .text.usbNoDataSetup
                0x08006864       0x50 C:\Users\postt\AppData\Local\Temp\VMBuilds\AgvStation_oop\stm32duino_genericSTM32F103C\Release\core.a(usb_cdcacm.c.o)
 .text.usbGetInterfaceSetting
                0x080068b4       0x10 C:\Users\postt\AppData\Local\Temp\VMBuilds\AgvStation_oop\stm32duino_genericSTM32F103C\Release\core.a(usb_cdcacm.c.o)
 .text.usbSetConfiguration
                0x080068c4       0x1c C:\Users\postt\AppData\Local\Temp\VMBuilds\AgvStation_oop\stm32duino_genericSTM32F103C\Release\core.a(usb_cdcacm.c.o)
 .text.usbSetDeviceAddress
                0x080068e0       0x10 C:\Users\postt\AppData\Local\Temp\VMBuilds\AgvStation_oop\stm32duino_genericSTM32F103C\Release\core.a(usb_cdcacm.c.o)
 .text.usbGetStringDescriptor
                0x080068f0       0x20 C:\Users\postt\AppData\Local\Temp\VMBuilds\AgvStation_oop\stm32duino_genericSTM32F103C\Release\core.a(usb_cdcacm.c.o)
 .text.usbGetConfigDescriptor
                0x08006910        0xc C:\Users\postt\AppData\Local\Temp\VMBuilds\AgvStation_oop\stm32duino_genericSTM32F103C\Release\core.a(usb_cdcacm.c.o)
 .text.usbGetDeviceDescriptor
                0x0800691c        0xc C:\Users\postt\AppData\Local\Temp\VMBuilds\AgvStation_oop\stm32duino_genericSTM32F103C\Release\core.a(usb_cdcacm.c.o)
 .text.usbInit  0x08006928       0x44 C:\Users\postt\AppData\Local\Temp\VMBuilds\AgvStation_oop\stm32duino_genericSTM32F103C\Release\core.a(usb_cdcacm.c.o)
 .text.vcomDataTxCb
                0x0800696c       0xa0 C:\Users\postt\AppData\Local\Temp\VMBuilds\AgvStation_oop\stm32duino_genericSTM32F103C\Release\core.a(usb_cdcacm.c.o)
 .text.usbReset
                0x08006a0c      0x160 C:\Users\postt\AppData\Local\Temp\VMBuilds\AgvStation_oop\stm32duino_genericSTM32F103C\Release\core.a(usb_cdcacm.c.o)
 .text.vcomDataRxCb
                0x08006b6c       0x7c C:\Users\postt\AppData\Local\Temp\VMBuilds\AgvStation_oop\stm32duino_genericSTM32F103C\Release\core.a(usb_cdcacm.c.o)
 .text.usb_cdcacm_set_hooks
                0x08006be8       0x1c C:\Users\postt\AppData\Local\Temp\VMBuilds\AgvStation_oop\stm32duino_genericSTM32F103C\Release\core.a(usb_cdcacm.c.o)
                0x08006be8                usb_cdcacm_set_hooks
 .text.usb_cdcacm_enable
                0x08006c04       0x38 C:\Users\postt\AppData\Local\Temp\VMBuilds\AgvStation_oop\stm32duino_genericSTM32F103C\Release\core.a(usb_cdcacm.c.o)
                0x08006c04                usb_cdcacm_enable
 .text.usb_cdcacm_tx
                0x08006c3c       0x60 C:\Users\postt\AppData\Local\Temp\VMBuilds\AgvStation_oop\stm32duino_genericSTM32F103C\Release\core.a(usb_cdcacm.c.o)
                0x08006c3c                usb_cdcacm_tx
 .text.usb_cdcacm_data_available
                0x08006c9c       0x18 C:\Users\postt\AppData\Local\Temp\VMBuilds\AgvStation_oop\stm32duino_genericSTM32F103C\Release\core.a(usb_cdcacm.c.o)
                0x08006c9c                usb_cdcacm_data_available
 .text.usb_cdcacm_peek
                0x08006cb4       0x38 C:\Users\postt\AppData\Local\Temp\VMBuilds\AgvStation_oop\stm32duino_genericSTM32F103C\Release\core.a(usb_cdcacm.c.o)
                0x08006cb4                usb_cdcacm_peek
 .text.usb_cdcacm_rx
                0x08006cec       0x34 C:\Users\postt\AppData\Local\Temp\VMBuilds\AgvStation_oop\stm32duino_genericSTM32F103C\Release\core.a(usb_cdcacm.c.o)
                0x08006cec                usb_cdcacm_rx
 .text.usb_cdcacm_peek_ex
                0x08006d20       0x40 C:\Users\postt\AppData\Local\Temp\VMBuilds\AgvStation_oop\stm32duino_genericSTM32F103C\Release\core.a(usb_cdcacm.c.o)
                0x08006d20                usb_cdcacm_peek_ex
 .text.usb_cdcacm_get_dtr
                0x08006d60       0x10 C:\Users\postt\AppData\Local\Temp\VMBuilds\AgvStation_oop\stm32duino_genericSTM32F103C\Release\core.a(usb_cdcacm.c.o)
                0x08006d60                usb_cdcacm_get_dtr
 .text.usb_set_ep_rx_count
                0x08006d70       0x4c C:\Users\postt\AppData\Local\Temp\VMBuilds\AgvStation_oop\stm32duino_genericSTM32F103C\Release\core.a(usb_reg_map.c.o)
                0x08006d70                usb_set_ep_rx_count
 .text.Standard_GetConfiguration
                0x08006dbc       0x24 C:\Users\postt\AppData\Local\Temp\VMBuilds\AgvStation_oop\stm32duino_genericSTM32F103C\Release\core.a(usb_core.c.o)
                0x08006dbc                Standard_GetConfiguration
 .text.Standard_GetInterface
                0x08006de0       0x24 C:\Users\postt\AppData\Local\Temp\VMBuilds\AgvStation_oop\stm32duino_genericSTM32F103C\Release\core.a(usb_core.c.o)
                0x08006de0                Standard_GetInterface
 .text.Standard_GetStatus
                0x08006e04       0x90 C:\Users\postt\AppData\Local\Temp\VMBuilds\AgvStation_oop\stm32duino_genericSTM32F103C\Release\core.a(usb_core.c.o)
                0x08006e04                Standard_GetStatus
 .text.DataStageIn
                0x08006e94       0xa8 C:\Users\postt\AppData\Local\Temp\VMBuilds\AgvStation_oop\stm32duino_genericSTM32F103C\Release\core.a(usb_core.c.o)
 .text.Standard_SetConfiguration
                0x08006f3c       0x38 C:\Users\postt\AppData\Local\Temp\VMBuilds\AgvStation_oop\stm32duino_genericSTM32F103C\Release\core.a(usb_core.c.o)
                0x08006f3c                Standard_SetConfiguration
 .text.Standard_SetInterface
                0x08006f74       0x48 C:\Users\postt\AppData\Local\Temp\VMBuilds\AgvStation_oop\stm32duino_genericSTM32F103C\Release\core.a(usb_core.c.o)
                0x08006f74                Standard_SetInterface
 .text.Standard_ClearFeature
                0x08006fbc       0xd0 C:\Users\postt\AppData\Local\Temp\VMBuilds\AgvStation_oop\stm32duino_genericSTM32F103C\Release\core.a(usb_core.c.o)
                0x08006fbc                Standard_ClearFeature
 .text.Standard_SetEndPointFeature
                0x0800708c       0x84 C:\Users\postt\AppData\Local\Temp\VMBuilds\AgvStation_oop\stm32duino_genericSTM32F103C\Release\core.a(usb_core.c.o)
                0x0800708c                Standard_SetEndPointFeature
 .text.Standard_SetDeviceFeature
                0x08007110       0x24 C:\Users\postt\AppData\Local\Temp\VMBuilds\AgvStation_oop\stm32duino_genericSTM32F103C\Release\core.a(usb_core.c.o)
                0x08007110                Standard_SetDeviceFeature
 .text.Standard_GetDescriptorData
                0x08007134       0x1c C:\Users\postt\AppData\Local\Temp\VMBuilds\AgvStation_oop\stm32duino_genericSTM32F103C\Release\core.a(usb_core.c.o)
                0x08007134                Standard_GetDescriptorData
 .text.Post0_Process
                0x08007150       0x40 C:\Users\postt\AppData\Local\Temp\VMBuilds\AgvStation_oop\stm32duino_genericSTM32F103C\Release\core.a(usb_core.c.o)
                0x08007150                Post0_Process
 .text.Setup0_Process
                0x08007190      0x2d0 C:\Users\postt\AppData\Local\Temp\VMBuilds\AgvStation_oop\stm32duino_genericSTM32F103C\Release\core.a(usb_core.c.o)
                0x08007190                Setup0_Process
 .text.Out0_Process
                0x08007460       0xc8 C:\Users\postt\AppData\Local\Temp\VMBuilds\AgvStation_oop\stm32duino_genericSTM32F103C\Release\core.a(usb_core.c.o)
                0x08007460                Out0_Process
 .text.SetDeviceAddress
                0x08007528       0x38 C:\Users\postt\AppData\Local\Temp\VMBuilds\AgvStation_oop\stm32duino_genericSTM32F103C\Release\core.a(usb_core.c.o)
                0x08007528                SetDeviceAddress
 .text.In0_Process
                0x08007560       0x5c C:\Users\postt\AppData\Local\Temp\VMBuilds\AgvStation_oop\stm32duino_genericSTM32F103C\Release\core.a(usb_core.c.o)
                0x08007560                In0_Process
 .text.NOP_Process
                0x080075bc        0x2 C:\Users\postt\AppData\Local\Temp\VMBuilds\AgvStation_oop\stm32duino_genericSTM32F103C\Release\core.a(usb_core.c.o)
                0x080075bc                NOP_Process
 .text.UserToPMABufferCopy
                0x080075be       0x30 C:\Users\postt\AppData\Local\Temp\VMBuilds\AgvStation_oop\stm32duino_genericSTM32F103C\Release\core.a(usb_mem.c.o)
                0x080075be                UserToPMABufferCopy
 .text.PMAToUserBufferCopy
                0x080075ee       0x32 C:\Users\postt\AppData\Local\Temp\VMBuilds\AgvStation_oop\stm32duino_genericSTM32F103C\Release\core.a(usb_mem.c.o)
                0x080075ee                PMAToUserBufferCopy
 .text.SetEPTxStatus
                0x08007620       0x2a C:\Users\postt\AppData\Local\Temp\VMBuilds\AgvStation_oop\stm32duino_genericSTM32F103C\Release\core.a(usb_regs.c.o)
                0x08007620                SetEPTxStatus
 .text.ClearDTOG_RX
                0x0800764a       0x20 C:\Users\postt\AppData\Local\Temp\VMBuilds\AgvStation_oop\stm32duino_genericSTM32F103C\Release\core.a(usb_regs.c.o)
                0x0800764a                ClearDTOG_RX
 .text.ClearDTOG_TX
                0x0800766a       0x20 C:\Users\postt\AppData\Local\Temp\VMBuilds\AgvStation_oop\stm32duino_genericSTM32F103C\Release\core.a(usb_regs.c.o)
                0x0800766a                ClearDTOG_TX
 *fill*         0x0800768a        0x2 
 .text.GetEPTxAddr
                0x0800768c       0x1c C:\Users\postt\AppData\Local\Temp\VMBuilds\AgvStation_oop\stm32duino_genericSTM32F103C\Release\core.a(usb_regs.c.o)
                0x0800768c                GetEPTxAddr
 .text.GetEPRxAddr
                0x080076a8       0x1c C:\Users\postt\AppData\Local\Temp\VMBuilds\AgvStation_oop\stm32duino_genericSTM32F103C\Release\core.a(usb_regs.c.o)
                0x080076a8                GetEPRxAddr
 .text.SetEPTxCount
                0x080076c4       0x1c C:\Users\postt\AppData\Local\Temp\VMBuilds\AgvStation_oop\stm32duino_genericSTM32F103C\Release\core.a(usb_regs.c.o)
                0x080076c4                SetEPTxCount
 .text.SetEPRxCount
                0x080076e0       0x40 C:\Users\postt\AppData\Local\Temp\VMBuilds\AgvStation_oop\stm32duino_genericSTM32F103C\Release\core.a(usb_regs.c.o)
                0x080076e0                SetEPRxCount
 .text.__cxa_pure_virtual
                0x08007720        0x2 C:\Users\postt\AppData\Local\Temp\VMBuilds\AgvStation_oop\stm32duino_genericSTM32F103C\Release\core.a(cxxabi-compat.cpp.o)
                0x08007720                __cxa_pure_virtual
 .text.rb_full_count
                0x08007722       0x22 C:\Users\postt\AppData\Local\Temp\VMBuilds\AgvStation_oop\stm32duino_genericSTM32F103C\Release\core.a(HardwareSerial.cpp.o)
 .text._ZN14HardwareSerial4readEv
                0x08007744       0x3a C:\Users\postt\AppData\Local\Temp\VMBuilds\AgvStation_oop\stm32duino_genericSTM32F103C\Release\core.a(HardwareSerial.cpp.o)
                0x08007744                HardwareSerial::read()
 .text._ZN14HardwareSerial9availableEv
                0x0800777e        0xc C:\Users\postt\AppData\Local\Temp\VMBuilds\AgvStation_oop\stm32duino_genericSTM32F103C\Release\core.a(HardwareSerial.cpp.o)
                0x0800777e                HardwareSerial::available()
 .text._ZN14HardwareSerial4peekEv
                0x0800778a       0x22 C:\Users\postt\AppData\Local\Temp\VMBuilds\AgvStation_oop\stm32duino_genericSTM32F103C\Release\core.a(HardwareSerial.cpp.o)
                0x0800778a                HardwareSerial::peek()
 .text._ZN14HardwareSerial5flushEv
                0x080077ac       0x1a C:\Users\postt\AppData\Local\Temp\VMBuilds\AgvStation_oop\stm32duino_genericSTM32F103C\Release\core.a(HardwareSerial.cpp.o)
                0x080077ac                HardwareSerial::flush()
 .text._ZN14HardwareSerial5writeEh
                0x080077c6       0x1e C:\Users\postt\AppData\Local\Temp\VMBuilds\AgvStation_oop\stm32duino_genericSTM32F103C\Release\core.a(HardwareSerial.cpp.o)
                0x080077c6                HardwareSerial::write(unsigned char)
 .text._ZN14HardwareSerialC2EP9usart_devhh
                0x080077e4       0x1c C:\Users\postt\AppData\Local\Temp\VMBuilds\AgvStation_oop\stm32duino_genericSTM32F103C\Release\core.a(HardwareSerial.cpp.o)
                0x080077e4                HardwareSerial::HardwareSerial(usart_dev*, unsigned char, unsigned char)
                0x080077e4                HardwareSerial::HardwareSerial(usart_dev*, unsigned char, unsigned char)
 .text._ZN14HardwareSerial5beginEmh
                0x08007800       0x78 C:\Users\postt\AppData\Local\Temp\VMBuilds\AgvStation_oop\stm32duino_genericSTM32F103C\Release\core.a(HardwareSerial.cpp.o)
                0x08007800                HardwareSerial::begin(unsigned long, unsigned char)
 .text._ZN14HardwareSerial5beginEm
                0x08007878        0x6 C:\Users\postt\AppData\Local\Temp\VMBuilds\AgvStation_oop\stm32duino_genericSTM32F103C\Release\core.a(HardwareSerial.cpp.o)
                0x08007878                HardwareSerial::begin(unsigned long)
 .text.startup._Z7premainv
                0x0800787e        0x4 C:\Users\postt\AppData\Local\Temp\VMBuilds\AgvStation_oop\stm32duino_genericSTM32F103C\Release\core.a(main.cpp.o)
                0x0800787e                premain()
 .text.startup.main
                0x08007882        0xc C:\Users\postt\AppData\Local\Temp\VMBuilds\AgvStation_oop\stm32duino_genericSTM32F103C\Release\core.a(main.cpp.o)
                0x08007882                main
 .text._ZN5Print5writeEPKvm
                0x0800788e       0x20 C:\Users\postt\AppData\Local\Temp\VMBuilds\AgvStation_oop\stm32duino_genericSTM32F103C\Release\core.a(Print.cpp.o)
                0x0800788e                Print::write(void const*, unsigned long)
 .text._ZN5Print5writeEPKc
                0x080078ae       0x1e C:\Users\postt\AppData\Local\Temp\VMBuilds\AgvStation_oop\stm32duino_genericSTM32F103C\Release\core.a(Print.cpp.o)
                0x080078ae                Print::write(char const*)
 .text._ZN5Print5printERK6String
                0x080078cc       0x10 C:\Users\postt\AppData\Local\Temp\VMBuilds\AgvStation_oop\stm32duino_genericSTM32F103C\Release\core.a(Print.cpp.o)
                0x080078cc                Print::print(String const&)
 .text._ZN5Print5printEc
                0x080078dc        0xa C:\Users\postt\AppData\Local\Temp\VMBuilds\AgvStation_oop\stm32duino_genericSTM32F103C\Release\core.a(Print.cpp.o)
                0x080078dc                Print::print(char)
 .text._ZN5Print5printEPKc
                0x080078e6        0xa C:\Users\postt\AppData\Local\Temp\VMBuilds\AgvStation_oop\stm32duino_genericSTM32F103C\Release\core.a(Print.cpp.o)
                0x080078e6                Print::print(char const*)
 .text._ZN5Print7printlnEv
                0x080078f0       0x18 C:\Users\postt\AppData\Local\Temp\VMBuilds\AgvStation_oop\stm32duino_genericSTM32F103C\Release\core.a(Print.cpp.o)
                0x080078f0                Print::println()
 .text._ZN5Print7printlnERK6String
                0x08007908       0x14 C:\Users\postt\AppData\Local\Temp\VMBuilds\AgvStation_oop\stm32duino_genericSTM32F103C\Release\core.a(Print.cpp.o)
                0x08007908                Print::println(String const&)
 .text._ZN5Print7printlnEPKc
                0x0800791c       0x14 C:\Users\postt\AppData\Local\Temp\VMBuilds\AgvStation_oop\stm32duino_genericSTM32F103C\Release\core.a(Print.cpp.o)
                0x0800791c                Print::println(char const*)
 .text._ZN5Print11printNumberEyh
                0x08007930       0x84 C:\Users\postt\AppData\Local\Temp\VMBuilds\AgvStation_oop\stm32duino_genericSTM32F103C\Release\core.a(Print.cpp.o)
                0x08007930                Print::printNumber(unsigned long long, unsigned char)
 .text._ZN5Print5printExi
                0x080079b4       0x32 C:\Users\postt\AppData\Local\Temp\VMBuilds\AgvStation_oop\stm32duino_genericSTM32F103C\Release\core.a(Print.cpp.o)
                0x080079b4                Print::print(long long, int)
 .text._ZN5Print5printEii
                0x080079e6       0x12 C:\Users\postt\AppData\Local\Temp\VMBuilds\AgvStation_oop\stm32duino_genericSTM32F103C\Release\core.a(Print.cpp.o)
                0x080079e6                Print::print(int, int)
 .text._ZN9USBSerial9availableEv
                0x080079f8        0x4 C:\Users\postt\AppData\Local\Temp\VMBuilds\AgvStation_oop\stm32duino_genericSTM32F103C\Release\core.a(usb_serial.cpp.o)
                0x080079f8                USBSerial::available()
 .text._ZN9USBSerial4peekEv
                0x080079fc       0x1e C:\Users\postt\AppData\Local\Temp\VMBuilds\AgvStation_oop\stm32duino_genericSTM32F103C\Release\core.a(usb_serial.cpp.o)
                0x080079fc                USBSerial::peek()
 .text._ZN9USBSerial4readEv
                0x08007a1a       0x1e C:\Users\postt\AppData\Local\Temp\VMBuilds\AgvStation_oop\stm32duino_genericSTM32F103C\Release\core.a(usb_serial.cpp.o)
                0x08007a1a                USBSerial::read()
 .text._ZL14ifaceSetupHookjPv
                0x08007a38       0x38 C:\Users\postt\AppData\Local\Temp\VMBuilds\AgvStation_oop\stm32duino_genericSTM32F103C\Release\core.a(usb_serial.cpp.o)
 .text._ZL6rxHookjPv
                0x08007a70       0x6c C:\Users\postt\AppData\Local\Temp\VMBuilds\AgvStation_oop\stm32duino_genericSTM32F103C\Release\core.a(usb_serial.cpp.o)
 .text._ZN9USBSerialC2Ev
                0x08007adc       0x14 C:\Users\postt\AppData\Local\Temp\VMBuilds\AgvStation_oop\stm32duino_genericSTM32F103C\Release\core.a(usb_serial.cpp.o)
                0x08007adc                USBSerial::USBSerial()
                0x08007adc                USBSerial::USBSerial()
 .text._ZN9USBSerial5beginEv
                0x08007af0       0x34 C:\Users\postt\AppData\Local\Temp\VMBuilds\AgvStation_oop\stm32duino_genericSTM32F103C\Release\core.a(usb_serial.cpp.o)
                0x08007af0                USBSerial::begin()
 .text._ZN9USBSerial5beginEm
                0x08007b24       0x10 C:\Users\postt\AppData\Local\Temp\VMBuilds\AgvStation_oop\stm32duino_genericSTM32F103C\Release\core.a(usb_serial.cpp.o)
                0x08007b24                USBSerial::begin(unsigned long)
 .text._ZN9USBSerial5writeEPKhm
                0x08007b34       0x4c C:\Users\postt\AppData\Local\Temp\VMBuilds\AgvStation_oop\stm32duino_genericSTM32F103C\Release\core.a(usb_serial.cpp.o)
                0x08007b34                USBSerial::write(unsigned char const*, unsigned long)
 .text._ZN9USBSerial5writeEh
                0x08007b80       0x16 C:\Users\postt\AppData\Local\Temp\VMBuilds\AgvStation_oop\stm32duino_genericSTM32F103C\Release\core.a(usb_serial.cpp.o)
                0x08007b80                USBSerial::write(unsigned char)
 .text._ZN9USBSerial5writeEPKc
                0x08007b96       0x1a C:\Users\postt\AppData\Local\Temp\VMBuilds\AgvStation_oop\stm32duino_genericSTM32F103C\Release\core.a(usb_serial.cpp.o)
                0x08007b96                USBSerial::write(char const*)
 .text._ZN9USBSerial4readEPhm
                0x08007bb0       0x1c C:\Users\postt\AppData\Local\Temp\VMBuilds\AgvStation_oop\stm32duino_genericSTM32F103C\Release\core.a(usb_serial.cpp.o)
                0x08007bb0                USBSerial::read(unsigned char*, unsigned long)
 .text._ZN9USBSerial5flushEv
                0x08007bcc       0x1c C:\Users\postt\AppData\Local\Temp\VMBuilds\AgvStation_oop\stm32duino_genericSTM32F103C\Release\core.a(usb_serial.cpp.o)
                0x08007bcc                USBSerial::flush()
 .text.startup._GLOBAL__sub_I__ZN9USBSerial9_hasBegunE
                0x08007be8        0xc C:\Users\postt\AppData\Local\Temp\VMBuilds\AgvStation_oop\stm32duino_genericSTM32F103C\Release\core.a(usb_serial.cpp.o)
 .text._Z11digitalReadh
                0x08007bf4       0x2c C:\Users\postt\AppData\Local\Temp\VMBuilds\AgvStation_oop\stm32duino_genericSTM32F103C\Release\core.a(wirish_digital.cpp.o)
                0x08007bf4                digitalRead(unsigned char)
 .text._Z12digitalWritehh
                0x08007c20       0x2c C:\Users\postt\AppData\Local\Temp\VMBuilds\AgvStation_oop\stm32duino_genericSTM32F103C\Release\core.a(wirish_digital.cpp.o)
                0x08007c20                digitalWrite(unsigned char, unsigned char)
 .text._ZL6microsv
                0x08007c4c       0x34 C:\Users\postt\AppData\Local\Temp\VMBuilds\AgvStation_oop\stm32duino_genericSTM32F103C\Release\core.a(wirish_time.cpp.o)
 .text._Z5delaym
                0x08007c80       0x2a C:\Users\postt\AppData\Local\Temp\VMBuilds\AgvStation_oop\stm32duino_genericSTM32F103C\Release\core.a(wirish_time.cpp.o)
                0x08007c80                delay(unsigned long)
 .text._ZNK6String14StringIfHelperEv
                0x08007caa        0x2 C:\Users\postt\AppData\Local\Temp\VMBuilds\AgvStation_oop\stm32duino_genericSTM32F103C\Release\core.a(WString.cpp.o)
                0x08007caa                String::StringIfHelper() const
 .text._ZN6StringD2Ev
                0x08007cac        0xe C:\Users\postt\AppData\Local\Temp\VMBuilds\AgvStation_oop\stm32duino_genericSTM32F103C\Release\core.a(WString.cpp.o)
                0x08007cac                String::~String()
                0x08007cac                String::~String()
 .text._ZN6String10invalidateEv
                0x08007cba       0x16 C:\Users\postt\AppData\Local\Temp\VMBuilds\AgvStation_oop\stm32duino_genericSTM32F103C\Release\core.a(WString.cpp.o)
                0x08007cba                String::invalidate()
 .text._ZN6String12changeBufferEj
                0x08007cd0       0x18 C:\Users\postt\AppData\Local\Temp\VMBuilds\AgvStation_oop\stm32duino_genericSTM32F103C\Release\core.a(WString.cpp.o)
                0x08007cd0                String::changeBuffer(unsigned int)
 .text._ZN6String7reserveEj
                0x08007ce8       0x22 C:\Users\postt\AppData\Local\Temp\VMBuilds\AgvStation_oop\stm32duino_genericSTM32F103C\Release\core.a(WString.cpp.o)
                0x08007ce8                String::reserve(unsigned int)
 .text._ZN6String4copyEPKcj
                0x08007d0a       0x26 C:\Users\postt\AppData\Local\Temp\VMBuilds\AgvStation_oop\stm32duino_genericSTM32F103C\Release\core.a(WString.cpp.o)
                0x08007d0a                String::copy(char const*, unsigned int)
 .text._ZN6StringC2EPKc
                0x08007d30       0x24 C:\Users\postt\AppData\Local\Temp\VMBuilds\AgvStation_oop\stm32duino_genericSTM32F103C\Release\core.a(WString.cpp.o)
                0x08007d30                String::String(char const*)
                0x08007d30                String::String(char const*)
 .text._ZN6String4moveERS_
                0x08007d54       0x44 C:\Users\postt\AppData\Local\Temp\VMBuilds\AgvStation_oop\stm32duino_genericSTM32F103C\Release\core.a(WString.cpp.o)
                0x08007d54                String::move(String&)
 .text._ZN6StringaSERKS_
                0x08007d98       0x1e C:\Users\postt\AppData\Local\Temp\VMBuilds\AgvStation_oop\stm32duino_genericSTM32F103C\Release\core.a(WString.cpp.o)
                0x08007d98                String::operator=(String const&)
 .text._ZN6StringC2ERKS_
                0x08007db6       0x14 C:\Users\postt\AppData\Local\Temp\VMBuilds\AgvStation_oop\stm32duino_genericSTM32F103C\Release\core.a(WString.cpp.o)
                0x08007db6                String::String(String const&)
                0x08007db6                String::String(String const&)
 .text._ZN6StringaSEOS_
                0x08007dca       0x10 C:\Users\postt\AppData\Local\Temp\VMBuilds\AgvStation_oop\stm32duino_genericSTM32F103C\Release\core.a(WString.cpp.o)
                0x08007dca                String::operator=(String&&)
 .text._ZN6StringaSEPKc
                0x08007dda       0x22 C:\Users\postt\AppData\Local\Temp\VMBuilds\AgvStation_oop\stm32duino_genericSTM32F103C\Release\core.a(WString.cpp.o)
                0x08007dda                String::operator=(char const*)
 .text._ZN6StringC2Ehh
                0x08007dfc       0x22 C:\Users\postt\AppData\Local\Temp\VMBuilds\AgvStation_oop\stm32duino_genericSTM32F103C\Release\core.a(WString.cpp.o)
                0x08007dfc                String::String(unsigned char, unsigned char)
                0x08007dfc                String::String(unsigned char, unsigned char)
 .text._ZN6StringC2Eih
                0x08007e1e       0x24 C:\Users\postt\AppData\Local\Temp\VMBuilds\AgvStation_oop\stm32duino_genericSTM32F103C\Release\core.a(WString.cpp.o)
                0x08007e1e                String::String(int, unsigned char)
                0x08007e1e                String::String(int, unsigned char)
 .text._ZN6String6concatEPKcj
                0x08007e42       0x2e C:\Users\postt\AppData\Local\Temp\VMBuilds\AgvStation_oop\stm32duino_genericSTM32F103C\Release\core.a(WString.cpp.o)
                0x08007e42                String::concat(char const*, unsigned int)
 .text._ZN6String6concatEc
                0x08007e70       0x1a C:\Users\postt\AppData\Local\Temp\VMBuilds\AgvStation_oop\stm32duino_genericSTM32F103C\Release\core.a(WString.cpp.o)
                0x08007e70                String::concat(char)
 .text._ZplRK15StringSumHelperRK6String
                0x08007e8a       0x1a C:\Users\postt\AppData\Local\Temp\VMBuilds\AgvStation_oop\stm32duino_genericSTM32F103C\Release\core.a(WString.cpp.o)
                0x08007e8a                operator+(StringSumHelper const&, String const&)
 .text._ZplRK15StringSumHelperPKc
                0x08007ea4       0x24 C:\Users\postt\AppData\Local\Temp\VMBuilds\AgvStation_oop\stm32duino_genericSTM32F103C\Release\core.a(WString.cpp.o)
                0x08007ea4                operator+(StringSumHelper const&, char const*)
 .text._ZplRK15StringSumHelperc
                0x08007ec8       0x14 C:\Users\postt\AppData\Local\Temp\VMBuilds\AgvStation_oop\stm32duino_genericSTM32F103C\Release\core.a(WString.cpp.o)
                0x08007ec8                operator+(StringSumHelper const&, char)
 .text._ZNK6String9compareToERKS_
                0x08007edc       0x2c C:\Users\postt\AppData\Local\Temp\VMBuilds\AgvStation_oop\stm32duino_genericSTM32F103C\Release\core.a(WString.cpp.o)
                0x08007edc                String::compareTo(String const&) const
 .text._ZNK6String6equalsERKS_
                0x08007f08       0x1c C:\Users\postt\AppData\Local\Temp\VMBuilds\AgvStation_oop\stm32duino_genericSTM32F103C\Release\core.a(WString.cpp.o)
                0x08007f08                String::equals(String const&) const
 .text._ZNK6String6equalsEPKc
                0x08007f24       0x26 C:\Users\postt\AppData\Local\Temp\VMBuilds\AgvStation_oop\stm32duino_genericSTM32F103C\Release\core.a(WString.cpp.o)
                0x08007f24                String::equals(char const*) const
 *fill*         0x08007f4a        0x2 
 .text._ZN6StringixEj
                0x08007f4c       0x1c C:\Users\postt\AppData\Local\Temp\VMBuilds\AgvStation_oop\stm32duino_genericSTM32F103C\Release\core.a(WString.cpp.o)
                0x08007f4c                String::operator[](unsigned int)
 .text._ZNK6String9substringEjj
                0x08007f68       0x4c C:\Users\postt\AppData\Local\Temp\VMBuilds\AgvStation_oop\stm32duino_genericSTM32F103C\Release\core.a(WString.cpp.o)
                0x08007f68                String::substring(unsigned int, unsigned int) const
 .text._ZN6String4trimEv
                0x08007fb4       0x54 C:\Users\postt\AppData\Local\Temp\VMBuilds\AgvStation_oop\stm32duino_genericSTM32F103C\Release\core.a(WString.cpp.o)
                0x08007fb4                String::trim()
 .text._Z17disableDebugPortsv
                0x08008008       0x14 C:\Users\postt\AppData\Local\Temp\VMBuilds\AgvStation_oop\stm32duino_genericSTM32F103C\Release\core.a(wirish_debug.cpp.o)
                0x08008008                disableDebugPorts()
 .text._Z7pinModeh13WiringPinMode
                0x0800801c       0x84 C:\Users\postt\AppData\Local\Temp\VMBuilds\AgvStation_oop\stm32duino_genericSTM32F103C\Release\core.a(wirish_digital_f1.cpp.o)
                0x0800801c                pinMode(unsigned char, WiringPinMode)
 .text.__empty  0x080080a0        0x2 C:\Users\postt\AppData\Local\Temp\VMBuilds\AgvStation_oop\stm32duino_genericSTM32F103C\Release\core.a(hooks.c.o)
                0x080080a0                yield
 .text.ltoa     0x080080a2       0x6e C:\Users\postt\AppData\Local\Temp\VMBuilds\AgvStation_oop\stm32duino_genericSTM32F103C\Release\core.a(itoa.c.o)
                0x080080a2                ltoa
 .text.itoa     0x08008110        0x4 C:\Users\postt\AppData\Local\Temp\VMBuilds\AgvStation_oop\stm32duino_genericSTM32F103C\Release\core.a(itoa.c.o)
                0x08008110                itoa
 .text.ultoa    0x08008114       0x52 C:\Users\postt\AppData\Local\Temp\VMBuilds\AgvStation_oop\stm32duino_genericSTM32F103C\Release\core.a(itoa.c.o)
                0x08008114                ultoa
 .text.utoa     0x08008166        0x4 C:\Users\postt\AppData\Local\Temp\VMBuilds\AgvStation_oop\stm32duino_genericSTM32F103C\Release\core.a(itoa.c.o)
                0x08008166                utoa
 .text.bkp_init
                0x0800816a       0x18 C:\Users\postt\AppData\Local\Temp\VMBuilds\AgvStation_oop\stm32duino_genericSTM32F103C\Release\core.a(bkp_f1.c.o)
                0x0800816a                bkp_init
 *fill*         0x08008182        0x2 
 .text.bkp_enable_writes
                0x08008184        0xc C:\Users\postt\AppData\Local\Temp\VMBuilds\AgvStation_oop\stm32duino_genericSTM32F103C\Release\core.a(bkp_f1.c.o)
                0x08008184                bkp_enable_writes
 .text.bkp_disable_writes
                0x08008190        0xc C:\Users\postt\AppData\Local\Temp\VMBuilds\AgvStation_oop\stm32duino_genericSTM32F103C\Release\core.a(bkp_f1.c.o)
                0x08008190                bkp_disable_writes
 .text.bkp_write
                0x0800819c       0x16 C:\Users\postt\AppData\Local\Temp\VMBuilds\AgvStation_oop\stm32duino_genericSTM32F103C\Release\core.a(bkp_f1.c.o)
                0x0800819c                bkp_write
 .text.gpio_init
                0x080081b2       0x14 C:\Users\postt\AppData\Local\Temp\VMBuilds\AgvStation_oop\stm32duino_genericSTM32F103C\Release\core.a(gpio.c.o)
                0x080081b2                gpio_init
 *fill*         0x080081c6        0x2 
 .text.usart_init
                0x080081c8       0x4c C:\Users\postt\AppData\Local\Temp\VMBuilds\AgvStation_oop\stm32duino_genericSTM32F103C\Release\core.a(usart.c.o)
                0x080081c8                usart_init
 .text.usart_enable
                0x08008214       0x14 C:\Users\postt\AppData\Local\Temp\VMBuilds\AgvStation_oop\stm32duino_genericSTM32F103C\Release\core.a(usart.c.o)
                0x08008214                usart_enable
 .text.usart_tx
                0x08008228       0x9c C:\Users\postt\AppData\Local\Temp\VMBuilds\AgvStation_oop\stm32duino_genericSTM32F103C\Release\core.a(usart.c.o)
                0x08008228                usart_tx
 .text          0x080082c4       0x2c c:/users/postt/appdata/local/arduino15/packages/arduino/tools/arm-none-eabi-gcc/4.8.3-2014q1/bin/../lib/gcc/arm-none-eabi/4.8.3/armv7-m\libgcc.a(_aeabi_uldivmod.o)
                0x080082c4                __aeabi_uldivmod
 .text          0x080082f0       0x60 c:/users/postt/appdata/local/arduino15/packages/arduino/tools/arm-none-eabi-gcc/4.8.3-2014q1/bin/../lib/gcc/arm-none-eabi/4.8.3/armv7-m\libgcc.a(bpabi.o)
                0x080082f0                __gnu_ldivmod_helper
                0x08008320                __gnu_uldivmod_helper
 .text          0x08008350        0x4 c:/users/postt/appdata/local/arduino15/packages/arduino/tools/arm-none-eabi-gcc/4.8.3-2014q1/bin/../lib/gcc/arm-none-eabi/4.8.3/armv7-m\libgcc.a(_dvmd_tls.o)
                0x08008350                __aeabi_idiv0
                0x08008350                __aeabi_ldiv0
 .text          0x08008354      0x2a0 c:/users/postt/appdata/local/arduino15/packages/arduino/tools/arm-none-eabi-gcc/4.8.3-2014q1/bin/../lib/gcc/arm-none-eabi/4.8.3/armv7-m\libgcc.a(_divdi3.o)
                0x08008354                __divdi3
 .text          0x080085f4      0x290 c:/users/postt/appdata/local/arduino15/packages/arduino/tools/arm-none-eabi-gcc/4.8.3-2014q1/bin/../lib/gcc/arm-none-eabi/4.8.3/armv7-m\libgcc.a(_udivdi3.o)
                0x080085f4                __udivdi3
 .text.__errno  0x08008884        0xc c:/users/postt/appdata/local/arduino15/packages/arduino/tools/arm-none-eabi-gcc/4.8.3-2014q1/bin/../lib/gcc/arm-none-eabi/4.8.3/../../../../arm-none-eabi/lib/armv7-m\libc.a(lib_a-errno.o)
                0x08008884                __errno
 .text.__libc_init_array
                0x08008890       0x50 c:/users/postt/appdata/local/arduino15/packages/arduino/tools/arm-none-eabi-gcc/4.8.3-2014q1/bin/../lib/gcc/arm-none-eabi/4.8.3/../../../../arm-none-eabi/lib/armv7-m\libc.a(lib_a-init.o)
                0x08008890                __libc_init_array
 .text.isspace  0x080088e0       0x14 c:/users/postt/appdata/local/arduino15/packages/arduino/tools/arm-none-eabi-gcc/4.8.3-2014q1/bin/../lib/gcc/arm-none-eabi/4.8.3/../../../../arm-none-eabi/lib/armv7-m\libc.a(lib_a-isspace.o)
                0x080088e0                isspace
 .text.malloc   0x080088f4       0x10 c:/users/postt/appdata/local/arduino15/packages/arduino/tools/arm-none-eabi-gcc/4.8.3-2014q1/bin/../lib/gcc/arm-none-eabi/4.8.3/../../../../arm-none-eabi/lib/armv7-m\libc.a(lib_a-malloc.o)
                0x080088f4                malloc
 .text.free     0x08008904       0x10 c:/users/postt/appdata/local/arduino15/packages/arduino/tools/arm-none-eabi-gcc/4.8.3-2014q1/bin/../lib/gcc/arm-none-eabi/4.8.3/../../../../arm-none-eabi/lib/armv7-m\libc.a(lib_a-malloc.o)
                0x08008904                free
 .text._malloc_r
                0x08008914      0x538 c:/users/postt/appdata/local/arduino15/packages/arduino/tools/arm-none-eabi-gcc/4.8.3-2014q1/bin/../lib/gcc/arm-none-eabi/4.8.3/../../../../arm-none-eabi/lib/armv7-m\libc.a(lib_a-mallocr.o)
                0x08008914                _malloc_r
 .text          0x08008e4c       0xec c:/users/postt/appdata/local/arduino15/packages/arduino/tools/arm-none-eabi-gcc/4.8.3-2014q1/bin/../lib/gcc/arm-none-eabi/4.8.3/../../../../arm-none-eabi/lib/armv7-m\libc.a(lib_a-memcpy.o)
                0x08008e4c                memcpy
 .text.memmove  0x08008f38       0xcc c:/users/postt/appdata/local/arduino15/packages/arduino/tools/arm-none-eabi-gcc/4.8.3-2014q1/bin/../lib/gcc/arm-none-eabi/4.8.3/../../../../arm-none-eabi/lib/armv7-m\libc.a(lib_a-memmove.o)
                0x08008f38                memmove
 .text.memset   0x08009004       0x94 c:/users/postt/appdata/local/arduino15/packages/arduino/tools/arm-none-eabi-gcc/4.8.3-2014q1/bin/../lib/gcc/arm-none-eabi/4.8.3/../../../../arm-none-eabi/lib/armv7-m\libc.a(lib_a-memset.o)
                0x08009004                memset
 .text.__malloc_lock
                0x08009098        0x4 c:/users/postt/appdata/local/arduino15/packages/arduino/tools/arm-none-eabi-gcc/4.8.3-2014q1/bin/../lib/gcc/arm-none-eabi/4.8.3/../../../../arm-none-eabi/lib/armv7-m\libc.a(lib_a-mlock.o)
                0x08009098                __malloc_lock
 .text.__malloc_unlock
                0x0800909c        0x4 c:/users/postt/appdata/local/arduino15/packages/arduino/tools/arm-none-eabi-gcc/4.8.3-2014q1/bin/../lib/gcc/arm-none-eabi/4.8.3/../../../../arm-none-eabi/lib/armv7-m\libc.a(lib_a-mlock.o)
                0x0800909c                __malloc_unlock
 .text.realloc  0x080090a0       0x10 c:/users/postt/appdata/local/arduino15/packages/arduino/tools/arm-none-eabi-gcc/4.8.3-2014q1/bin/../lib/gcc/arm-none-eabi/4.8.3/../../../../arm-none-eabi/lib/armv7-m\libc.a(lib_a-realloc.o)
                0x080090a0                realloc
 .text._realloc_r
                0x080090b0      0x3c0 c:/users/postt/appdata/local/arduino15/packages/arduino/tools/arm-none-eabi-gcc/4.8.3-2014q1/bin/../lib/gcc/arm-none-eabi/4.8.3/../../../../arm-none-eabi/lib/armv7-m\libc.a(lib_a-reallocr.o)
                0x080090b0                _realloc_r
 .text._sbrk_r  0x08009470       0x24 c:/users/postt/appdata/local/arduino15/packages/arduino/tools/arm-none-eabi-gcc/4.8.3-2014q1/bin/../lib/gcc/arm-none-eabi/4.8.3/../../../../arm-none-eabi/lib/armv7-m\libc.a(lib_a-sbrkr.o)
                0x08009470                _sbrk_r
 .text          0x08009494      0x23c c:/users/postt/appdata/local/arduino15/packages/arduino/tools/arm-none-eabi-gcc/4.8.3-2014q1/bin/../lib/gcc/arm-none-eabi/4.8.3/../../../../arm-none-eabi/lib/armv7-m\libc.a(lib_a-strcmp.o)
                0x08009494                strcmp
 .text.strcpy   0x080096d0       0xbc c:/users/postt/appdata/local/arduino15/packages/arduino/tools/arm-none-eabi-gcc/4.8.3-2014q1/bin/../lib/gcc/arm-none-eabi/4.8.3/../../../../arm-none-eabi/lib/armv7-m\libc.a(lib_a-strcpy.o)
                0x080096d0                strcpy
 .text.strlen   0x0800978c       0x60 c:/users/postt/appdata/local/arduino15/packages/arduino/tools/arm-none-eabi-gcc/4.8.3-2014q1/bin/../lib/gcc/arm-none-eabi/4.8.3/../../../../arm-none-eabi/lib/armv7-m\libc.a(lib_a-strlen.o)
                0x0800978c                strlen
 .text.startup.register_fini
                0x080097ec       0x14 c:/users/postt/appdata/local/arduino15/packages/arduino/tools/arm-none-eabi-gcc/4.8.3-2014q1/bin/../lib/gcc/arm-none-eabi/4.8.3/../../../../arm-none-eabi/lib/armv7-m\libc.a(lib_a-__call_atexit.o)
 .text.atexit   0x08009800        0xc c:/users/postt/appdata/local/arduino15/packages/arduino/tools/arm-none-eabi-gcc/4.8.3-2014q1/bin/../lib/gcc/arm-none-eabi/4.8.3/../../../../arm-none-eabi/lib/armv7-m\libc.a(lib_a-atexit.o)
                0x08009800                atexit
 .text.__libc_fini_array
                0x0800980c       0x30 c:/users/postt/appdata/local/arduino15/packages/arduino/tools/arm-none-eabi-gcc/4.8.3-2014q1/bin/../lib/gcc/arm-none-eabi/4.8.3/../../../../arm-none-eabi/lib/armv7-m\libc.a(lib_a-fini.o)
                0x0800980c                __libc_fini_array
 .text._malloc_trim_r
                0x0800983c       0x9c c:/users/postt/appdata/local/arduino15/packages/arduino/tools/arm-none-eabi-gcc/4.8.3-2014q1/bin/../lib/gcc/arm-none-eabi/4.8.3/../../../../arm-none-eabi/lib/armv7-m\libc.a(lib_a-freer.o)
                0x0800983c                _malloc_trim_r
 .text._free_r  0x080098d8      0x198 c:/users/postt/appdata/local/arduino15/packages/arduino/tools/arm-none-eabi-gcc/4.8.3-2014q1/bin/../lib/gcc/arm-none-eabi/4.8.3/../../../../arm-none-eabi/lib/armv7-m\libc.a(lib_a-freer.o)
                0x080098d8                _free_r
 .text.__register_exitproc
                0x08009a70       0xa8 c:/users/postt/appdata/local/arduino15/packages/arduino/tools/arm-none-eabi-gcc/4.8.3-2014q1/bin/../lib/gcc/arm-none-eabi/4.8.3/../../../../arm-none-eabi/lib/armv7-m\libc.a(lib_a-__atexit.o)
                0x08009a70                __register_exitproc
 *(.plt)
 *(.gnu.warning)
 *(.glue_7t)
 .glue_7t       0x00000000        0x0 linker stubs
 *(.glue_7)
 .glue_7        0x00000000        0x0 linker stubs
 *(.vfp11_veneer)
 .vfp11_veneer  0x00000000        0x0 linker stubs
 *(.ARM.extab* .gnu.linkonce.armextab.*)
 *(.gcc_except_table)
 *(.eh_frame_hdr)
 *(.eh_frame)
 .eh_frame      0x08009b18        0x0 c:/users/postt/appdata/local/arduino15/packages/arduino/tools/arm-none-eabi-gcc/4.8.3-2014q1/bin/../lib/gcc/arm-none-eabi/4.8.3/armv7-m/crtbegin.o
                0x08009b18                . = ALIGN (0x4)
 *(.init)
 .init          0x08009b18        0x4 c:/users/postt/appdata/local/arduino15/packages/arduino/tools/arm-none-eabi-gcc/4.8.3-2014q1/bin/../lib/gcc/arm-none-eabi/4.8.3/armv7-m/crti.o
                0x08009b18                _init
 .init          0x08009b1c        0x8 c:/users/postt/appdata/local/arduino15/packages/arduino/tools/arm-none-eabi-gcc/4.8.3-2014q1/bin/../lib/gcc/arm-none-eabi/4.8.3/armv7-m/crtn.o
                0x08009b24                . = ALIGN (0x4)
                0x08009b24                __preinit_array_start = .
 *(.preinit_array)
                0x08009b24                __preinit_array_end = .
                0x08009b24                . = ALIGN (0x4)
                0x08009b24                __init_array_start = .
 *(SORT(.init_array.*))
 .init_array.00000
                0x08009b24        0x4 c:/users/postt/appdata/local/arduino15/packages/arduino/tools/arm-none-eabi-gcc/4.8.3-2014q1/bin/../lib/gcc/arm-none-eabi/4.8.3/../../../../arm-none-eabi/lib/armv7-m\libc.a(lib_a-__call_atexit.o)
 .init_array.00101
                0x08009b28        0x4 C:\Users\postt\AppData\Local\Temp\VMBuilds\AgvStation_oop\stm32duino_genericSTM32F103C\Release\core.a(main.cpp.o)
 *(.init_array)
 .init_array    0x08009b2c        0x4 c:/users/postt/appdata/local/arduino15/packages/arduino/tools/arm-none-eabi-gcc/4.8.3-2014q1/bin/../lib/gcc/arm-none-eabi/4.8.3/armv7-m/crtbegin.o
 .init_array    0x08009b30        0x4 AgvStation_oop.cpp.o
 .init_array    0x08009b34        0x4 SPI\SPI.cpp.o
 .init_array    0x08009b38        0x4 Wire\Wire.cpp.o
 .init_array    0x08009b3c        0x4 C:\Users\postt\AppData\Local\Temp\VMBCore\arduino16x\769c170a1256b09c2396d315c0434dd3\variant\board.cpp.o
 .init_array    0x08009b40        0x4 C:\Users\postt\AppData\Local\Temp\VMBuilds\AgvStation_oop\stm32duino_genericSTM32F103C\Release\core.a(usb_serial.cpp.o)
                0x08009b44                __init_array_end = .
                0x08009b44                . = ALIGN (0x4)
 *crtbegin.o(.ctors)
 *(EXCLUDE_FILE(*crtend.o) .ctors)
 *(SORT(.ctors.*))
 *crtend.o(.ctors)
                0x08009b44                . = ALIGN (0x4)
 *(.fini)
 .fini          0x08009b44        0x4 c:/users/postt/appdata/local/arduino15/packages/arduino/tools/arm-none-eabi-gcc/4.8.3-2014q1/bin/../lib/gcc/arm-none-eabi/4.8.3/armv7-m/crti.o
                0x08009b44                _fini
 .fini          0x08009b48        0x8 c:/users/postt/appdata/local/arduino15/packages/arduino/tools/arm-none-eabi-gcc/4.8.3-2014q1/bin/../lib/gcc/arm-none-eabi/4.8.3/armv7-m/crtn.o
                0x08009b50                . = ALIGN (0x4)
                0x08009b50                __fini_array_start = .
 *(.fini_array)
 .fini_array    0x08009b50        0x4 c:/users/postt/appdata/local/arduino15/packages/arduino/tools/arm-none-eabi-gcc/4.8.3-2014q1/bin/../lib/gcc/arm-none-eabi/4.8.3/armv7-m/crtbegin.o
 .fini_array    0x08009b54        0x4 AgvStation_oop.cpp.o
 .fini_array    0x08009b58        0x4 Wire\Wire.cpp.o
 *(SORT(.fini_array.*))
                0x08009b5c                __fini_array_end = .
 *crtbegin.o(.dtors)
 *(EXCLUDE_FILE(*crtend.o) .dtors)
 *(SORT(.dtors.*))
 *crtend.o(.dtors)

.v4_bx          0x08009b5c        0x0
 .v4_bx         0x00000000        0x0 linker stubs

.iplt           0x08009b5c        0x0
 .iplt          0x00000000        0x0 c:/users/postt/appdata/local/arduino15/packages/arduino/tools/arm-none-eabi-gcc/4.8.3-2014q1/bin/../lib/gcc/arm-none-eabi/4.8.3/armv7-m/crtbegin.o

.text.align     0x08009b5c        0x4
                0x08009b60                . = ALIGN (0x8)
 *fill*         0x08009b5c        0x4 
                0x08009b60                __text_end__ = .
                0x08009b60                __exidx_start = .

.ARM.exidx      0x08009b60        0x8
 *(.ARM.exidx* .gnu.linkonce.armexidx.*)
 .ARM.exidx     0x08009b60        0x8 C:\Users\postt\AppData\Local\Temp\VMBCore\arduino16x\769c170a1256b09c2396d315c0434dd3\variant\start.S.o
 .ARM.exidx     0x08009b68        0x0 c:/users/postt/appdata/local/arduino15/packages/arduino/tools/arm-none-eabi-gcc/4.8.3-2014q1/bin/../lib/gcc/arm-none-eabi/4.8.3/armv7-m\libgcc.a(_divdi3.o)
                                  0x8 (size before relaxing)
 .ARM.exidx     0x08009b68        0x0 c:/users/postt/appdata/local/arduino15/packages/arduino/tools/arm-none-eabi-gcc/4.8.3-2014q1/bin/../lib/gcc/arm-none-eabi/4.8.3/armv7-m\libgcc.a(_udivdi3.o)
                                  0x8 (size before relaxing)
                0x08009b68                __exidx_end = .

.data           0x20000000     0x10d0 load address 0x08009b68
                0x20000000                __data_start__ = .
                0x20000000        0x4 LONG 0x0
                0x20000008                . = ALIGN (0x8)
 *fill*         0x20000004        0x4 
 *(.got.plt)
 *(.got)
 *(.data .data.* .gnu.linkonce.d.*)
 .data._ZZN16Adafruit_SSD130621drawFastVLineInternalEssstE8postmask
                0x20000008        0x8 Adafruit_SSD1306\Adafruit_SSD1306_STM32.cpp.o
                0x20000008                Adafruit_SSD1306::drawFastVLineInternal(short, short, short, unsigned short)::postmask
 .data._ZZN16Adafruit_SSD130621drawFastVLineInternalEssstE7premask
                0x20000010        0x8 Adafruit_SSD1306\Adafruit_SSD1306_STM32.cpp.o
                0x20000010                Adafruit_SSD1306::drawFastVLineInternal(short, short, short, unsigned short)::premask
 .data._ZL6buffer
                0x20000018      0x400 Adafruit_SSD1306\Adafruit_SSD1306_STM32.cpp.o
 .data._ZN6wirish4privL8pll_dataE
                0x20000418        0x4 C:\Users\postt\AppData\Local\Temp\VMBCore\arduino16x\769c170a1256b09c2396d315c0434dd3\variant\boards_setup.cpp.o
 .data._ZN6wirish4priv9w_adc_smpE
                0x2000041c        0x1 C:\Users\postt\AppData\Local\Temp\VMBCore\arduino16x\769c170a1256b09c2396d315c0434dd3\variant\boards_setup.cpp.o
                0x2000041c                wirish::priv::w_adc_smp
 *fill*         0x2000041d        0x1 
 .data._ZN6wirish4priv9w_adc_preE
                0x2000041e        0x2 C:\Users\postt\AppData\Local\Temp\VMBCore\arduino16x\769c170a1256b09c2396d315c0434dd3\variant\boards_setup.cpp.o
                0x2000041e                wirish::priv::w_adc_pre
 .data._ZN6wirish4priv15w_board_pll_cfgE
                0x20000420        0x8 C:\Users\postt\AppData\Local\Temp\VMBCore\arduino16x\769c170a1256b09c2396d315c0434dd3\variant\boards_setup.cpp.o
                0x20000420                wirish::priv::w_board_pll_cfg
 .data.adc2     0x20000428        0x8 C:\Users\postt\AppData\Local\Temp\VMBuilds\AgvStation_oop\stm32duino_genericSTM32F103C\Release\core.a(adc_f1.c.o)
                0x20000428                adc2
 .data.adc1     0x20000430       0x18 C:\Users\postt\AppData\Local\Temp\VMBuilds\AgvStation_oop\stm32duino_genericSTM32F103C\Release\core.a(adc_f1.c.o)
                0x20000430                adc1
 .data.ADC2     0x20000448        0x4 C:\Users\postt\AppData\Local\Temp\VMBuilds\AgvStation_oop\stm32duino_genericSTM32F103C\Release\core.a(adc_f1.c.o)
                0x20000448                ADC2
 .data.ADC1     0x2000044c        0x4 C:\Users\postt\AppData\Local\Temp\VMBuilds\AgvStation_oop\stm32duino_genericSTM32F103C\Release\core.a(adc_f1.c.o)
                0x2000044c                ADC1
 .data.dma1     0x20000450       0x40 C:\Users\postt\AppData\Local\Temp\VMBuilds\AgvStation_oop\stm32duino_genericSTM32F103C\Release\core.a(dma_f1.c.o)
 .data.DMA1     0x20000490        0x4 C:\Users\postt\AppData\Local\Temp\VMBuilds\AgvStation_oop\stm32duino_genericSTM32F103C\Release\core.a(dma_f1.c.o)
                0x20000490                DMA1
 .data.gpioa    0x20000494        0x8 C:\Users\postt\AppData\Local\Temp\VMBuilds\AgvStation_oop\stm32duino_genericSTM32F103C\Release\core.a(gpio_f1.c.o)
                0x20000494                gpioa
 .data.gpiob    0x2000049c        0x8 C:\Users\postt\AppData\Local\Temp\VMBuilds\AgvStation_oop\stm32duino_genericSTM32F103C\Release\core.a(gpio_f1.c.o)
                0x2000049c                gpiob